Component: ARM Compiler 5.06 update 6 (build 750) Tool: armlink [4d35ed]

==============================================================================

Section Cross References

    startup_stm32f407xx.o(RESET) refers to startup_stm32f407xx.o(STACK) for __initial_sp
    startup_stm32f407xx.o(RESET) refers to startup_stm32f407xx.o(.text) for Reset_Handler
    startup_stm32f407xx.o(RESET) refers to stm32f4xx_it.o(i.NMI_Handler) for NMI_Handler
    startup_stm32f407xx.o(RESET) refers to stm32f4xx_it.o(i.HardFault_Handler) for HardFault_Handler
    startup_stm32f407xx.o(RESET) refers to stm32f4xx_it.o(i.MemManage_Handler) for MemManage_Handler
    startup_stm32f407xx.o(RESET) refers to stm32f4xx_it.o(i.BusFault_Handler) for BusFault_Handler
    startup_stm32f407xx.o(RESET) refers to stm32f4xx_it.o(i.UsageFault_Handler) for UsageFault_Handler
    startup_stm32f407xx.o(RESET) refers to port.o(.emb_text) for SVC_Handler
    startup_stm32f407xx.o(RESET) refers to stm32f4xx_it.o(i.DebugMon_Handler) for DebugMon_Handler
    startup_stm32f407xx.o(RESET) refers to port.o(i.SysTick_Handler) for SysTick_Handler
    startup_stm32f407xx.o(RESET) refers to stm32f4xx_it.o(i.TIM1_UP_TIM10_IRQHandler) for TIM1_UP_TIM10_IRQHandler
    startup_stm32f407xx.o(RESET) refers to stm32f4xx_it.o(i.ETH_IRQHandler) for ETH_IRQHandler
    startup_stm32f407xx.o(.text) refers to system_stm32f4xx.o(i.SystemInit) for SystemInit
    startup_stm32f407xx.o(.text) refers to entry.o(.ARM.Collect$$$$00000000) for __main
    net.o(i.cmp_cookie_token) refers to strstr.o(.text) for strstr
    net.o(i.cmp_cookie_token) refers to heap_4.o(i.pvPortMalloc) for pvPortMalloc
    net.o(i.cmp_cookie_token) refers to strncpy.o(.text) for strncpy
    net.o(i.cmp_cookie_token) refers to strtok.o(.text) for strtok
    net.o(i.cmp_cookie_token) refers to strcmp.o(.text) for strcmp
    net.o(i.cmp_cookie_token) refers to heap_4.o(i.vPortFree) for vPortFree
    net.o(i.http_receive_handler) refers to queue.o(i.xQueueReceive) for xQueueReceive
    net.o(i.http_receive_handler) refers to api_lib.o(i.netconn_recv) for netconn_recv
    net.o(i.http_receive_handler) refers to netbuf.o(i.netbuf_data) for netbuf_data
    net.o(i.http_receive_handler) refers to net.o(i.cmp_cookie_token) for cmp_cookie_token
    net.o(i.http_receive_handler) refers to strncmp.o(.text) for strncmp
    net.o(i.http_receive_handler) refers to strncpy.o(.text) for strncpy
    net.o(i.http_receive_handler) refers to strtok.o(.text) for strtok
    net.o(i.http_receive_handler) refers to strcmp.o(.text) for strcmp
    net.o(i.http_receive_handler) refers to strcpy.o(.text) for strcpy
    net.o(i.http_receive_handler) refers to strstr.o(.text) for strstr
    net.o(i.http_receive_handler) refers to memseta.o(.text) for __aeabi_memclr4
    net.o(i.http_receive_handler) refers to strcat.o(.text) for strcat
    net.o(i.http_receive_handler) refers to strlen.o(.text) for strlen
    net.o(i.http_receive_handler) refers to api_lib.o(i.netconn_write_partly) for netconn_write_partly
    net.o(i.http_receive_handler) refers to cmsis_os.o(i.osDelay) for osDelay
    net.o(i.http_receive_handler) refers to api_lib.o(i.netconn_close) for netconn_close
    net.o(i.http_receive_handler) refers to netbuf.o(i.netbuf_delete) for netbuf_delete
    net.o(i.http_receive_handler) refers to api_lib.o(i.netconn_delete) for netconn_delete
    net.o(i.http_receive_handler) refers to net.o(.data) for .data
    net.o(i.net_create_filesystem) refers to heap_4.o(i.pvPortMalloc) for pvPortMalloc
    net.o(i.net_create_filesystem) refers to memmovea.o(.text) for __aeabi_memcpy
    net.o(i.net_http_server_thread) refers to api_lib.o(i.netconn_new_with_proto_and_callback) for netconn_new_with_proto_and_callback
    net.o(i.net_http_server_thread) refers to tasks.o(i.vTaskDelete) for vTaskDelete
    net.o(i.net_http_server_thread) refers to api_lib.o(i.netconn_bind) for netconn_bind
    net.o(i.net_http_server_thread) refers to queue.o(i.xQueueGenericCreate) for xQueueGenericCreate
    net.o(i.net_http_server_thread) refers to sys_arch.o(i.sys_thread_new) for sys_thread_new
    net.o(i.net_http_server_thread) refers to api_lib.o(i.netconn_listen_with_backlog) for netconn_listen_with_backlog
    net.o(i.net_http_server_thread) refers to api_lib.o(i.netconn_accept) for netconn_accept
    net.o(i.net_http_server_thread) refers to queue.o(i.xQueueGenericSend) for xQueueGenericSend
    net.o(i.net_http_server_thread) refers to api_lib.o(i.netconn_close) for netconn_close
    net.o(i.net_http_server_thread) refers to api_lib.o(i.netconn_delete) for netconn_delete
    net.o(i.net_http_server_thread) refers to net.o(.data) for .data
    net.o(i.net_http_server_thread) refers to net.o(i.http_receive_handler) for http_receive_handler
    net.o(i.net_http_server_thread) refers to net.o(i.ws_server_thread) for ws_server_thread
    net.o(i.net_http_server_thread) refers to net.o(.bss) for .bss
[...]
    pvPortMalloc                             0x0800ae25   Thumb Code   210  heap_4.o(i.pvPortMalloc)
    pvTaskIncrementMutexHeldCount            0x0800aefd   Thumb Code    18  tasks.o(i.pvTaskIncrementMutexHeldCount)
    pxPortInitialiseStack                    0x0800af15   Thumb Code    40  port.o(i.pxPortInitialiseStack)
    sys_arch_mbox_fetch                      0x0800b33d   Thumb Code    68  sys_arch.o(i.sys_arch_mbox_fetch)
    sys_arch_mbox_tryfetch                   0x0800b381   Thumb Code    34  sys_arch.o(i.sys_arch_mbox_tryfetch)
    sys_arch_protect                         0x0800b3a5   Thumb Code    18  sys_arch.o(i.sys_arch_protect)
    sys_arch_sem_wait                        0x0800b3bd   Thumb Code    56  sys_arch.o(i.sys_arch_sem_wait)
    sys_arch_unprotect                       0x0800b3f5   Thumb Code     8  sys_arch.o(i.sys_arch_unprotect)
    sys_check_timeouts                       0x0800b401   Thumb Code    62  timeouts.o(i.sys_check_timeouts)
    sys_init                                 0x0800b445   Thumb Code    14  sys_arch.o(i.sys_init)
    sys_mbox_free                            0x0800b45d   Thumb Code    20  sys_arch.o(i.sys_mbox_free)
    sys_mbox_new                             0x0800b471   Thumb Code    40  sys_arch.o(i.sys_mbox_new)
    sys_mbox_set_invalid                     0x0800b49d   Thumb Code     6  sys_arch.o(i.sys_mbox_set_invalid)
    sys_mbox_trypost                         0x0800b4a3   Thumb Code    20  sys_arch.o(i.sys_mbox_trypost)
    sys_mbox_valid                           0x0800b4b7   Thumb Code    10  sys_arch.o(i.sys_mbox_valid)
    sys_mutex_lock                           0x0800b4c1   Thumb Code    10  sys_arch.o(i.sys_mutex_lock)
    sys_mutex_new                            0x0800b4cb   Thumb Code    30  sys_arch.o(i.sys_mutex_new)
    sys_mutex_unlock                         0x0800b4e9   Thumb Code     6  sys_arch.o(i.sys_mutex_unlock)
    sys_now                                  0x0800b4ef   Thumb Code     4  ethernetif.o(i.sys_now)
    sys_sem_free                             0x0800b4f3   Thumb Code     6  sys_arch.o(i.sys_sem_free)
    sys_sem_new                              0x0800b4f9   Thumb Code    44  sys_arch.o(i.sys_sem_new)
    sys_sem_set_invalid                      0x0800b525   Thumb Code     6  sys_arch.o(i.sys_sem_set_invalid)
    sys_sem_signal                           0x0800b52b   Thumb Code     6  sys_arch.o(i.sys_sem_signal)
    sys_sem_valid                            0x0800b531   Thumb Code    10  sys_arch.o(i.sys_sem_valid)
    sys_thread_new                           0x0800b53b   Thumb Code    48  sys_arch.o(i.sys_thread_new)
    sys_timeout                              0x0800b56d   Thumb Code    46  timeouts.o(i.sys_timeout)
    sys_timeouts_init                        0x0800b729   Thumb Code    30  timeouts.o(i.sys_timeouts_init)
    sys_timeouts_sleeptime                   0x0800b751   Thumb Code    34  timeouts.o(i.sys_timeouts_sleeptime)
    tcp_abandon                              0x0800b779   Thumb Code   256  tcp.o(i.tcp_abandon)
    tcp_abort                                0x0800b925   Thumb Code     6  tcp.o(i.tcp_abort)
    tcp_accept                               0x0800b92b   Thumb Code    14  tcp.o(i.tcp_accept)
    tcp_alloc                                0x0800b9d1   Thumb Code   280  tcp.o(i.tcp_alloc)
    tcp_arg                                  0x0800baf5   Thumb Code     8  tcp.o(i.tcp_arg)
    tcp_bind                                 0x0800bafd   Thumb Code   168  tcp.o(i.tcp_bind)
    tcp_close                                0x0800bc49   Thumb Code    48  tcp.o(i.tcp_close)
    tcp_eff_send_mss_netif                   0x0800c109   Thumb Code    54  tcp.o(i.tcp_eff_send_mss_netif)
    tcp_enqueue_flags                        0x0800c1c1   Thumb Code   268  tcp_out.o(i.tcp_enqueue_flags)
    tcp_err                                  0x0800c3f5   Thumb Code    34  tcp.o(i.tcp_err)
    tcp_fasttmr                              0x0800c499   Thumb Code   102  tcp.o(i.tcp_fasttmr)
    tcp_free                                 0x0800c505   Thumb Code    34  tcp.o(i.tcp_free)
    tcp_free_ooseq                           0x0800c6d1   Thumb Code    20  tcp.o(i.tcp_free_ooseq)
    tcp_init                                 0x0800c70d   Thumb Code    20  tcp.o(i.tcp_init)
    tcp_input                                0x0800c725   Thumb Code  1584  tcp_in.o(i.tcp_input)
    tcp_keepalive                            0x0800ce49   Thumb Code    82  tcp_out.o(i.tcp_keepalive)
    tcp_listen_with_backlog_and_err          0x0800d1d9   Thumb Code   182  tcp.o(i.tcp_listen_with_backlog_and_err)
    tcp_netif_ip_addr_changed                0x0800d359   Thumb Code    70  tcp.o(i.tcp_netif_ip_addr_changed)
    tcp_new_ip_type                          0x0800d465   Thumb Code     6  tcp.o(i.tcp_new_ip_type)
    tcp_next_iss                             0x0800d4cd   Thumb Code    32  tcp.o(i.tcp_next_iss)
    tcp_output                               0x0800d671   Thumb Code   552  tcp_out.o(i.tcp_output)
    tcp_pcb_purge                            0x0800e1b5   Thumb Code    88  tcp.o(i.tcp_pcb_purge)
    tcp_pcb_remove                           0x0800e281   Thumb Code   174  tcp.o(i.tcp_pcb_remove)
    tcp_poll                                 0x0800e411   Thumb Code    58  tcp.o(i.tcp_poll)
    tcp_process_refused_data                 0x0800e9a1   Thumb Code   132  tcp.o(i.tcp_process_refused_data)
    tcp_recv                                 0x0800f3a9   Thumb Code    34  tcp.o(i.tcp_recv)
    tcp_recv_null                            0x0800f44d   Thumb Code    60  tcp.o(i.tcp_recv_null)
    tcp_recved                               0x0800f4fd   Thumb Code   104  tcp.o(i.tcp_recved)
    tcp_rexmit                               0x0800f655   Thumb Code   118  tcp_out.o(i.tcp_rexmit)
    tcp_rexmit_fast                          0x0800f741   Thumb Code   108  tcp_out.o(i.tcp_rexmit_fast)
    tcp_rexmit_rto                           0x0800f829   Thumb Code    42  tcp_out.o(i.tcp_rexmit_rto)
    tcp_rexmit_rto_commit                    0x0800f8cd   Thumb Code    44  tcp_out.o(i.tcp_rexmit_rto_commit)
    tcp_rexmit_rto_prepare                   0x0800f979   Thumb Code   118  tcp_out.o(i.tcp_rexmit_rto_prepare)
    tcp_rst                                  0x0800fa81   Thumb Code   128  tcp_out.o(i.tcp_rst)
    tcp_seg_copy                             0x0800fb95   Thumb Code    56  tcp.o(i.tcp_seg_copy)
    tcp_seg_free                             0x0800fc41   Thumb Code    28  tcp.o(i.tcp_seg_free)
    tcp_segs_free                            0x0800fc5d   Thumb Code    18  tcp.o(i.tcp_segs_free)
    tcp_send_empty_ack                       0x0800fc71   Thumb Code   110  tcp_out.o(i.tcp_send_empty_ack)
    tcp_send_fin                             0x0800fd5d   Thumb Code    84  tcp_out.o(i.tcp_send_fin)
    tcp_sent                                 0x0800fe29   Thumb Code    34  tcp.o(i.tcp_sent)
    tcp_shutdown                             0x0800fecd   Thumb Code   104  tcp.o(i.tcp_shutdown)
    tcp_slowtmr                              0x0800ffa9   Thumb Code  1360  tcp.o(i.tcp_slowtmr)
    tcp_split_unsent_seg                     0x08010579   Thumb Code   360  tcp_out.o(i.tcp_split_unsent_seg)
    tcp_timer_needed                         0x080107a5   Thumb Code    36  timeouts.o(i.tcp_timer_needed)
    tcp_tmr                                  0x080108d9   Thumb Code    28  tcp.o(i.tcp_tmr)
    tcp_trigger_input_pcb_close              0x080108f9   Thumb Code    12  tcp_in.o(i.tcp_trigger_input_pcb_close)
    tcp_update_rcv_ann_wnd                   0x08010909   Thumb Code    92  tcp.o(i.tcp_update_rcv_ann_wnd)
    tcp_write                                0x080109fd   Thumb Code  1688  tcp_out.o(i.tcp_write)
    tcp_zero_window_probe                    0x08011229   Thumb Code   190  tcp_out.o(i.tcp_zero_window_probe)
    tcpip_init                               0x08011369   Thumb Code    88  tcpip.o(i.tcpip_init)
    tcpip_inpkt                              0x08011479   Thumb Code    82  tcpip.o(i.tcpip_inpkt)
    tcpip_input                              0x08011539   Thumb Code    20  tcpip.o(i.tcpip_input)
    tcpip_send_msg_wait_sem                  0x08011555   Thumb Code    26  tcpip.o(i.tcpip_send_msg_wait_sem)
    tcpip_try_callback                       0x08011771   Thumb Code    78  tcpip.o(i.tcpip_try_callback)
    thread_MainTask                          0x0801182d   Thumb Code   126  freertos.o(i.thread_MainTask)
    thread_SecondTask                        0x080118cd   Thumb Code     8  freertos.o(i.thread_SecondTask)
    udp_bind                                 0x080118d5   Thumb Code   186  udp.o(i.udp_bind)
    udp_init                                 0x08011a09   Thumb Code    20  udp.o(i.udp_init)
    udp_input                                0x08011a21   Thumb Code   310  udp.o(i.udp_input)
    udp_netif_ip_addr_changed                0x08011d15   Thumb Code    48  udp.o(i.udp_netif_ip_addr_changed)
    udp_new                                  0x08011d49   Thumb Code    26  udp.o(i.udp_new)
    udp_new_ip_type                          0x08011d63   Thumb Code     4  udp.o(i.udp_new_ip_type)
    udp_recv                                 0x08011d69   Thumb Code    22  udp.o(i.udp_recv)
    udp_remove                               0x08011df1   Thumb Code    58  udp.o(i.udp_remove)
    udp_sendto                               0x08011ea1   Thumb Code   106  udp.o(i.udp_sendto)
    udp_sendto_if                            0x08011fb5   Thumb Code   110  udp.o(i.udp_sendto_if)
    udp_sendto_if_src                        0x080120f5   Thumb Code   274  udp.o(i.udp_sendto_if_src)
    uxListRemove                             0x0801233d   Thumb Code    38  list.o(i.uxListRemove)
    uxQueueMessagesWaiting                   0x08012363   Thumb Code    36  queue.o(i.uxQueueMessagesWaiting)
    uxQueueMessagesWaitingFromISR            0x08012387   Thumb Code    22  queue.o(i.uxQueueMessagesWaitingFromISR)
    vApplicationGetIdleTaskMemory            0x0801239d   Thumb Code    16  freertos.o(i.vApplicationGetIdleTaskMemory)
    vListInitialise                          0x080123b1   Thumb Code    22  list.o(i.vListInitialise)
    vListInitialiseItem                      0x080123c7   Thumb Code     6  list.o(i.vListInitialiseItem)
    vListInsert                              0x080123cd   Thumb Code    48  list.o(i.vListInsert)
    vListInsertEnd                           0x080123fd   Thumb Code    24  list.o(i.vListInsertEnd)
    vPortEnterCritical                       0x08012415   Thumb Code    54  port.o(i.vPortEnterCritical)
    vPortExitCritical                        0x08012455   Thumb Code    34  port.o(i.vPortExitCritical)
    vPortFree                                0x0801247d   Thumb Code    88  heap_4.o(i.vPortFree)
    vPortSetupTimerInterrupt                 0x080124d9   Thumb Code    32  port.o(i.vPortSetupTimerInterrupt)
    vPortValidateInterruptPriority           0x080124fd   Thumb Code    74  port.o(i.vPortValidateInterruptPriority)
    vQueueDelete                             0x08012551   Thumb Code    46  queue.o(i.vQueueDelete)
    vQueueUnregisterQueue                    0x08012581   Thumb Code    36  queue.o(i.vQueueUnregisterQueue)
    vTaskDelay                               0x080125a9   Thumb Code    66  tasks.o(i.vTaskDelay)
    vTaskDelete                              0x080125f5   Thumb Code   158  tasks.o(i.vTaskDelete)
    vTaskInternalSetTimeOutState             0x080126a1   Thumb Code    12  tasks.o(i.vTaskInternalSetTimeOutState)
    vTaskMissedYield                         0x080126b1   Thumb Code     8  tasks.o(i.vTaskMissedYield)
    vTaskPlaceOnEventList                    0x080126bd   Thumb Code    44  tasks.o(i.vTaskPlaceOnEventList)
    vTaskPriorityDisinheritAfterTimeout      0x080126ed   Thumb Code   160  tasks.o(i.vTaskPriorityDisinheritAfterTimeout)
    vTaskStartScheduler                      0x08012795   Thumb Code    90  tasks.o(i.vTaskStartScheduler)
    vTaskSuspendAll                          0x08012801   Thumb Code    10  tasks.o(i.vTaskSuspendAll)
    vTaskSwitchContext                       0x08012811   Thumb Code    82  tasks.o(i.vTaskSwitchContext)
    xPortStartScheduler                      0x08012a85   Thumb Code   222  port.o(i.xPortStartScheduler)
    xQueueCreateCountingSemaphore            0x08012b79   Thumb Code    58  queue.o(i.xQueueCreateCountingSemaphore)
    xQueueCreateCountingSemaphoreStatic      0x08012bb3   Thumb Code    64  queue.o(i.xQueueCreateCountingSemaphoreStatic)
    xQueueCreateMutex                        0x08012bf3   Thumb Code    22  queue.o(i.xQueueCreateMutex)
    xQueueCreateMutexStatic                  0x08012c09   Thumb Code    26  queue.o(i.xQueueCreateMutexStatic)
    xQueueGenericCreate                      0x08012c23   Thumb Code    72  queue.o(i.xQueueGenericCreate)
    xQueueGenericCreateStatic                0x08012c6b   Thumb Code   102  queue.o(i.xQueueGenericCreateStatic)
    xQueueGenericReset                       0x08012cd1   Thumb Code   132  queue.o(i.xQueueGenericReset)
    xQueueGenericSend                        0x08012d59   Thumb Code   346  queue.o(i.xQueueGenericSend)
    xQueueGenericSendFromISR                 0x08012eb9   Thumb Code   188  queue.o(i.xQueueGenericSendFromISR)
    xQueueGiveFromISR                        0x08012f75   Thumb Code   156  queue.o(i.xQueueGiveFromISR)
    xQueueReceive                            0x08013011   Thumb Code   308  queue.o(i.xQueueReceive)
    xQueueReceiveFromISR                     0x08013149   Thumb Code   154  queue.o(i.xQueueReceiveFromISR)
    xQueueSemaphoreTake                      0x080131e5   Thumb Code   372  queue.o(i.xQueueSemaphoreTake)
    xTaskCheckForTimeOut                     0x0801335d   Thumb Code   112  tasks.o(i.xTaskCheckForTimeOut)
    xTaskCreate                              0x080133d1   Thumb Code    90  tasks.o(i.xTaskCreate)
    xTaskCreateStatic                        0x0801342b   Thumb Code    86  tasks.o(i.xTaskCreateStatic)
    xTaskGetSchedulerState                   0x08013481   Thumb Code    22  tasks.o(i.xTaskGetSchedulerState)
    xTaskGetTickCount                        0x0801349d   Thumb Code     6  tasks.o(i.xTaskGetTickCount)
    xTaskGetTickCountFromISR                 0x080134a9   Thumb Code    12  tasks.o(i.xTaskGetTickCountFromISR)
    xTaskIncrementTick                       0x080134b9   Thumb Code   192  tasks.o(i.xTaskIncrementTick)
    xTaskPriorityDisinherit                  0x08013581   Thumb Code   144  tasks.o(i.xTaskPriorityDisinherit)
    xTaskPriorityInherit                     0x08013619   Thumb Code   138  tasks.o(i.xTaskPriorityInherit)
    xTaskRemoveFromEventList                 0x080136ad   Thumb Code   108  tasks.o(i.xTaskRemoveFromEventList)
    xTaskResumeAll                           0x08013721   Thumb Code   182  tasks.o(i.xTaskResumeAll)
    AHBPrescTable                            0x08013874   Data          16  system_stm32f4xx.o(.constdata)
    APBPrescTable                            0x08013884   Data           8  system_stm32f4xx.o(.constdata)
    ethbroadcast                             0x0801388c   Data           6  ethernet.o(.constdata)
    ethzero                                  0x08013892   Data           6  ethernet.o(.constdata)
    netconn_aborted                          0x08013898   Data           1  api_msg.o(.constdata)
    netconn_reset                            0x08013899   Data           1  api_msg.o(.constdata)
    netconn_closed                           0x0801389a   Data           1  api_msg.o(.constdata)
    memp_UDP_PCB                             0x0801389c   Data          12  memp.o(.constdata)
    memp_TCP_PCB                             0x080138a8   Data          12  memp.o(.constdata)
    memp_TCP_PCB_LISTEN                      0x080138b4   Data          12  memp.o(.constdata)
    memp_TCP_SEG                             0x080138c0   Data          12  memp.o(.constdata)
    memp_REASSDATA                           0x080138cc   Data          12  memp.o(.constdata)
    memp_FRAG_PBUF                           0x080138d8   Data          12  memp.o(.constdata)
    memp_NETBUF                              0x080138e4   Data          12  memp.o(.constdata)
    memp_NETCONN                             0x080138f0   Data          12  memp.o(.constdata)
    memp_TCPIP_MSG_API                       0x080138fc   Data          12  memp.o(.constdata)
    memp_TCPIP_MSG_INPKT                     0x08013908   Data          12  memp.o(.constdata)
    memp_SYS_TIMEOUT                         0x08013914   Data          12  memp.o(.constdata)
    memp_NETDB                               0x08013920   Data          12  memp.o(.constdata)
    memp_PBUF                                0x0801392c   Data          12  memp.o(.constdata)
    memp_PBUF_POOL                           0x08013938   Data          12  memp.o(.constdata)
    memp_pools                               0x08013944   Data          56  memp.o(.constdata)
    tcp_pcb_lists                            0x080139c0   Data          16  tcp.o(.constdata)
    lwip_cyclic_timers                       0x080139d0   Data          32  timeouts.o(.constdata)
    ip_addr_any                              0x080139f0   Data           4  ip4_addr.o(.constdata)
    os_mutex_def_lwip_sys_mutex              0x080139f4   Data           8  sys_arch.o(.constdata)
    Region$$Table$$Base                      0x08013d60   Number         0  anon$$obj.o(Region$$Table)
    Region$$Table$$Limit                     0x08013da0   Number         0  anon$$obj.o(Region$$Table)
    webworker                                0x10000000   Data        2304  config.o(.data)
    s_xSemaphore                             0x10000900   Data           4  ethernetif.o(.data)
    Netif_LinkSemaphore                      0x10000904   Data           4  lwip.o(.data)
    ipaddr                                   0x10000908   Data           4  lwip.o(.data)
    netmask                                  0x1000090c   Data           4  lwip.o(.data)
    gw                                       0x10000910   Data           4  lwip.o(.data)
    IP_ADDRESS                               0x10000914   Data           4  lwip.o(.data)
    NETMASK_ADDRESS                          0x10000918   Data           4  lwip.o(.data)
    GATEWAY_ADDRESS                          0x1000091c   Data           4  lwip.o(.data)
    link_arg                                 0x10000920   Data           8  lwip.o(.data)
    uwTickFreq                               0x10000928   Data           1  stm32f4xx_hal.o(.data)
    uwTickPrio                               0x1000092c   Data           4  stm32f4xx_hal.o(.data)
    uwTick                                   0x10000930   Data           4  stm32f4xx_hal.o(.data)
    SystemCoreClock                          0x10000934   Data           4  system_stm32f4xx.o(.data)
    pxCurrentTCB                             0x10000938   Data           4  tasks.o(.data)
    pbuf_free_ooseq_pending                  0x100009ac   Data           1  pbuf.o(.data)
    tcp_active_pcbs_changed                  0x100009b0   Data           1  tcp.o(.data)
    tcp_ticks                                0x100009bc   Data           4  tcp.o(.data)
    tcp_bound_pcbs                           0x100009c0   Data           4  tcp.o(.data)
    tcp_listen_pcbs                          0x100009c4   Data           4  tcp.o(.data)
    tcp_active_pcbs                          0x100009c8   Data           4  tcp.o(.data)
    tcp_tw_pcbs                              0x100009cc   Data           4  tcp.o(.data)
    tcp_input_pcb                            0x100009f0   Data           4  tcp_in.o(.data)
    udp_pcbs                                 0x10000a04   Data           4  udp.o(.data)
    __stderr                                 0x10000a0c   Data           4  stderr.o(.data)
    net_conn_pool                            0x10000a14   Data        2208  net.o(.bss)
    htim1                                    0x10001508   Data          64  stm32f4xx_hal_timebase_tim.o(.bss)
    ip_data                                  0x10001ab8   Data          24  ip.o(.bss)
    memp_memory_UDP_PCB_base                 0x10001ad0   Data         131  memp.o(.bss)
    memp_memory_TCP_PCB_LISTEN_base          0x10001b53   Data         227  memp.o(.bss)
    memp_memory_TCP_SEG_base                 0x10001c36   Data         259  memp.o(.bss)
    memp_memory_TCPIP_MSG_INPKT_base         0x10001d39   Data         131  memp.o(.bss)
    memp_memory_NETDB_base                   0x10001dbc   Data         311  memp.o(.bss)
    head_js_resp                             0x20000000   Data           4  net.o(.data)
    head_not_found                           0x20000004   Data           4  net.o(.data)
    head_ws                                  0x20000008   Data           4  net.o(.data)
    ws_guid                                  0x2000000c   Data           4  net.o(.data)
    wsSendQueue                              0x20000010   Data           4  net.o(.data)
    http_recv_queue                          0x20000014   Data           4  net.o(.data)
    MainTaskHandle                           0x20000018   Data           4  freertos.o(.data)
    SecondTaskHandle                         0x2000001c   Data           4  freertos.o(.data)
    lock_tcpip_core                          0x20000050   Data           4  tcpip.o(.data)
    netif_list                               0x20000074   Data           4  netif.o(.data)
    netif_default                            0x20000078   Data           4  netif.o(.data)
    lwip_sys_mutex                           0x20000088   Data           4  sys_arch.o(.data)
    __stdout                                 0x2000008c   Data           4  stdout.o(.data)
    DMARxDscrTab                             0x20000094   Data         128  ethernetif.o(.bss)
    DMATxDscrTab                             0x20000114   Data         128  ethernetif.o(.bss)
    Rx_Buff                                  0x20000194   Data        6096  ethernetif.o(.bss)
    Tx_Buff                                  0x20001964   Data        6096  ethernetif.o(.bss)
    heth                                     0x20003134   Data          72  ethernetif.o(.bss)
    gnetif                                   0x2000317c   Data          52  lwip.o(.bss)
    xQueueRegistry                           0x200031b0   Data          64  queue.o(.bss)
    ram_heap                                 0x2000a9f0   Data        1619  mem.o(.bss)
    memp_memory_TCP_PCB_base                 0x2000b043   Data         783  memp.o(.bss)
    memp_memory_REASSDATA_base               0x2000b352   Data         163  memp.o(.bss)
    memp_memory_FRAG_PBUF_base               0x2000b3f5   Data         363  memp.o(.bss)
    memp_memory_NETBUF_base                  0x2000b560   Data          35  memp.o(.bss)
    memp_memory_NETCONN_base                 0x2000b583   Data         163  memp.o(.bss)
    memp_memory_TCPIP_MSG_API_base           0x2000b626   Data         131  memp.o(.bss)
    memp_memory_SYS_TIMEOUT_base             0x2000b6a9   Data          67  memp.o(.bss)
    memp_memory_PBUF_base                    0x2000b6ec   Data         259  memp.o(.bss)
    memp_memory_PBUF_POOL_base               0x2000b7ef   Data        9731  memp.o(.bss)
    __initial_sp                             0x20011ef8   Data           0  startup_stm32f407xx.o(STACK)



==============================================================================

Memory Map of the image

  Image Entry point : 0x08000189

  Load Region LR_IROM1 (Base: 0x08000000, Size: 0x00014848, Max: 0x00100000, ABSOLUTE, COMPRESSED[0x00013e60])

    Execution Region ER_IROM1 (Exec base: 0x08000000, Load base: 0x08000000, Size: 0x00013da0, Max: 0x00100000, ABSOLUTE)

    Exec Addr    Load Addr    Size         Type   Attr      Idx    E Section Name        Object

    0x08000000   0x08000000   0x00000188   Data   RO            3    RESET               startup_stm32f407xx.o
    0x08000188   0x08000188   0x00000000   Code   RO         9914  * .ARM.Collect$$$$00000000  mc_w.l(entry.o)
    0x08000188   0x08000188   0x00000004   Code   RO        10258    .ARM.Collect$$$$00000001  mc_w.l(entry2.o)
    0x0800018c   0x0800018c   0x00000004   Code   RO        10261    .ARM.Collect$$$$00000004  mc_w.l(entry5.o)
    0x08000190   0x08000190   0x00000000   Code   RO        10263    .ARM.Collect$$$$00000008  mc_w.l(entry7b.o)
    0x08000190   0x08000190   0x00000000   Code   RO        10265    .ARM.Collect$$$$0000000A  mc_w.l(entry8b.o)
    0x08000190   0x08000190   0x00000008   Code   RO        10266    .ARM.Collect$$$$0000000B  mc_w.l(entry9a.o)
    0x08000198   0x08000198   0x00000000   Code   RO        10268    .ARM.Collect$$$$0000000D  mc_w.l(entry10a.o)
    0x08000198   0x08000198   0x00000000   Code   RO        10270    .ARM.Collect$$$$0000000F  mc_w.l(entry11a.o)
    0x08000198   0x08000198   0x00000004   Code   RO        10259    .ARM.Collect$$$$00002712  mc_w.l(entry2.o)
    0x0800019c   0x0800019c   0x000000be   Code   RO         4511    .emb_text           port.o
    0x0800025a   0x0800025a   0x00000002   PAD
    0x0800025c   0x0800025c   0x00000024   Code   RO            4    .text               startup_stm32f407xx.o
    0x08000280   0x08000280   0x00000062   Code   RO         9924    .text               mc_w.l(uldiv.o)
    0x080002e2   0x080002e2   0x00000002   PAD
    0x080002e4   0x080002e4   0x00000024   Code   RO         9956    .text               mc_w.l(rand.o)
    0x08000308   0x08000308   0x00000040   Code   RO         9961    .text               mc_w.l(memmovea.o)
    0x08000348   0x08000348   0x00000024   Code   RO         9965    .text               mc_w.l(memseta.o)
    0x0800036c   0x0800036c   0x00000018   Code   RO         9967    .text               mc_w.l(strcat.o)
    0x08000384   0x08000384   0x00000024   Code   RO         9969    .text               mc_w.l(strstr.o)
    0x080003a8   0x080003a8   0x00000018   Code   RO         9971    .text               mc_w.l(strncpy.o)
    0x080003c0   0x080003c0   0x00000014   Code   RO         9973    .text               mc_w.l(strchr.o)
    0x080003d4   0x080003d4   0x0000000e   Code   RO         9975    .text               mc_w.l(strlen.o)
    0x080003e2   0x080003e2   0x0000001c   Code   RO         9977    .text               mc_w.l(strcmp.o)
    0x080003fe   0x080003fe   0x0000001a   Code   RO         9979    .text               mc_w.l(memcmp.o)
    0x08000418   0x08000418   0x00000012   Code   RO         9981    .text               mc_w.l(strcpy.o)
    0x0800042a   0x0800042a   0x0000001e   Code   RO         9983    .text               mc_w.l(strncmp.o)
    0x08000448   0x08000448   0x00000044   Code   RO         9985    .text               mc_w.l(strtok.o)
    0x0800048c   0x0800048c   0x0000001e   Code   RO        10274    .text               mc_w.l(llshl.o)
    0x080004aa   0x080004aa   0x00000020   Code   RO        10276    .text               mc_w.l(llushr.o)
    0x080004ca   0x080004ca   0x00000002   PAD
    0x080004cc   0x080004cc   0x00000024   Code   RO        10298    .text               mc_w.l(init.o)
    0x080004f0   0x080004f0   0x0000003a   Code   RO        10316    .text               mc_w.l(__dczerorl.o)
    0x0800052a   0x0800052a   0x00000002   Code   RO          502    i.BusFault_Handler  stm32f4xx_it.o
    0x0800052c   0x0800052c   0x00000002   Code   RO          503    i.DebugMon_Handler  stm32f4xx_it.o
    0x0800052e   0x0800052e   0x00000002   PAD
    0x08000530   0x08000530   0x00000020   Code   RO         1023    i.ETH_Delay         stm32f4xx_hal_eth.o
    0x08000550   0x08000550   0x0000002e   Code   RO         1024    i.ETH_FlushTransmitFIFO  stm32f4xx_hal_eth.o
    0x0800057e   0x0800057e   0x00000002   PAD
    0x08000580   0x08000580   0x0000000c   Code   RO          504    i.ETH_IRQHandler    stm32f4xx_it.o
    0x0800058c   0x0800058c   0x00000124   Code   RO         1025    i.ETH_MACDMAConfig  stm32f4xx_hal_eth.o
    0x080006b0   0x080006b0   0x00000024   Code   RO         2057    i.HAL_Delay         stm32f4xx_hal.o
    0x080006d4   0x080006d4   0x00000130   Code   RO         1027    i.HAL_ETH_ConfigMAC  stm32f4xx_hal_eth.o
    0x08000804   0x08000804   0x00000074   Code   RO         1028    i.HAL_ETH_DMARxDescListInit  stm32f4xx_hal_eth.o
    0x08000878   0x08000878   0x00000078   Code   RO         1029    i.HAL_ETH_DMATxDescListInit  stm32f4xx_hal_eth.o
    0x080008f0   0x080008f0   0x00000002   Code   RO         1031    i.HAL_ETH_ErrorCallback  stm32f4xx_hal_eth.o
    0x080008f2   0x080008f2   0x00000088   Code   RO         1033    i.HAL_ETH_GetReceivedFrame_IT  stm32f4xx_hal_eth.o
    0x0800097a   0x0800097a   0x0000007a   Code   RO         1035    i.HAL_ETH_IRQHandler  stm32f4xx_hal_eth.o
    0x080009f4   0x080009f4   0x000001ec   Code   RO         1036    i.HAL_ETH_Init      stm32f4xx_hal_eth.o
    0x08000be0   0x08000be0   0x000000e8   Code   RO          636    i.HAL_ETH_MspInit   ethernetif.o
    0x08000cc8   0x08000cc8   0x00000084   Code   RO         1039    i.HAL_ETH_ReadPHYRegister  stm32f4xx_hal_eth.o
    0x08000d4c   0x08000d4c   0x0000000c   Code   RO          637    i.HAL_ETH_RxCpltCallback  ethernetif.o
    0x08000d58   0x08000d58   0x00000084   Code   RO         1041    i.HAL_ETH_Start     stm32f4xx_hal_eth.o
    0x08000ddc   0x08000ddc   0x00000084   Code   RO         1042    i.HAL_ETH_Stop      stm32f4xx_hal_eth.o
    0x08000e60   0x08000e60   0x00000108   Code   RO         1043    i.HAL_ETH_TransmitFrame  stm32f4xx_hal_eth.o
    0x08000f68   0x08000f68   0x00000002   Code   RO         1044    i.HAL_ETH_TxCpltCallback  stm32f4xx_hal_eth.o
    0x08000f6a   0x08000f6a   0x00000002   PAD
    0x08000f6c   0x08000f6c   0x00000078   Code   RO         1045    i.HAL_ETH_WritePHYRegister  stm32f4xx_hal_eth.o
    0x08000fe4   0x08000fe4   0x000001b8   Code   RO         1531    i.HAL_GPIO_Init     stm32f4xx_hal_gpio.o
    0x0800119c   0x0800119c   0x0000000a   Code   RO         1533    i.HAL_GPIO_ReadPin  stm32f4xx_hal_gpio.o
    0x080011a6   0x080011a6   0x0000000a   Code   RO         1535    i.HAL_GPIO_WritePin  stm32f4xx_hal_gpio.o
    0x080011b0   0x080011b0   0x0000000c   Code   RO         2063    i.HAL_GetTick       stm32f4xx_hal.o
    0x080011bc   0x080011bc   0x00000010   Code   RO         2069    i.HAL_IncTick       stm32f4xx_hal.o
    0x080011cc   0x080011cc   0x00000034   Code   RO         2070    i.HAL_Init          stm32f4xx_hal.o
    0x08001200   0x08001200   0x00000074   Code   RO          596    i.HAL_InitTick      stm32f4xx_hal_timebase_tim.o
    0x08001274   0x08001274   0x00000038   Code   RO          572    i.HAL_MspInit       stm32f4xx_hal_msp.o
    0x080012ac   0x080012ac   0x0000001a   Code   RO         1920    i.HAL_NVIC_EnableIRQ  stm32f4xx_hal_cortex.o
    0x080012c6   0x080012c6   0x00000002   PAD
    0x080012c8   0x080012c8   0x00000040   Code   RO         1926    i.HAL_NVIC_SetPriority  stm32f4xx_hal_cortex.o
    0x08001308   0x08001308   0x00000024   Code   RO         1927    i.HAL_NVIC_SetPriorityGrouping  stm32f4xx_hal_cortex.o
    0x0800132c   0x0800132c   0x00000134   Code   RO         1177    i.HAL_RCC_ClockConfig  stm32f4xx_hal_rcc.o
    0x08001460   0x08001460   0x00000040   Code   RO         1181    i.HAL_RCC_GetClockConfig  stm32f4xx_hal_rcc.o
    0x080014a0   0x080014a0   0x0000000c   Code   RO         1182    i.HAL_RCC_GetHCLKFreq  stm32f4xx_hal_rcc.o
    0x080014ac   0x080014ac   0x00000020   Code   RO         1185    i.HAL_RCC_GetPCLK2Freq  stm32f4xx_hal_rcc.o
    0x080014cc   0x080014cc   0x00000060   Code   RO         1186    i.HAL_RCC_GetSysClockFreq  stm32f4xx_hal_rcc.o
    0x0800152c   0x0800152c   0x0000035c   Code   RO         1189    i.HAL_RCC_OscConfig  stm32f4xx_hal_rcc.o
    0x08001888   0x08001888   0x00000002   Code   RO         2985    i.HAL_TIMEx_BreakCallback  stm32f4xx_hal_tim_ex.o
    0x0800188a   0x0800188a   0x00000002   Code   RO         2986    i.HAL_TIMEx_CommutCallback  stm32f4xx_hal_tim_ex.o
    0x0800188c   0x0800188c   0x00000036   Code   RO         2310    i.HAL_TIM_Base_Init  stm32f4xx_hal_tim.o
    0x080018c2   0x080018c2   0x00000002   Code   RO         2312    i.HAL_TIM_Base_MspInit  stm32f4xx_hal_tim.o
    0x080018c4   0x080018c4   0x00000022   Code   RO         2315    i.HAL_TIM_Base_Start_IT  stm32f4xx_hal_tim.o
    0x080018e6   0x080018e6   0x00000002   Code   RO         2339    i.HAL_TIM_IC_CaptureCallback  stm32f4xx_hal_tim.o
    0x080018e8   0x080018e8   0x00000166   Code   RO         2353    i.HAL_TIM_IRQHandler  stm32f4xx_hal_tim.o
    0x08001a4e   0x08001a4e   0x00000002   Code   RO         2356    i.HAL_TIM_OC_DelayElapsedCallback  stm32f4xx_hal_tim.o
    0x08001a50   0x08001a50   0x00000002   Code   RO         2383    i.HAL_TIM_PWM_PulseFinishedCallback  stm32f4xx_hal_tim.o
    0x08001a52   0x08001a52   0x00000002   PAD
    0x08001a54   0x08001a54   0x00000014   Code   RO          362    i.HAL_TIM_PeriodElapsedCallback  main.o
    0x08001a68   0x08001a68   0x00000002   Code   RO         2396    i.HAL_TIM_TriggerCallback  stm32f4xx_hal_tim.o
    0x08001a6a   0x08001a6a   0x00000002   Code   RO          505    i.HardFault_Handler  stm32f4xx_it.o
    0x08001a6c   0x08001a6c   0x00000024   Code   RO         9848    i.ITM_SendChar      retarget_io.o
    0x08001a90   0x08001a90   0x0000003c   Code   RO          433    i.MX_FREERTOS_Init  freertos.o
    0x08001acc   0x08001acc   0x000000a0   Code   RO          409    i.MX_GPIO_Init      gpio.o
    0x08001b6c   0x08001b6c   0x0000012c   Code   RO          806    i.MX_LWIP_Init      lwip.o
    0x08001c98   0x08001c98   0x00000002   Code   RO          903    i.MX_MBEDTLS_Init   mbedtls.o
    0x08001c9a   0x08001c9a   0x00000002   Code   RO          506    i.MemManage_Handler  stm32f4xx_it.o
    0x08001c9c   0x08001c9c   0x00000002   Code   RO          507    i.NMI_Handler       stm32f4xx_it.o
    0x08001c9e   0x08001c9e   0x00000002   PAD
    0x08001ca0   0x08001ca0   0x0000002c   Code   RO         4512    i.SysTick_Handler   port.o
    0x08001ccc   0x08001ccc   0x00000084   Code   RO          363    i.SystemClock_Config  main.o
    0x08001d50   0x08001d50   0x0000001c   Code   RO         3237    i.SystemInit        system_stm32f4xx.o
    0x08001d6c   0x08001d6c   0x0000000c   Code   RO          508    i.TIM1_UP_TIM10_IRQHandler  stm32f4xx_it.o
    0x08001d78   0x08001d78   0x000000c8   Code   RO         2398    i.TIM_Base_SetConfig  stm32f4xx_hal_tim.o
    0x08001e40   0x08001e40   0x00000002   Code   RO          509    i.UsageFault_Handler  stm32f4xx_it.o
    0x08001e42   0x08001e42   0x00000002   PAD
    0x08001e44   0x08001e44   0x00000020   Code   RO        10128    i.__0printf$5       mc_w.l(printf5.o)
    0x08001e64   0x08001e64   0x00000028   Code   RO        10130    i.__0sprintf$5      mc_w.l(printf5.o)
    0x08001e8c   0x08001e8c   0x00000020   Code   RO         1933    i.__NVIC_SetPriority  stm32f4xx_hal_cortex.o
    0x08001eac   0x08001eac   0x0000000e   Code   RO        10310    i.__scatterload_copy  mc_w.l(handlers.o)
    0x08001eba   0x08001eba   0x00000002   Code   RO        10311    i.__scatterload_null  mc_w.l(handlers.o)
    0x08001ebc   0x08001ebc   0x0000000e   Code   RO        10312    i.__scatterload_zeroinit  mc_w.l(handlers.o)
    0x08001eca   0x08001eca   0x00000002   PAD
    0x08001ecc   0x08001ecc   0x000002c0   Code   RO        10135    i._printf_core      mc_w.l(printf5.o)
    0x0800218c   0x0800218c   0x0000000a   Code   RO        10137    i._sputc            mc_w.l(printf5.o)
    0x08002196   0x08002196   0x00000002   PAD
    0x08002198   0x08002198   0x00000178   Code   RO         5554    i.accept_function   api_msg.o
    0x08002310   0x08002310   0x00000060   Code   RO          247    i.cmp_cookie_token  net.o
    0x08002370   0x08002370   0x00000024   Code   RO         6558    i.dns_backupserver_available  dns.o
    0x08002394   0x08002394   0x00000098   Code   RO         6559    i.dns_call_found    dns.o
    0x0800242c   0x0800242c   0x00000168   Code   RO         6560    i.dns_check_entry   dns.o
    0x08002594   0x08002594   0x00000002   Code   RO         6566    i.dns_init          dns.o
    0x08002596   0x08002596   0x00000002   PAD
    0x08002598   0x08002598   0x000001a8   Code   RO         6568    i.dns_send          dns.o
    0x08002740   0x08002740   0x00000014   Code   RO         6570    i.dns_tmr           dns.o
    0x08002754   0x08002754   0x000000a8   Code   RO         6890    i.do_memp_free_pool  memp.o
    0x080027fc   0x080027fc   0x000000b8   Code   RO         6891    i.do_memp_malloc_pool  memp.o
    0x080028b4   0x080028b4   0x000001c8   Code   RO         5555    i.err_tcp           api_msg.o
    0x08002a7c   0x08002a7c   0x0000002c   Code   RO         8320    i.etharp_cleanup_netif  etharp.o
    0x08002aa8   0x08002aa8   0x00000260   Code   RO         8322    i.etharp_find_entry  etharp.o
    0x08002d08   0x08002d08   0x00000024   Code   RO         8323    i.etharp_free_entry  etharp.o
    0x08002d2c   0x08002d2c   0x00000104   Code   RO         8325    i.etharp_input      etharp.o
    0x08002e30   0x08002e30   0x000001b0   Code   RO         8326    i.etharp_output     etharp.o
    0x08002fe0   0x08002fe0   0x00000110   Code   RO         8327    i.etharp_output_to_arp_index  etharp.o
    0x080030f0   0x080030f0   0x000001e8   Code   RO         8328    i.etharp_query      etharp.o
    0x080032d8   0x080032d8   0x00000174   Code   RO         8329    i.etharp_raw        etharp.o
    0x0800344c   0x0800344c   0x0000000c   Code   RO         8330    i.etharp_request    etharp.o
    0x08003458   0x08003458   0x00000020   Code   RO         8331    i.etharp_request_dst  etharp.o
    0x08003478   0x08003478   0x00000060   Code   RO         8332    i.etharp_tmr        etharp.o
    0x080034d8   0x080034d8   0x0000011c   Code   RO         8333    i.etharp_update_arp_entry  etharp.o
    0x080035f4   0x080035f4   0x000000a4   Code   RO         5120    i.ethernet_input    ethernet.o
    0x08003698   0x08003698   0x000000f8   Code   RO         5121    i.ethernet_output   ethernet.o
    0x08003790   0x08003790   0x00000090   Code   RO          638    i.ethernetif_init   ethernetif.o
    0x08003820   0x08003820   0x0000004c   Code   RO          639    i.ethernetif_input  ethernetif.o
    0x0800386c   0x0800386c   0x00000002   Code   RO          640    i.ethernetif_notify_conn_changed  ethernetif.o
    0x0800386e   0x0800386e   0x00000002   PAD
    0x08003870   0x08003870   0x00000044   Code   RO          641    i.ethernetif_set_link  ethernetif.o
    0x080038b4   0x080038b4   0x000000b0   Code   RO          642    i.ethernetif_update_config  ethernetif.o
    0x08003964   0x08003964   0x00000020   Code   RO         9853    i.fputc             retarget_io.o
    0x08003984   0x08003984   0x00000190   Code   RO          248    i.http_receive_handler  net.o
    0x08003b14   0x08003b14   0x00000008   Code   RO         8423    i.icmp_dest_unreach  icmp.o
    0x08003b1c   0x08003b1c   0x000001e8   Code   RO         8424    i.icmp_input        icmp.o
    0x08003d04   0x08003d04   0x00000110   Code   RO         8425    i.icmp_send_response  icmp.o
    0x08003e14   0x08003e14   0x00000008   Code   RO         8426    i.icmp_time_exceeded  icmp.o
    0x08003e1c   0x08003e1c   0x0000000c   Code   RO         4069    i.inHandlerMode     cmsis_os.o
    0x08003e28   0x08003e28   0x0000002e   Code   RO         8540    i.ip4_addr_isbroadcast_u32  ip4_addr.o
    0x08003e56   0x08003e56   0x00000002   PAD
    0x08003e58   0x08003e58   0x00000260   Code   RO         8609    i.ip4_frag          ip4_frag.o
    0x080040b8   0x080040b8   0x00000174   Code   RO         8485    i.ip4_input         ip4.o
    0x0800422c   0x0800422c   0x0000002c   Code   RO         8486    i.ip4_input_accept  ip4.o
    0x08004258   0x08004258   0x0000001e   Code   RO         8488    i.ip4_output_if     ip4.o
    0x08004276   0x08004276   0x00000002   PAD
    0x08004278   0x08004278   0x00000178   Code   RO         8489    i.ip4_output_if_src  ip4.o
    0x080043f0   0x080043f0   0x00000288   Code   RO         8610    i.ip4_reass         ip4_frag.o
    0x08004678   0x08004678   0x00000060   Code   RO         8490    i.ip4_route         ip4.o
    0x080046d8   0x080046d8   0x00000090   Code   RO         8611    i.ip_frag_free_pbuf_custom_ref  ip4_frag.o
    0x08004768   0x08004768   0x00000248   Code   RO         8612    i.ip_reass_chain_frag_into_datagram_and_validate  ip4_frag.o
    0x080049b0   0x080049b0   0x000000bc   Code   RO         8613    i.ip_reass_dequeue_datagram  ip4_frag.o
    0x08004a6c   0x08004a6c   0x00000198   Code   RO         8614    i.ip_reass_free_complete_datagram  ip4_frag.o
    0x08004c04   0x08004c04   0x00000080   Code   RO         8615    i.ip_reass_remove_oldest_datagram  ip4_frag.o
    0x08004c84   0x08004c84   0x0000002c   Code   RO         8616    i.ip_reass_tmr      ip4_frag.o
    0x08004cb0   0x08004cb0   0x00000098   Code   RO         8617    i.ipfrag_free_pbuf_custom  ip4_frag.o
    0x08004d48   0x08004d48   0x00000120   Code   RO          643    i.low_level_init    ethernetif.o
    0x08004e68   0x08004e68   0x000000c0   Code   RO          644    i.low_level_input   ethernetif.o
    0x08004f28   0x08004f28   0x000000a8   Code   RO          645    i.low_level_output  ethernetif.o
    0x08004fd0   0x08004fd0   0x0000003c   Code   RO         8070    i.lwip_cyclic_timer  timeouts.o
    0x0800500c   0x0800500c   0x00000004   Code   RO         6503    i.lwip_htonl        def.o
    0x08005010   0x08005010   0x00000004   Code   RO         6504    i.lwip_htons        def.o
    0x08005014   0x08005014   0x00000026   Code   RO         6739    i.lwip_init         init.o
    0x0800503a   0x0800503a   0x00000036   Code   RO         5556    i.lwip_netconn_do_bind  api_msg.o
    0x08005070   0x08005070   0x00000138   Code   RO         5558    i.lwip_netconn_do_close  api_msg.o
    0x080051a8   0x080051a8   0x000002c0   Code   RO         5559    i.lwip_netconn_do_close_internal  api_msg.o
    0x08005468   0x08005468   0x00000198   Code   RO         5562    i.lwip_netconn_do_delconn  api_msg.o
    0x08005600   0x08005600   0x000000bc   Code   RO         5567    i.lwip_netconn_do_listen  api_msg.o
    0x080056bc   0x080056bc   0x00000012   Code   RO         5568    i.lwip_netconn_do_newconn  api_msg.o
    0x080056ce   0x080056ce   0x00000042   Code   RO         5569    i.lwip_netconn_do_recv  api_msg.o
    0x08005710   0x08005710   0x0000014c   Code   RO         5571    i.lwip_netconn_do_write  api_msg.o
    0x0800585c   0x0800585c   0x00000384   Code   RO         5572    i.lwip_netconn_do_writemore  api_msg.o
    0x08005be0   0x08005be0   0x000000a8   Code   RO         5573    i.lwip_netconn_err_to_msg  api_msg.o
    0x08005c88   0x08005c88   0x000000ac   Code   RO         5574    i.lwip_netconn_is_err_msg  api_msg.o
    0x08005d34   0x08005d34   0x0000001a   Code   RO          364    i.main              main.o
    0x08005d4e   0x08005d4e   0x0000000c   Code   RO         4071    i.makeFreeRtosPriority  cmsis_os.o
    0x08005d5a   0x08005d5a   0x00000002   PAD
    0x08005d5c   0x08005d5c   0x0000010c   Code   RO         9299    i.mbedtls_base64_encode  base64.o
    0x08005e68   0x08005e68   0x00001240   Code   RO         9639    i.mbedtls_internal_sha1_process  sha1.o
    0x080070a8   0x080070a8   0x00000010   Code   RO         9589    i.mbedtls_platform_zeroize  platform_util.o
    0x080070b8   0x080070b8   0x00000004   Code   RO         9640    i.mbedtls_sha1      sha1.o
    0x080070bc   0x080070bc   0x000000f6   Code   RO         9643    i.mbedtls_sha1_finish_ret  sha1.o
    0x080071b2   0x080071b2   0x0000000c   Code   RO         9644    i.mbedtls_sha1_free  sha1.o
    0x080071be   0x080071be   0x00000006   Code   RO         9645    i.mbedtls_sha1_init  sha1.o
    0x080071c4   0x080071c4   0x0000003e   Code   RO         9647    i.mbedtls_sha1_ret  sha1.o
    0x08007202   0x08007202   0x00000002   PAD
    0x08007204   0x08007204   0x00000030   Code   RO         9649    i.mbedtls_sha1_starts_ret  sha1.o
    0x08007234   0x08007234   0x00000074   Code   RO         9651    i.mbedtls_sha1_update_ret  sha1.o
    0x080072a8   0x080072a8   0x000001c8   Code   RO         6814    i.mem_free          mem.o
    0x08007470   0x08007470   0x000000c8   Code   RO         6815    i.mem_init          mem.o
    0x08007538   0x08007538   0x0000024c   Code   RO         6816    i.mem_malloc        mem.o
    0x08007784   0x08007784   0x00000010   Code   RO         6817    i.mem_to_ptr        mem.o
    0x08007794   0x08007794   0x000001e4   Code   RO         6818    i.mem_trim          mem.o
    0x08007978   0x08007978   0x0000009c   Code   RO         6892    i.memp_free         memp.o
    0x08007a14   0x08007a14   0x00000020   Code   RO         6894    i.memp_init         memp.o
    0x08007a34   0x08007a34   0x0000002a   Code   RO         6895    i.memp_init_pool    memp.o
    0x08007a5e   0x08007a5e   0x00000002   PAD
    0x08007a60   0x08007a60   0x000000a4   Code   RO         6896    i.memp_malloc       memp.o
    0x08007b04   0x08007b04   0x00000034   Code   RO          249    i.net_create_filesystem  net.o
    0x08007b38   0x08007b38   0x00000100   Code   RO          250    i.net_http_server_thread  net.o
    0x08007c38   0x08007c38   0x000000fc   Code   RO         5862    i.netbuf_data       netbuf.o
    0x08007d34   0x08007d34   0x00000022   Code   RO         5863    i.netbuf_delete     netbuf.o
    0x08007d56   0x08007d56   0x00000002   PAD
    0x08007d58   0x08007d58   0x00000138   Code   RO         5312    i.netconn_accept    api_lib.o
    0x08007e90   0x08007e90   0x00000104   Code   RO         5575    i.netconn_alloc     api_msg.o
    0x08007f94   0x08007f94   0x00000016   Code   RO         5313    i.netconn_apimsg    api_lib.o
    0x08007faa   0x08007faa   0x00000002   PAD
    0x08007fac   0x08007fac   0x000000b8   Code   RO         5314    i.netconn_bind      api_lib.o
    0x08008064   0x08008064   0x00000006   Code   RO         5316    i.netconn_close     api_lib.o
    0x0800806a   0x0800806a   0x00000002   PAD
    0x0800806c   0x0800806c   0x000000b0   Code   RO         5317    i.netconn_close_shutdown  api_lib.o
    0x0800811c   0x0800811c   0x0000001e   Code   RO         5319    i.netconn_delete    api_lib.o
    0x0800813a   0x0800813a   0x0000009c   Code   RO         5576    i.netconn_drain     api_msg.o
    0x080081d6   0x080081d6   0x0000001e   Code   RO         5321    i.netconn_err       api_lib.o
    0x080081f4   0x080081f4   0x0000016c   Code   RO         5577    i.netconn_free      api_msg.o
    0x08008360   0x08008360   0x000000a8   Code   RO         5324    i.netconn_listen_with_backlog  api_lib.o
    0x08008408   0x08008408   0x00000178   Code   RO         5325    i.netconn_new_with_proto_and_callback  api_lib.o
    0x08008580   0x08008580   0x00000020   Code   RO         5326    i.netconn_prepare_delete  api_lib.o
    0x080085a0   0x080085a0   0x0000013c   Code   RO         5327    i.netconn_recv      api_lib.o
    0x080086dc   0x080086dc   0x00000188   Code   RO         5328    i.netconn_recv_data  api_lib.o
    0x08008864   0x08008864   0x00000092   Code   RO         5329    i.netconn_recv_data_tcp  api_lib.o
    0x080088f6   0x080088f6   0x00000002   PAD
    0x080088f8   0x080088f8   0x000000b8   Code   RO         5338    i.netconn_tcp_recvd_msg  api_lib.o
    0x080089b0   0x080089b0   0x00000014   Code   RO         5339    i.netconn_write_partly  api_lib.o
    0x080089c4   0x080089c4   0x0000018c   Code   RO         5340    i.netconn_write_vectors_partly  api_lib.o
    0x08008b50   0x08008b50   0x000001d8   Code   RO         7036    i.netif_add         netif.o
    0x08008d28   0x08008d28   0x00000016   Code   RO         7038    i.netif_do_ip_addr_changed  netif.o
    0x08008d3e   0x08008d3e   0x00000016   Code   RO         7039    i.netif_do_set_gw   netif.o
    0x08008d54   0x08008d54   0x000000c4   Code   RO         7040    i.netif_do_set_ipaddr  netif.o
    0x08008e18   0x08008e18   0x00000016   Code   RO         7041    i.netif_do_set_netmask  netif.o
    0x08008e2e   0x08008e2e   0x00000002   PAD
    0x08008e30   0x08008e30   0x00000028   Code   RO         7043    i.netif_get_by_index  netif.o
    0x08008e58   0x08008e58   0x00000002   Code   RO         7045    i.netif_init        netif.o
    0x08008e5a   0x08008e5a   0x00000002   PAD
    0x08008e5c   0x08008e5c   0x000000c0   Code   RO         7047    i.netif_issue_reports  netif.o
    0x08008f1c   0x08008f1c   0x00000006   Code   RO         7049    i.netif_null_output_ip4  netif.o
    0x08008f22   0x08008f22   0x00000002   PAD
    0x08008f24   0x08008f24   0x00000060   Code   RO         7051    i.netif_set_addr    netif.o
    0x08008f84   0x08008f84   0x0000000c   Code   RO         7052    i.netif_set_default  netif.o
    0x08008f90   0x08008f90   0x000000a8   Code   RO         7053    i.netif_set_down    netif.o
    0x08009038   0x08009038   0x00000008   Code   RO         7056    i.netif_set_link_callback  netif.o
    0x08009040   0x08009040   0x000000ac   Code   RO         7057    i.netif_set_link_down  netif.o
    0x080090ec   0x080090ec   0x000000c0   Code   RO         7058    i.netif_set_link_up  netif.o
    0x080091ac   0x080091ac   0x000000a0   Code   RO         7060    i.netif_set_up      netif.o
    0x0800924c   0x0800924c   0x00000020   Code   RO          251    i.netws_send_message  net.o
    0x0800926c   0x0800926c   0x0000000e   Code   RO         4073    i.osDelay           cmsis_os.o
    0x0800927a   0x0800927a   0x0000000a   Code   RO         4076    i.osKernelStart     cmsis_os.o
    0x08009284   0x08009284   0x00000018   Code   RO         4077    i.osKernelSysTick   cmsis_os.o
    0x0800929c   0x0800929c   0x00000026   Code   RO         4085    i.osMessageCreate   cmsis_os.o
    0x080092c2   0x080092c2   0x00000018   Code   RO         4086    i.osMessageDelete   cmsis_os.o
    0x080092da   0x080092da   0x00000002   PAD
    0x080092dc   0x080092dc   0x00000094   Code   RO         4087    i.osMessageGet      cmsis_os.o
    0x08009370   0x08009370   0x0000005c   Code   RO         4089    i.osMessagePut      cmsis_os.o
    0x080093cc   0x080093cc   0x0000001e   Code   RO         4090    i.osMessageWaiting  cmsis_os.o
    0x080093ea   0x080093ea   0x00000010   Code   RO         4091    i.osMutexCreate     cmsis_os.o
    0x080093fa   0x080093fa   0x00000002   PAD
    0x080093fc   0x080093fc   0x00000050   Code   RO         4093    i.osMutexRelease    cmsis_os.o
    0x0800944c   0x0800944c   0x00000064   Code   RO         4094    i.osMutexWait       cmsis_os.o
    0x080094b0   0x080094b0   0x00000050   Code   RO         4102    i.osSemaphoreCreate  cmsis_os.o
    0x08009500   0x08009500   0x00000018   Code   RO         4103    i.osSemaphoreDelete  cmsis_os.o
    0x08009518   0x08009518   0x00000050   Code   RO         4105    i.osSemaphoreRelease  cmsis_os.o
    0x08009568   0x08009568   0x00000064   Code   RO         4106    i.osSemaphoreWait   cmsis_os.o
    0x080095cc   0x080095cc   0x00000054   Code   RO         4110    i.osThreadCreate    cmsis_os.o
    0x08009620   0x08009620   0x00000006   Code   RO         7224    i.pbuf_add_header   pbuf.o
    0x08009626   0x08009626   0x00000002   PAD
    0x08009628   0x08009628   0x000000c0   Code   RO         7226    i.pbuf_add_header_impl  pbuf.o
    0x080096e8   0x080096e8   0x0000025c   Code   RO         7227    i.pbuf_alloc        pbuf.o
    0x08009944   0x08009944   0x000000b0   Code   RO         7228    i.pbuf_alloc_reference  pbuf.o
    0x080099f4   0x080099f4   0x00000036   Code   RO         7229    i.pbuf_alloced_custom  pbuf.o
    0x08009a2a   0x08009a2a   0x00000002   PAD
    0x08009a2c   0x08009a2c   0x00000130   Code   RO         7230    i.pbuf_cat          pbuf.o
    0x08009b5c   0x08009b5c   0x00000012   Code   RO         7231    i.pbuf_chain        pbuf.o
    0x08009b6e   0x08009b6e   0x00000012   Code   RO         7232    i.pbuf_clen         pbuf.o
    0x08009b80   0x08009b80   0x0000009c   Code   RO         7233    i.pbuf_clone        pbuf.o
    0x08009c1c   0x08009c1c   0x000001e0   Code   RO         7235    i.pbuf_copy         pbuf.o
    0x08009dfc   0x08009dfc   0x00000118   Code   RO         7236    i.pbuf_copy_partial  pbuf.o
    0x08009f14   0x08009f14   0x00000164   Code   RO         7238    i.pbuf_free         pbuf.o
    0x0800a078   0x0800a078   0x00000034   Code   RO         7240    i.pbuf_free_ooseq_callback  pbuf.o
    0x0800a0ac   0x0800a0ac   0x00000006   Code   RO         7244    i.pbuf_header_force  pbuf.o
    0x0800a0b2   0x0800a0b2   0x0000000e   Code   RO         7245    i.pbuf_header_impl  pbuf.o
    0x0800a0c0   0x0800a0c0   0x0000001c   Code   RO         7246    i.pbuf_init_alloced_pbuf  pbuf.o
    0x0800a0dc   0x0800a0dc   0x0000001e   Code   RO         7249    i.pbuf_put_at       pbuf.o
    0x0800a0fa   0x0800a0fa   0x00000002   PAD
    0x0800a0fc   0x0800a0fc   0x00000134   Code   RO         7250    i.pbuf_realloc      pbuf.o
    0x0800a230   0x0800a230   0x0000009c   Code   RO         7251    i.pbuf_ref          pbuf.o
    0x0800a2cc   0x0800a2cc   0x000000d0   Code   RO         7252    i.pbuf_remove_header  pbuf.o
    0x0800a39c   0x0800a39c   0x00000004   Code   RO         7253    i.pbuf_skip         pbuf.o
    0x0800a3a0   0x0800a3a0   0x00000018   Code   RO         7254    i.pbuf_skip_const   pbuf.o
    0x0800a3b8   0x0800a3b8   0x00000178   Code   RO         7256    i.pbuf_take         pbuf.o
    0x0800a530   0x0800a530   0x000000e0   Code   RO         7257    i.pbuf_take_at      pbuf.o
    0x0800a610   0x0800a610   0x000000f8   Code   RO         5578    i.pcb_new           api_msg.o
    0x0800a708   0x0800a708   0x000001a0   Code   RO         6819    i.plug_holes        mem.o
    0x0800a8a8   0x0800a8a8   0x000000dc   Code   RO         5579    i.poll_tcp          api_msg.o
    0x0800a984   0x0800a984   0x00000070   Code   RO         3749    i.prvAddCurrentTaskToDelayedList  tasks.o
    0x0800a9f4   0x0800a9f4   0x000000d0   Code   RO         3750    i.prvAddNewTaskToReadyList  tasks.o
    0x0800aac4   0x0800aac4   0x00000026   Code   RO         3415    i.prvCopyDataFromQueue  queue.o
    0x0800aaea   0x0800aaea   0x0000006c   Code   RO         3416    i.prvCopyDataToQueue  queue.o
    0x0800ab56   0x0800ab56   0x00000034   Code   RO         3751    i.prvDeleteTCB      tasks.o
    0x0800ab8a   0x0800ab8a   0x00000002   PAD
    0x0800ab8c   0x0800ab8c   0x0000004c   Code   RO         4450    i.prvHeapInit       heap_4.o
    0x0800abd8   0x0800abd8   0x00000060   Code   RO         3752    i.prvIdleTask       tasks.o
    0x0800ac38   0x0800ac38   0x00000016   Code   RO         3417    i.prvInitialiseMutex  queue.o
    0x0800ac4e   0x0800ac4e   0x00000016   Code   RO         3418    i.prvInitialiseNewQueue  queue.o
    0x0800ac64   0x0800ac64   0x00000098   Code   RO         3753    i.prvInitialiseNewTask  tasks.o
    0x0800acfc   0x0800acfc   0x0000004c   Code   RO         4451    i.prvInsertBlockIntoFreeList  heap_4.o
    0x0800ad48   0x0800ad48   0x0000001c   Code   RO         3419    i.prvIsQueueEmpty   queue.o
    0x0800ad64   0x0800ad64   0x00000020   Code   RO         3754    i.prvResetNextTaskUnblockTime  tasks.o
    0x0800ad84   0x0800ad84   0x00000028   Code   RO         4513    i.prvTaskExitError  port.o
    0x0800adac   0x0800adac   0x0000006a   Code   RO         3420    i.prvUnlockQueue    queue.o
    0x0800ae16   0x0800ae16   0x00000002   PAD
    0x0800ae18   0x0800ae18   0x0000000c   Code   RO         6820    i.ptr_to_mem        mem.o
    0x0800ae24   0x0800ae24   0x000000d8   Code   RO         4452    i.pvPortMalloc      heap_4.o
    0x0800aefc   0x0800aefc   0x00000018   Code   RO         3757    i.pvTaskIncrementMutexHeldCount  tasks.o
    0x0800af14   0x0800af14   0x0000002c   Code   RO         4514    i.pxPortInitialiseStack  port.o
    0x0800af40   0x0800af40   0x00000184   Code   RO         5580    i.recv_tcp          api_msg.o
    0x0800b0c4   0x0800b0c4   0x00000164   Code   RO         5581    i.recv_udp          api_msg.o
    0x0800b228   0x0800b228   0x000000d0   Code   RO         5582    i.sent_tcp          api_msg.o
    0x0800b2f8   0x0800b2f8   0x00000044   Code   RO         5583    i.setup_tcp         api_msg.o
    0x0800b33c   0x0800b33c   0x00000044   Code   RO         8863    i.sys_arch_mbox_fetch  sys_arch.o
    0x0800b380   0x0800b380   0x00000022   Code   RO         8864    i.sys_arch_mbox_tryfetch  sys_arch.o
    0x0800b3a2   0x0800b3a2   0x00000002   PAD
    0x0800b3a4   0x0800b3a4   0x00000018   Code   RO         8865    i.sys_arch_protect  sys_arch.o
    0x0800b3bc   0x0800b3bc   0x00000038   Code   RO         8866    i.sys_arch_sem_wait  sys_arch.o
    0x0800b3f4   0x0800b3f4   0x0000000c   Code   RO         8867    i.sys_arch_unprotect  sys_arch.o
    0x0800b400   0x0800b400   0x00000044   Code   RO         8071    i.sys_check_timeouts  timeouts.o
    0x0800b444   0x0800b444   0x00000018   Code   RO         8868    i.sys_init          sys_arch.o
    0x0800b45c   0x0800b45c   0x00000014   Code   RO         8869    i.sys_mbox_free     sys_arch.o
    0x0800b470   0x0800b470   0x0000002c   Code   RO         8870    i.sys_mbox_new      sys_arch.o
    0x0800b49c   0x0800b49c   0x00000006   Code   RO         8872    i.sys_mbox_set_invalid  sys_arch.o
    0x0800b4a2   0x0800b4a2   0x00000014   Code   RO         8873    i.sys_mbox_trypost  sys_arch.o
    0x0800b4b6   0x0800b4b6   0x0000000a   Code   RO         8875    i.sys_mbox_valid    sys_arch.o
    0x0800b4c0   0x0800b4c0   0x0000000a   Code   RO         8877    i.sys_mutex_lock    sys_arch.o
    0x0800b4ca   0x0800b4ca   0x0000001e   Code   RO         8878    i.sys_mutex_new     sys_arch.o
    0x0800b4e8   0x0800b4e8   0x00000006   Code   RO         8879    i.sys_mutex_unlock  sys_arch.o
    0x0800b4ee   0x0800b4ee   0x00000004   Code   RO          647    i.sys_now           ethernetif.o
    0x0800b4f2   0x0800b4f2   0x00000006   Code   RO         8880    i.sys_sem_free      sys_arch.o
    0x0800b4f8   0x0800b4f8   0x0000002c   Code   RO         8881    i.sys_sem_new       sys_arch.o
    0x0800b524   0x0800b524   0x00000006   Code   RO         8882    i.sys_sem_set_invalid  sys_arch.o
    0x0800b52a   0x0800b52a   0x00000006   Code   RO         8883    i.sys_sem_signal    sys_arch.o
    0x0800b530   0x0800b530   0x0000000a   Code   RO         8884    i.sys_sem_valid     sys_arch.o
    0x0800b53a   0x0800b53a   0x00000030   Code   RO         8885    i.sys_thread_new    sys_arch.o
    0x0800b56a   0x0800b56a   0x00000002   PAD
    0x0800b56c   0x0800b56c   0x000000c4   Code   RO         8073    i.sys_timeout       timeouts.o
    0x0800b630   0x0800b630   0x000000f8   Code   RO         8074    i.sys_timeout_abs   timeouts.o
    0x0800b728   0x0800b728   0x00000028   Code   RO         8075    i.sys_timeouts_init  timeouts.o
    0x0800b750   0x0800b750   0x00000028   Code   RO         8076    i.sys_timeouts_sleeptime  timeouts.o
    0x0800b778   0x0800b778   0x000001ac   Code   RO         7508    i.tcp_abandon       tcp.o
    0x0800b924   0x0800b924   0x00000006   Code   RO         7509    i.tcp_abort         tcp.o
    0x0800b92a   0x0800b92a   0x0000000e   Code   RO         7510    i.tcp_accept        tcp.o
    0x0800b938   0x0800b938   0x00000098   Code   RO         7511    i.tcp_accept_null   tcp.o
    0x0800b9d0   0x0800b9d0   0x00000124   Code   RO         7512    i.tcp_alloc         tcp.o
    0x0800baf4   0x0800baf4   0x00000008   Code   RO         7513    i.tcp_arg           tcp.o
    0x0800bafc   0x0800bafc   0x0000014c   Code   RO         7514    i.tcp_bind          tcp.o
    0x0800bc48   0x0800bc48   0x000000a0   Code   RO         7516    i.tcp_close         tcp.o
    0x0800bce8   0x0800bce8   0x000001dc   Code   RO         7517    i.tcp_close_shutdown  tcp.o
    0x0800bec4   0x0800bec4   0x000000c4   Code   RO         7518    i.tcp_close_shutdown_fin  tcp.o
    0x0800bf88   0x0800bf88   0x00000180   Code   RO         7910    i.tcp_create_segment  tcp_out.o
    0x0800c108   0x0800c108   0x000000b8   Code   RO         7521    i.tcp_eff_send_mss_netif  tcp.o
    0x0800c1c0   0x0800c1c0   0x00000234   Code   RO         7911    i.tcp_enqueue_flags  tcp_out.o
    0x0800c3f4   0x0800c3f4   0x000000a4   Code   RO         7522    i.tcp_err           tcp.o
    0x0800c498   0x0800c498   0x0000006c   Code   RO         7523    i.tcp_fasttmr       tcp.o
    0x0800c504   0x0800c504   0x00000090   Code   RO         7524    i.tcp_free          tcp.o
    0x0800c594   0x0800c594   0x0000013c   Code   RO         7821    i.tcp_free_acked_segments  tcp_in.o
    0x0800c6d0   0x0800c6d0   0x00000014   Code   RO         7525    i.tcp_free_ooseq    tcp.o
    0x0800c6e4   0x0800c6e4   0x00000028   Code   RO         7822    i.tcp_get_next_optbyte  tcp_in.o
    0x0800c70c   0x0800c70c   0x00000018   Code   RO         7526    i.tcp_init          tcp.o
    0x0800c724   0x0800c724   0x00000650   Code   RO         7823    i.tcp_input         tcp_in.o
    0x0800cd74   0x0800cd74   0x000000d4   Code   RO         7824    i.tcp_input_delayed_close  tcp_in.o
    0x0800ce48   0x0800ce48   0x000000cc   Code   RO         7912    i.tcp_keepalive     tcp_out.o
    0x0800cf14   0x0800cf14   0x000000bc   Code   RO         7527    i.tcp_kill_state    tcp.o
    0x0800cfd0   0x0800cfd0   0x00000070   Code   RO         7528    i.tcp_listen_closed  tcp.o
    0x0800d040   0x0800d040   0x00000198   Code   RO         7825    i.tcp_listen_input  tcp_in.o
    0x0800d1d8   0x0800d1d8   0x00000180   Code   RO         7530    i.tcp_listen_with_backlog_and_err  tcp.o
    0x0800d358   0x0800d358   0x0000004c   Code   RO         7531    i.tcp_netif_ip_addr_changed  tcp.o
    0x0800d3a4   0x0800d3a4   0x000000c0   Code   RO         7532    i.tcp_netif_ip_addr_changed_pcblist  tcp.o
    0x0800d464   0x0800d464   0x00000006   Code   RO         7534    i.tcp_new_ip_type   tcp.o
    0x0800d46a   0x0800d46a   0x00000002   PAD
    0x0800d46c   0x0800d46c   0x00000060   Code   RO         7535    i.tcp_new_port      tcp.o
    0x0800d4cc   0x0800d4cc   0x00000098   Code   RO         7536    i.tcp_next_iss      tcp.o
    0x0800d564   0x0800d564   0x0000010c   Code   RO         7826    i.tcp_oos_insert_segment  tcp_in.o
    0x0800d670   0x0800d670   0x000002e0   Code   RO         7913    i.tcp_output        tcp_out.o
    0x0800d950   0x0800d950   0x000000cc   Code   RO         7914    i.tcp_output_alloc_header  tcp_out.o
    0x0800da1c   0x0800da1c   0x00000110   Code   RO         7915    i.tcp_output_alloc_header_common  tcp_out.o
    0x0800db2c   0x0800db2c   0x000000e0   Code   RO         7916    i.tcp_output_control_segment  tcp_out.o
    0x0800dc0c   0x0800dc0c   0x000000d8   Code   RO         7917    i.tcp_output_fill_options  tcp_out.o
    0x0800dce4   0x0800dce4   0x000001dc   Code   RO         7918    i.tcp_output_segment  tcp_out.o
    0x0800dec0   0x0800dec0   0x000000a8   Code   RO         7919    i.tcp_output_segment_busy  tcp_out.o
    0x0800df68   0x0800df68   0x000000fc   Code   RO         7827    i.tcp_parseopt      tcp_in.o
    0x0800e064   0x0800e064   0x00000150   Code   RO         7920    i.tcp_pbuf_prealloc  tcp_out.o
    0x0800e1b4   0x0800e1b4   0x000000cc   Code   RO         7537    i.tcp_pcb_purge     tcp.o
    0x0800e280   0x0800e280   0x00000190   Code   RO         7538    i.tcp_pcb_remove    tcp.o
    0x0800e410   0x0800e410   0x000000cc   Code   RO         7539    i.tcp_poll          tcp.o
    0x0800e4dc   0x0800e4dc   0x000004c2   Code   RO         7828    i.tcp_process       tcp_in.o
    0x0800e99e   0x0800e99e   0x00000002   PAD
    0x0800e9a0   0x0800e9a0   0x00000104   Code   RO         7540    i.tcp_process_refused_data  tcp.o
    0x0800eaa4   0x0800eaa4   0x00000904   Code   RO         7829    i.tcp_receive       tcp_in.o
    0x0800f3a8   0x0800f3a8   0x000000a4   Code   RO         7541    i.tcp_recv          tcp.o
    0x0800f44c   0x0800f44c   0x000000b0   Code   RO         7542    i.tcp_recv_null     tcp.o
    0x0800f4fc   0x0800f4fc   0x00000100   Code   RO         7543    i.tcp_recved        tcp.o
    0x0800f5fc   0x0800f5fc   0x00000058   Code   RO         7544    i.tcp_remove_listener  tcp.o
    0x0800f654   0x0800f654   0x000000ec   Code   RO         7921    i.tcp_rexmit        tcp_out.o
    0x0800f740   0x0800f740   0x000000e8   Code   RO         7922    i.tcp_rexmit_fast   tcp_out.o
    0x0800f828   0x0800f828   0x000000a4   Code   RO         7923    i.tcp_rexmit_rto    tcp_out.o
    0x0800f8cc   0x0800f8cc   0x000000ac   Code   RO         7924    i.tcp_rexmit_rto_commit  tcp_out.o
    0x0800f978   0x0800f978   0x000000f8   Code   RO         7925    i.tcp_rexmit_rto_prepare  tcp_out.o
    0x0800fa70   0x0800fa70   0x00000010   Code   RO         7926    i.tcp_route         tcp_out.o
    0x0800fa80   0x0800fa80   0x00000114   Code   RO         7927    i.tcp_rst           tcp_out.o
    0x0800fb94   0x0800fb94   0x000000ac   Code   RO         7545    i.tcp_seg_copy      tcp.o
    0x0800fc40   0x0800fc40   0x0000001c   Code   RO         7546    i.tcp_seg_free      tcp.o
    0x0800fc5c   0x0800fc5c   0x00000012   Code   RO         7547    i.tcp_segs_free     tcp.o
    0x0800fc6e   0x0800fc6e   0x00000002   PAD
    0x0800fc70   0x0800fc70   0x000000ec   Code   RO         7928    i.tcp_send_empty_ack  tcp_out.o
    0x0800fd5c   0x0800fd5c   0x000000cc   Code   RO         7929    i.tcp_send_fin      tcp_out.o
    0x0800fe28   0x0800fe28   0x000000a4   Code   RO         7548    i.tcp_sent          tcp.o
    0x0800fecc   0x0800fecc   0x000000dc   Code   RO         7550    i.tcp_shutdown      tcp.o
    0x0800ffa8   0x0800ffa8   0x000005d0   Code   RO         7551    i.tcp_slowtmr       tcp.o
    0x08010578   0x08010578   0x0000022c   Code   RO         7930    i.tcp_split_unsent_seg  tcp_out.o
    0x080107a4   0x080107a4   0x00000034   Code   RO         8078    i.tcp_timer_needed  timeouts.o
    0x080107d8   0x080107d8   0x00000100   Code   RO         7830    i.tcp_timewait_input  tcp_in.o
    0x080108d8   0x080108d8   0x00000020   Code   RO         7553    i.tcp_tmr           tcp.o
    0x080108f8   0x080108f8   0x00000010   Code   RO         7831    i.tcp_trigger_input_pcb_close  tcp_in.o
    0x08010908   0x08010908   0x000000f4   Code   RO         7555    i.tcp_update_rcv_ann_wnd  tcp.o
    0x080109fc   0x080109fc   0x000006b8   Code   RO         7931    i.tcp_write         tcp_out.o
    0x080110b4   0x080110b4   0x00000174   Code   RO         7932    i.tcp_write_checks  tcp_out.o
    0x08011228   0x08011228   0x00000140   Code   RO         7933    i.tcp_zero_window_probe  tcp_out.o
    0x08011368   0x08011368   0x00000110   Code   RO         6334    i.tcpip_init        tcpip.o
    0x08011478   0x08011478   0x000000c0   Code   RO         6335    i.tcpip_inpkt       tcpip.o
    0x08011538   0x08011538   0x0000001c   Code   RO         6336    i.tcpip_input       tcpip.o
    0x08011554   0x08011554   0x00000020   Code   RO         6337    i.tcpip_send_msg_wait_sem  tcpip.o
    0x08011574   0x08011574   0x00000038   Code   RO         8079    i.tcpip_tcp_timer   timeouts.o
    0x080115ac   0x080115ac   0x000000f8   Code   RO         6338    i.tcpip_thread      tcpip.o
    0x080116a4   0x080116a4   0x000000cc   Code   RO         6339    i.tcpip_thread_handle_msg  tcpip.o
    0x08011770   0x08011770   0x000000bc   Code   RO         6340    i.tcpip_try_callback  tcpip.o
    0x0801182c   0x0801182c   0x000000a0   Code   RO          434    i.thread_MainTask   freertos.o
    0x080118cc   0x080118cc   0x00000008   Code   RO          435    i.thread_SecondTask  freertos.o
    0x080118d4   0x080118d4   0x00000134   Code   RO         8159    i.udp_bind          udp.o
    0x08011a08   0x08011a08   0x00000018   Code   RO         8163    i.udp_init          udp.o
    0x08011a20   0x08011a20   0x000001e8   Code   RO         8164    i.udp_input         udp.o
    0x08011c08   0x08011c08   0x0000010c   Code   RO         8165    i.udp_input_local_match  udp.o
    0x08011d14   0x08011d14   0x00000034   Code   RO         8166    i.udp_netif_ip_addr_changed  udp.o
    0x08011d48   0x08011d48   0x0000001a   Code   RO         8167    i.udp_new           udp.o
    0x08011d62   0x08011d62   0x00000004   Code   RO         8168    i.udp_new_ip_type   udp.o
    0x08011d66   0x08011d66   0x00000002   PAD
    0x08011d68   0x08011d68   0x00000088   Code   RO         8169    i.udp_recv          udp.o
    0x08011df0   0x08011df0   0x000000b0   Code   RO         8170    i.udp_remove        udp.o
    0x08011ea0   0x08011ea0   0x00000114   Code   RO         8172    i.udp_sendto        udp.o
    0x08011fb4   0x08011fb4   0x00000140   Code   RO         8173    i.udp_sendto_if     udp.o
    0x080120f4   0x080120f4   0x00000248   Code   RO         8174    i.udp_sendto_if_src  udp.o
    0x0801233c   0x0801233c   0x00000026   Code   RO         3375    i.uxListRemove      list.o
    0x08012362   0x08012362   0x00000024   Code   RO         3421    i.uxQueueMessagesWaiting  queue.o
    0x08012386   0x08012386   0x00000016   Code   RO         3422    i.uxQueueMessagesWaitingFromISR  queue.o
    0x0801239c   0x0801239c   0x00000014   Code   RO          436    i.vApplicationGetIdleTaskMemory  freertos.o
    0x080123b0   0x080123b0   0x00000016   Code   RO         3376    i.vListInitialise   list.o
    0x080123c6   0x080123c6   0x00000006   Code   RO         3377    i.vListInitialiseItem  list.o
    0x080123cc   0x080123cc   0x00000030   Code   RO         3378    i.vListInsert       list.o
    0x080123fc   0x080123fc   0x00000018   Code   RO         3379    i.vListInsertEnd    list.o
    0x08012414   0x08012414   0x00000040   Code   RO         4516    i.vPortEnterCritical  port.o
    0x08012454   0x08012454   0x00000028   Code   RO         4517    i.vPortExitCritical  port.o
    0x0801247c   0x0801247c   0x0000005c   Code   RO         4453    i.vPortFree         heap_4.o
    0x080124d8   0x080124d8   0x00000024   Code   RO         4518    i.vPortSetupTimerInterrupt  port.o
    0x080124fc   0x080124fc   0x00000054   Code   RO         4519    i.vPortValidateInterruptPriority  port.o
    0x08012550   0x08012550   0x0000002e   Code   RO         3425    i.vQueueDelete      queue.o
    0x0801257e   0x0801257e   0x00000002   PAD
    0x08012580   0x08012580   0x00000028   Code   RO         3426    i.vQueueUnregisterQueue  queue.o
    0x080125a8   0x080125a8   0x0000004c   Code   RO         3763    i.vTaskDelay        tasks.o
    0x080125f4   0x080125f4   0x000000ac   Code   RO         3764    i.vTaskDelete       tasks.o
    0x080126a0   0x080126a0   0x00000010   Code   RO         3766    i.vTaskInternalSetTimeOutState  tasks.o
    0x080126b0   0x080126b0   0x0000000c   Code   RO         3767    i.vTaskMissedYield  tasks.o
    0x080126bc   0x080126bc   0x00000030   Code   RO         3769    i.vTaskPlaceOnEventList  tasks.o
    0x080126ec   0x080126ec   0x000000a8   Code   RO         3771    i.vTaskPriorityDisinheritAfterTimeout  tasks.o
    0x08012794   0x08012794   0x0000006c   Code   RO         3776    i.vTaskStartScheduler  tasks.o
    0x08012800   0x08012800   0x00000010   Code   RO         3778    i.vTaskSuspendAll   tasks.o
    0x08012810   0x08012810   0x0000005c   Code   RO         3779    i.vTaskSwitchContext  tasks.o
    0x0801286c   0x0801286c   0x000000a8   Code   RO          252    i.ws_send_thread    net.o
    0x08012914   0x08012914   0x00000170   Code   RO          253    i.ws_server_thread  net.o
    0x08012a84   0x08012a84   0x000000f4   Code   RO         4520    i.xPortStartScheduler  port.o
    0x08012b78   0x08012b78   0x0000003a   Code   RO         3427    i.xQueueCreateCountingSemaphore  queue.o
    0x08012bb2   0x08012bb2   0x00000040   Code   RO         3428    i.xQueueCreateCountingSemaphoreStatic  queue.o
    0x08012bf2   0x08012bf2   0x00000016   Code   RO         3429    i.xQueueCreateMutex  queue.o
    0x08012c08   0x08012c08   0x0000001a   Code   RO         3430    i.xQueueCreateMutexStatic  queue.o
    0x08012c22   0x08012c22   0x00000048   Code   RO         3431    i.xQueueGenericCreate  queue.o
    0x08012c6a   0x08012c6a   0x00000066   Code   RO         3432    i.xQueueGenericCreateStatic  queue.o
    0x08012cd0   0x08012cd0   0x00000088   Code   RO         3433    i.xQueueGenericReset  queue.o
    0x08012d58   0x08012d58   0x00000160   Code   RO         3434    i.xQueueGenericSend  queue.o
    0x08012eb8   0x08012eb8   0x000000bc   Code   RO         3435    i.xQueueGenericSendFromISR  queue.o
    0x08012f74   0x08012f74   0x0000009c   Code   RO         3436    i.xQueueGiveFromISR  queue.o
    0x08013010   0x08013010   0x00000138   Code   RO         3441    i.xQueueReceive     queue.o
    0x08013148   0x08013148   0x0000009a   Code   RO         3442    i.xQueueReceiveFromISR  queue.o
    0x080131e2   0x080131e2   0x00000002   PAD
    0x080131e4   0x080131e4   0x00000178   Code   RO         3443    i.xQueueSemaphoreTake  queue.o
    0x0801335c   0x0801335c   0x00000074   Code   RO         3780    i.xTaskCheckForTimeOut  tasks.o
    0x080133d0   0x080133d0   0x0000005a   Code   RO         3781    i.xTaskCreate       tasks.o
    0x0801342a   0x0801342a   0x00000056   Code   RO         3782    i.xTaskCreateStatic  tasks.o
    0x08013480   0x08013480   0x0000001c   Code   RO         3787    i.xTaskGetSchedulerState  tasks.o
    0x0801349c   0x0801349c   0x0000000c   Code   RO         3788    i.xTaskGetTickCount  tasks.o
    0x080134a8   0x080134a8   0x00000010   Code   RO         3789    i.xTaskGetTickCountFromISR  tasks.o
    0x080134b8   0x080134b8   0x000000c8   Code   RO         3790    i.xTaskIncrementTick  tasks.o
    0x08013580   0x08013580   0x00000098   Code   RO         3793    i.xTaskPriorityDisinherit  tasks.o
    0x08013618   0x08013618   0x00000094   Code   RO         3794    i.xTaskPriorityInherit  tasks.o
    0x080136ac   0x080136ac   0x00000074   Code   RO         3795    i.xTaskRemoveFromEventList  tasks.o
    0x08013720   0x08013720   0x000000c4   Code   RO         3796    i.xTaskResumeAll    tasks.o
    0x080137e4   0x080137e4   0x00000058   Data   RO          438    .constdata          freertos.o
    0x0801383c   0x0801383c   0x0000001c   Data   RO          649    .constdata          ethernetif.o
    0x08013858   0x08013858   0x0000001c   Data   RO          812    .constdata          lwip.o
    0x08013874   0x08013874   0x00000010   Data   RO         3238    .constdata          system_stm32f4xx.o
    0x08013884   0x08013884   0x00000008   Data   RO         3239    .constdata          system_stm32f4xx.o
    0x0801388c   0x0801388c   0x00000006   Data   RO         5122    .constdata          ethernet.o
    0x08013892   0x08013892   0x00000006   Data   RO         5123    .constdata          ethernet.o
    0x08013898   0x08013898   0x00000003   Data   RO         5584    .constdata          api_msg.o
    0x0801389b   0x0801389b   0x00000001   PAD
    0x0801389c   0x0801389c   0x0000000c   Data   RO         6912    .constdata          memp.o
    0x080138a8   0x080138a8   0x0000000c   Data   RO         6913    .constdata          memp.o
    0x080138b4   0x080138b4   0x0000000c   Data   RO         6914    .constdata          memp.o
    0x080138c0   0x080138c0   0x0000000c   Data   RO         6915    .constdata          memp.o
    0x080138cc   0x080138cc   0x0000000c   Data   RO         6916    .constdata          memp.o
    0x080138d8   0x080138d8   0x0000000c   Data   RO         6917    .constdata          memp.o
    0x080138e4   0x080138e4   0x0000000c   Data   RO         6918    .constdata          memp.o
    0x080138f0   0x080138f0   0x0000000c   Data   RO         6919    .constdata          memp.o
    0x080138fc   0x080138fc   0x0000000c   Data   RO         6920    .constdata          memp.o
    0x08013908   0x08013908   0x0000000c   Data   RO         6921    .constdata          memp.o
    0x08013914   0x08013914   0x0000000c   Data   RO         6922    .constdata          memp.o
    0x08013920   0x08013920   0x0000000c   Data   RO         6923    .constdata          memp.o
    0x0801392c   0x0801392c   0x0000000c   Data   RO         6924    .constdata          memp.o
    0x08013938   0x08013938   0x0000000c   Data   RO         6925    .constdata          memp.o
    0x08013944   0x08013944   0x00000038   Data   RO         6926    .constdata          memp.o
    0x0801397c   0x0801397c   0x00000054   Data   RO         7556    .constdata          tcp.o
    0x080139d0   0x080139d0   0x00000020   Data   RO         8080    .constdata          timeouts.o
    0x080139f0   0x080139f0   0x00000004   Data   RO         8547    .constdata          ip4_addr.o
    0x080139f4   0x080139f4   0x00000018   Data   RO         8886    .constdata          sys_arch.o
    0x08013a0c   0x08013a0c   0x000000c0   Data   RO         9300    .constdata          base64.o
    0x08013acc   0x08013acc   0x00000155   Data   RO          255    .conststring        net.o
    0x08013c21   0x08013c21   0x00000003   PAD
    0x08013c24   0x08013c24   0x00000015   Data   RO          439    .conststring        freertos.o
    0x08013c39   0x08013c39   0x00000003   PAD
    0x08013c3c   0x08013c3c   0x00000006   Data   RO          650    .conststring        ethernetif.o
    0x08013c42   0x08013c42   0x00000002   PAD
    0x08013c44   0x08013c44   0x00000008   Data   RO          813    .conststring        lwip.o
    0x08013c4c   0x08013c4c   0x00000075   Data   RO         7557    .conststring        tcp.o
    0x08013cc1   0x08013cc1   0x00000003   PAD
    0x08013cc4   0x08013cc4   0x00000055   Data   RO         7934    .conststring        tcp_out.o
    0x08013d19   0x08013d19   0x00000003   PAD
    0x08013d1c   0x08013d1c   0x00000041   Data   RO         8335    .conststring        etharp.o
    0x08013d5d   0x08013d5d   0x00000003   PAD
    0x08013d60   0x08013d60   0x00000040   Data   RO        10308    Region$$Table       anon$$obj.o


    Execution Region RW_IRAM2 (Exec base: 0x10000000, Load base: 0x08013e34, Size: 0x00001ef4, Max: 0x00010000, ABSOLUTE, COMPRESSED[0x0000002c])

    Exec Addr    Load Addr    Size         Type   Attr      Idx    E Section Name        Object

    0x10000000   COMPRESSED   0x00000900   Data   RW           13    .data               config.o
    0x10000900   COMPRESSED   0x00000004   Data   RW          651    .data               ethernetif.o
    0x10000904   COMPRESSED   0x00000024   Data   RW          814    .data               lwip.o
    0x10000928   COMPRESSED   0x0000000c   Data   RW         2077    .data               stm32f4xx_hal.o
    0x10000934   COMPRESSED   0x00000004   Data   RW         3240    .data               system_stm32f4xx.o
    0x10000938   COMPRESSED   0x0000003c   Data   RW         3799    .data               tasks.o
    0x10000974   COMPRESSED   0x0000000c   Data   RW         6573    .data               dns.o
    0x10000980   COMPRESSED   0x00000010   Data   RW         6822    .data               mem.o
    0x10000990   COMPRESSED   0x00000004   Data   RW         6928    .data               memp.o
    0x10000994   COMPRESSED   0x00000004   Data   RW         6930    .data               memp.o
    0x10000998   COMPRESSED   0x00000004   Data   RW         6932    .data               memp.o
    0x1000099c   COMPRESSED   0x00000004   Data   RW         6934    .data               memp.o
    0x100009a0   COMPRESSED   0x00000004   Data   RW         6936    .data               memp.o
    0x100009a4   COMPRESSED   0x00000004   Data   RW         6938    .data               memp.o
    0x100009a8   COMPRESSED   0x00000004   Data   RW         6940    .data               memp.o
    0x100009ac   COMPRESSED   0x00000001   Data   RW         7259    .data               pbuf.o
    0x100009ad   COMPRESSED   0x00000003   PAD
    0x100009b0   COMPRESSED   0x00000020   Data   RW         7558    .data               tcp.o
    0x100009d0   COMPRESSED   0x00000024   Data   RW         7833    .data               tcp_in.o
    0x100009f4   COMPRESSED   0x0000000c   Data   RW         8082    .data               timeouts.o
    0x10000a00   COMPRESSED   0x00000008   Data   RW         8175    .data               udp.o
    0x10000a08   COMPRESSED   0x00000004   Data   RW         9590    .data               platform_util.o
    0x10000a0c   COMPRESSED   0x00000004   Data   RW         9923    .data               mc_w.l(stderr.o)
    0x10000a10   COMPRESSED   0x00000004   Data   RW         9986    .data               mc_w.l(strtok.o)
    0x10000a14        -       0x000008a0   Zero   RW          254    .bss                net.o
    0x100012b4        -       0x00000254   Zero   RW          437    .bss                freertos.o
    0x10001508        -       0x00000040   Zero   RW          599    .bss                stm32f4xx_hal_timebase_tim.o
    0x10001548        -       0x000000f0   Zero   RW         3798    .bss                tasks.o
    0x10001638        -       0x00000480   Zero   RW         6571    .bss                dns.o
    0x10001ab8        -       0x00000018   Zero   RW         6789    .bss                ip.o
    0x10001ad0        -       0x00000083   Zero   RW         6898    .bss                memp.o
    0x10001b53        -       0x000000e3   Zero   RW         6900    .bss                memp.o
    0x10001c36        -       0x00000103   Zero   RW         6901    .bss                memp.o
    0x10001d39        -       0x00000083   Zero   RW         6907    .bss                memp.o
    0x10001dbc        -       0x00000137   Zero   RW         6909    .bss                memp.o


    Execution Region RW_IRAM1 (Exec base: 0x20000000, Load base: 0x08013da0, Size: 0x00011ef8, Max: 0x00020000, ABSOLUTE)

    Exec Addr    Load Addr    Size         Type   Attr      Idx    E Section Name        Object

    0x20000000   0x08013da0   0x00000018   Data   RW          257    .data               net.o
    0x20000018   0x08013db8   0x00000008   Data   RW          440    .data               freertos.o
    0x20000020   0x08013dc0   0x00000018   Data   RW         4458    .data               heap_4.o
    0x20000038   0x08013dd8   0x0000000c   Data   RW         4521    .data               port.o
    0x20000044   0x08013de4   0x00000010   Data   RW         6341    .data               tcpip.o
    0x20000054   0x08013df4   0x00000004   Data   RW         6927    .data               memp.o
    0x20000058   0x08013df8   0x00000004   Data   RW         6929    .data               memp.o
    0x2000005c   0x08013dfc   0x00000004   Data   RW         6931    .data               memp.o
    0x20000060   0x08013e00   0x00000004   Data   RW         6933    .data               memp.o
    0x20000064   0x08013e04   0x00000004   Data   RW         6935    .data               memp.o
    0x20000068   0x08013e08   0x00000004   Data   RW         6937    .data               memp.o
    0x2000006c   0x08013e0c   0x00000004   Data   RW         6939    .data               memp.o
    0x20000070   0x08013e10   0x0000000c   Data   RW         7061    .data               netif.o
    0x2000007c   0x08013e1c   0x00000001   Data   RW         8336    .data               etharp.o
    0x2000007d   0x08013e1d   0x00000001   PAD
    0x2000007e   0x08013e1e   0x00000002   Data   RW         8491    .data               ip4.o
    0x20000080   0x08013e20   0x00000008   Data   RW         8618    .data               ip4_frag.o
    0x20000088   0x08013e28   0x00000004   Data   RW         8888    .data               sys_arch.o
    0x2000008c   0x08013e2c   0x00000004   Data   RW         9922    .data               mc_w.l(stdout.o)
    0x20000090   0x08013e30   0x00000004   Data   RW         9957    .data               mc_w.l(rand.o)
    0x20000094        -       0x000030e8   Zero   RW          648    .bss                ethernetif.o
    0x2000317c        -       0x00000034   Zero   RW          811    .bss                lwip.o
    0x200031b0        -       0x00000040   Zero   RW         3444    .bss                queue.o
    0x200031f0        -       0x00007800   Zero   RW         4457    .bss                heap_4.o
    0x2000a9f0        -       0x00000653   Zero   RW         6821    .bss                mem.o
    0x2000b043        -       0x0000030f   Zero   RW         6899    .bss                memp.o
    0x2000b352        -       0x000000a3   Zero   RW         6902    .bss                memp.o
    0x2000b3f5        -       0x0000016b   Zero   RW         6903    .bss                memp.o
    0x2000b560        -       0x00000023   Zero   RW         6904    .bss                memp.o
    0x2000b583        -       0x000000a3   Zero   RW         6905    .bss                memp.o
    0x2000b626        -       0x00000083   Zero   RW         6906    .bss                memp.o
    0x2000b6a9        -       0x00000043   Zero   RW         6908    .bss                memp.o
    0x2000b6ec        -       0x00000103   Zero   RW         6910    .bss                memp.o
    0x2000b7ef        -       0x00002603   Zero   RW         6911    .bss                memp.o
    0x2000ddf2   0x08013e34   0x00000002   PAD
    0x2000ddf4        -       0x00000010   Zero   RW         7832    .bss                tcp_in.o
    0x2000de04        -       0x000000f0   Zero   RW         8334    .bss                etharp.o
    0x2000def4   0x08013e34   0x00000004   PAD
    0x2000def8        -       0x00004000   Zero   RW            1    STACK               startup_stm32f407xx.o


==============================================================================

Image component sizes


      Code (inc. data)   RO Data    RW Data    ZI Data      Debug   Object Name

      2790       1428          0          0          0      43624   api_lib.o
      6422       2780          3          0          0      40423   api_msg.o
         0          0          0          0          0       2216   auth.o
       268          6        192          0          0       2052   base64.o
         0          0          0          0          0       6575   bridgeif.o
       968         30          0          0          0      39926   cmsis_os.o
         0          0          0       2304          0     764608   config.o
         8          0          0          0          0       1170   def.o
       994        288          0         12       1152      11257   dns.o
         0          0          0          0          0       2488   err.o
      2936       1186         65          1        240      13275   etharp.o
       412        154         12          0          0       2858   ethernet.o
      1362        180         34          4      12520      25621   ethernetif.o
         0          0          0          0          0      18892   event_groups.o
       248         46        109          8        596      13735   freertos.o
       160         12          0          0          0       1063   gpio.o
       460         24          0         24      30720       7559   heap_4.o
       776        350          0          0          0       4630   icmp.o
        38          0          0          0          0      10215   init.o
         0          0          0          0         24       3286   ip.o
       918        184          0          2          0       5856   ip4.o
        46          0          4          0          0       8782   ip4_addr.o
      2904       1164          0          8          0      12114   ip4_frag.o
       138          0          0          0          0      12786   list.o
       300         24         36         36         52       3450   lwip.o
       178         16          0          0          0       6968   main.o
         2          0          0          0          0        490   mbedtls.o
      2172       1044          0         16       1619       8425   mem.o
       746        500        224         56      12754      11546   memp.o
      1372        180        341         24       2208       9727   net.o
       286        180          0          0          0       1998   netbuf.o
      1782        998          0         12          0      16640   netif.o
      4074       2130          0          1          0      22219   pbuf.o
        16          6          0          4          0       1559   platform_util.o
       786         82          0         12          0      12345   port.o
      2486         22          0          0         64      29312   queue.o
        68         14          0          0          0       3571   retarget_io.o
      5166         36          0          0          0       9192   sha1.o
        36          8        392          0      16384        868   startup_stm32f407xx.o
       116         18          0         12          0       8954   stm32f4xx_hal.o
       158         14          0          0          0      33326   stm32f4xx_hal_cortex.o
      2444         76          0          0          0      15479   stm32f4xx_hal_eth.o
       460         46          0          0          0       3195   stm32f4xx_hal_gpio.o
        56          4          0          0          0        934   stm32f4xx_hal_msp.o
      1372         76          0          0          0       6010   stm32f4xx_hal_rcc.o
       656         44          0          0          0       7592   stm32f4xx_hal_tim.o
         4          0          0          0          0       1705   stm32f4xx_hal_tim_ex.o
       116         16          0          0         64       1523   stm32f4xx_hal_timebase_tim.o
        36         12          0          0          0       4005   stm32f4xx_it.o
       484         24         24          4          0      20224   sys_arch.o
        28          6         24          4          0       1259   system_stm32f4xx.o
      2544        196          0         60        240      30812   tasks.o
      8032       4024        201         32          0      44064   tcp.o
      6910       2036          0         36         16      23159   tcp_in.o
      8536       4058         85          0          0      35838   tcp_out.o
      1164        666          0         16          0       8734   tcpip.o
       760        374         32         12          0       7895   timeouts.o
      2662       1398          0          8          0      12758   udp.o
         0          0          0          0          0        392   utils.o

    ----------------------------------------------------------------------
     77930      26160       1860       2712      78660    1461179   Object Totals
         0          0         64          0          0          0   (incl. Generated)
        74          0         18          4          7          0   (incl. Padding)

    ----------------------------------------------------------------------

      Code (inc. data)   RO Data    RW Data    ZI Data      Debug   Library Member Name

        58          0          0          0          0          0   __dczerorl.o
         0          0          0          0          0          0   entry.o
         0          0          0          0          0          0   entry10a.o
         0          0          0          0          0          0   entry11a.o
         8          4          0          0          0          0   entry2.o
         4          0          0          0          0          0   entry5.o
         0          0          0          0          0          0   entry7b.o
         0          0          0          0          0          0   entry8b.o
         8          4          0          0          0          0   entry9a.o
        30          0          0          0          0          0   handlers.o
        36          8          0          0          0         68   init.o
        30          0          0          0          0         68   llshl.o
        32          0          0          0          0         68   llushr.o
        26          0          0          0          0         80   memcmp.o
        64          0          0          0          0         76   memmovea.o
        36          0          0          0          0        108   memseta.o
       786         62          0          0          0        336   printf5.o
        36         10          0          4          0        136   rand.o
         0          0          0          4          0          0   stderr.o
         0          0          0          4          0          0   stdout.o
        24          0          0          0          0         68   strcat.o
        20          0          0          0          0         68   strchr.o
        28          0          0          0          0         76   strcmp.o
        18          0          0          0          0         68   strcpy.o
        14          0          0          0          0         68   strlen.o
        30          0          0          0          0         80   strncmp.o
        24          0          0          0          0         76   strncpy.o
        36          0          0          0          0         80   strstr.o
        68          6          0          4          0         80   strtok.o
        98          0          0          0          0         92   uldiv.o

    ----------------------------------------------------------------------
      1522         94          0         16          0       1696   Library Totals
         8          0          0          0          0          0   (incl. Padding)

    ----------------------------------------------------------------------

      Code (inc. data)   RO Data    RW Data    ZI Data      Debug   Library Name

      1514         94          0         16          0       1696   mc_w.l

    ----------------------------------------------------------------------
      1522         94          0         16          0       1696   Library Totals

    ----------------------------------------------------------------------

==============================================================================


      Code (inc. data)   RO Data    RW Data    ZI Data      Debug   

     79452      26254       1860       2728      78660    1419175   Grand Totals
     79452      26254       1860        192      78660    1419175   ELF Image Totals (compressed)
     79452      26254       1860        192          0          0   ROM Totals

==============================================================================

    Total RO  Size (Code + RO Data)                81312 (  79.41kB)
    Total RW  Size (RW Data + ZI Data)             81388 (  79.48kB)
    Total ROM Size (Code + RO Data + RW Data)      81504 (  79.59kB)

==============================================================================

