<html>
<body>
<pre>
<h1>µVision Build Log</h1>
<h2>Tool Versions:</h2>
IDE-Version: µVision V5.25.3.0
Copyright (C) 2018 ARM Ltd and ARM Germany GmbH. All rights reserved.
License Information: Max -, -, LIC=PF8NP-M90WX-XD8KM-VXUHK-RM735-GP9TM
 
Tool Versions:
Toolchain:       MDK-ARM Essential  Version: 5.29.0.0
Toolchain Path:  C:\Keil_v5\ARM\ARMCC\Bin
C Compiler:      Armcc.exe V5.06 update 6 (build 750)
Assembler:       Armasm.exe V5.06 update 6 (build 750)
Linker/Locator:  ArmLink.exe V5.06 update 6 (build 750)
Library Manager: ArmAr.exe V5.06 update 6 (build 750)
Hex Converter:   FromElf.exe V5.06 update 6 (build 750)
CPU DLL:         SARMCM3.DLL V5.29.0.0
Dialog DLL:      DCM.DLL V1.17.3.0
Target DLL:      STLink\ST-LINKIII-KEIL_SWO.dll V3.0.7.0
Dialog DLL:      TCM.DLL V1.36.5.0
 
<h2>Project:</h2>
F:\WORK_FOLDER\PROJECTS\_repo_\pelena\PELENA-20R-01\web_socket_stm32f4\MDK-ARM\web_socket_stm32f4.uvprojx
Project File Date:  03/03/2021

<h2>Output:</h2>
*** Using Compiler 'V5.06 update 6 (build 750)', folder: 'C:\Keil_v5\ARM\ARMCC\Bin'
Build target 'web_socket_stm32f4'
assembling startup_stm32f407xx.s...
compiling gpio.c...
compiling main.c...
compiling net.c...
..\Core\Src\net.c(128): warning:  #177-D: variable "SendTaskHandle"  was declared but never referenced
    TaskHandle_t SendTaskHandle;
..\Core\Src\net.c(189): warning:  #177-D: variable "ws_con"  was declared but never referenced
    struct netconn *ws_con = (struct netconn*)argument;
..\Core\Src\net.c(219): warning:  #940-D: missing return statement at end of non-void function "get_binary_pack_len" 
  }
..\Core\Src\net.c(231): warning:  #186-D: pointless comparison of unsigned integer with zero
    for (uint8_t iByte = 4; iByte >= 0; --iByte)
..\Core\Src\net.c(187): warning:  #177-D: function "ws_send_thread"  was declared but never referenced
  static void ws_send_thread(void * argument)
..\Core\Src\net.c(228): warning:  #177-D: function "ws_create_binary_len"  was declared but never referenced
  static uint8_t ws_create_binary_len(uint32_t len, uint8_t *outbuf)
..\Core\Src\net.c(216): warning:  #177-D: function "get_binary_pack_len"  was declared but never referenced
  static uint8_t get_binary_pack_len(uint8_t *buf)
..\Core\Src\net.c: 7 warnings, 0 errors
compiling config.c...
compiling stm32f4xx_it.c...
compiling stm32f4xx_hal_timebase_tim.c...
compiling stm32f4xx_hal_msp.c...
compiling mbedtls.c...
compiling net_sockets.c...
compiling freertos.c...
compiling retarget.c...
compiling stm32f4xx_hal_eth.c...
compiling ethernetif.c...
compiling stm32f4xx_hal_rcc.c...
compiling lwip.c...
compiling stm32f4xx_hal_rcc_ex.c...
compiling stm32f4xx_hal_flash_ramfunc.c...
compiling stm32f4xx_hal_flash_ex.c...
compiling stm32f4xx_hal_flash.c...
compiling stm32f4xx_hal_pwr.c...
compiling stm32f4xx_hal_dma.c...
compiling stm32f4xx_hal_gpio.c...
compiling stm32f4xx_hal_dma_ex.c...
compiling stm32f4xx_hal_pwr_ex.c...
compiling stm32f4xx_hal.c...
compiling stm32f4xx_hal_cortex.c...
compiling stm32f4xx_hal_exti.c...
compiling croutine.c...
compiling event_groups.c...
compiling list.c...
compiling queue.c...
compiling stream_buffer.c...
compiling tasks.c...
compiling timers.c...
compiling cmsis_os.c...
compiling heap_4.c...
compiling system_stm32f4xx.c...
compiling stm32f4xx_hal_tim_ex.c...
compiling port.c...
compiling stm32f4xx_hal_tim.c...
compiling ccp.c...
compiling chap_ms.c...
compiling auth.c...
compiling chap-md5.c...
compiling eap.c...
compiling demand.c...
compiling chap-new.c...
compiling eui64.c...
compiling ipv6cp.c...
compiling ipcp.c...
compiling fsm.c...
compiling lcp.c...
compiling mppe.c...
compiling magic.c...
compiling ppp.c...
compiling multilink.c...
compiling pppcrypt.c...
compiling pppoe.c...
compiling pppapi.c...
compiling pppol2tp.c...
compiling pppos.c...
compiling vj.c...
compiling upap.c...
compiling utils.c...
compiling lowpan6.c...
compiling ethernet.c...
compiling bridgeif_fdb.c...
compiling bridgeif.c...
compiling lowpan6_ble.c...
compiling lowpan6_common.c...
compiling zepif.c...
compiling slipif.c...
compiling err.c...
compiling api_lib.c...
compiling api_msg.c...
compiling if_api.c...
compiling netbuf.c...
compiling netifapi.c...
compiling netdb.c...
compiling sockets.c...
compiling altcp.c...
compiling altcp_alloc.c...
compiling tcpip.c...
compiling altcp_tcp.c...
compiling def.c...
compiling dns.c...
compiling inet_chksum.c...
compiling init.c...
compiling ip.c...
compiling mem.c...
compiling memp.c...
compiling netif.c...
compiling pbuf.c...
compiling raw.c...
compiling stats.c...
compiling sys.c...
compiling tcp.c...
compiling tcp_in.c...
compiling tcp_out.c...
compiling timeouts.c...
compiling autoip.c...
compiling udp.c...
compiling dhcp.c...
compiling etharp.c...
compiling igmp.c...
compiling icmp.c...
compiling ip4.c...
compiling ip4_addr.c...
compiling dhcp6.c...
compiling ethip6.c...
compiling ip4_frag.c...
compiling icmp6.c...
compiling inet6.c...
compiling ip6.c...
compiling ip6_addr.c...
compiling ip6_frag.c...
compiling nd6.c...
compiling mld6.c...
compiling aes.c...
compiling aesni.c...
compiling arc4.c...
compiling aria.c...
compiling asn1parse.c...
compiling sys_arch.c...
compiling asn1write.c...
compiling bignum.c...
compiling base64.c...
compiling blowfish.c...
compiling camellia.c...
compiling ccm.c...
compiling certs.c...
compiling chacha20.c...
compiling chachapoly.c...
compiling cipher.c...
compiling cipher_wrap.c...
compiling cmac.c...
compiling ctr_drbg.c...
compiling debug.c...
compiling dhm.c...
compiling des.c...
compiling ecdh.c...
compiling ecdsa.c...
compiling ecjpake.c...
compiling mqtt.c...
compiling ecp.c...
compiling ecp_curves.c...
compiling entropy.c...
compiling entropy_poll.c...
compiling error.c...
compiling gcm.c...
compiling havege.c...
compiling hkdf.c...
compiling hmac_drbg.c...
compiling md.c...
compiling md2.c...
compiling md4.c...
compiling md5.c...
compiling memory_buffer_alloc.c...
compiling md_wrap.c...
compiling nist_kw.c...
compiling oid.c...
compiling padlock.c...
compiling pem.c...
compiling pk.c...
compiling pkcs11.c...
compiling pkcs5.c...
compiling pkcs12.c...
compiling pkparse.c...
compiling pkwrite.c...
compiling pk_wrap.c...
compiling platform.c...
compiling platform_util.c...
compiling poly1305.c...
compiling ripemd160.c...
compiling rsa.c...
compiling rsa_internal.c...
compiling sha256.c...
compiling sha512.c...
compiling ssl_cache.c...
compiling ssl_ciphersuites.c...
compiling ssl_cookie.c...
compiling ssl_cli.c...
compiling sha1.c...
compiling ssl_ticket.c...
compiling ssl_srv.c...
compiling ssl_tls.c...
compiling threading.c...
compiling version.c...
compiling timing.c...
compiling version_features.c...
compiling x509.c...
compiling x509write_crt.c...
compiling x509write_csr.c...
compiling x509_create.c...
compiling x509_crl.c...
compiling x509_crt.c...
compiling x509_csr.c...
compiling xtea.c...
linking...
Program Size: Code=79260 RO-data=1880 RW-data=2716 ZI-data=76700  
FromELF: creating hex file...
"web_socket_stm32f4\web_socket_stm32f4.axf" - 0 Error(s), 7 Warning(s).

<h2>Software Packages used:</h2>

Package Vendor: ARM
                http://www.keil.com/pack/ARM.CMSIS.5.6.0.pack
                ARM.CMSIS.5.6.0
                CMSIS (Cortex Microcontroller Software Interface Standard)
   * Component: CORE Version: 5.3.0

Package Vendor: Keil
                http://www.keil.com/pack/Keil.ARM_Compiler.1.6.2.pack
                Keil.ARM_Compiler.1.6.2
                Keil ARM Compiler extensions for ARM Compiler 5 and ARM Compiler 6
   * Component: STDERR Variant: ITM Version: 1.2.0
   * Component: STDIN Variant: ITM Version: 1.2.0
   * Component: STDOUT Variant: ITM Version: 1.2.0
   * Component: TTY Variant: ITM Version: 1.2.0

Package Vendor: Keil
                http://www.keil.com/pack/Keil.STM32F4xx_DFP.2.14.0.pack
                Keil.STM32F4xx_DFP.2.14.0
                STMicroelectronics STM32F4 Series Device Support, Drivers and Examples

<h2>Collection of Component include folders:</h2>
  .\RTE\_web_socket_stm32f4
  C:\Users\UCR270\AppData\Local\Arm\Packs\ARM\CMSIS\5.6.0\CMSIS\Core\Include
  C:\Users\UCR270\AppData\Local\Arm\Packs\Keil\STM32F4xx_DFP\2.14.0\Drivers\CMSIS\Device\ST\STM32F4xx\Include

<h2>Collection of Component Files used:</h2>

   * Component: ARM::CMSIS:CORE:5.3.0

   * Component: Keil.ARM Compiler::Compiler:I/O:STDERR:ITM:1.2.0
      Source file:   Source\retarget_io.c

   * Component: Keil.ARM Compiler::Compiler:I/O:STDIN:ITM:1.2.0
      Source file:   Source\retarget_io.c

   * Component: Keil.ARM Compiler::Compiler:I/O:STDOUT:ITM:1.2.0
      Source file:   Source\retarget_io.c

   * Component: Keil.ARM Compiler::Compiler:I/O:TTY:ITM:1.2.0
      Source file:   Source\retarget_io.c
Build Time Elapsed:  00:03:21
</pre>
</body>
</html>
