<html>
<body>
<pre>
<h1>µVision Build Log</h1>
<h2>Tool Versions:</h2>
IDE-Version: µVision V5.25.3.0
Copyright (C) 2018 ARM Ltd and ARM Germany GmbH. All rights reserved.
License Information: Max -, -, LIC=PF8NP-M90WX-XD8KM-VXUHK-RM735-GP9TM
 
Tool Versions:
Toolchain:       MDK-ARM Essential  Version: 5.29.0.0
Toolchain Path:  C:\Keil_v5\ARM\ARMCC\Bin
C Compiler:      Armcc.exe V5.06 update 6 (build 750)
Assembler:       Armasm.exe V5.06 update 6 (build 750)
Linker/Locator:  ArmLink.exe V5.06 update 6 (build 750)
Library Manager: ArmAr.exe V5.06 update 6 (build 750)
Hex Converter:   FromElf.exe V5.06 update 6 (build 750)
CPU DLL:         SARMCM3.DLL V5.29.0.0
Dialog DLL:      DCM.DLL V1.17.3.0
Target DLL:      STLink\ST-LINKIII-KEIL_SWO.dll V3.0.7.0
Dialog DLL:      TCM.DLL V1.36.5.0
 
<h2>Project:</h2>
F:\WORK_FOLDER\PROJECTS\_repo_\pelena\PELENA-20R-01\web_socket_stm32f4\MDK-ARM\web_socket_stm32f4.uvprojx
Project File Date:  03/03/2021

<h2>Output:</h2>
*** Using Compiler 'V5.06 update 6 (build 750)', folder: 'C:\Keil_v5\ARM\ARMCC\Bin'
Build target 'web_socket_stm32f4'
compiling net.c...
..\Core\Src\net.c(70): warning:  #177-D: variable "xHandle"  was declared but never referenced
    TaskHandle_t xHandle = NULL;
..\Core\Src\net.c(385): warning:  #177-D: variable "SendTaskHandle"  was declared but never referenced
    TaskHandle_t SendTaskHandle;
..\Core\Src\net.c(446): warning:  #177-D: variable "ws_con"  was declared but never referenced
    struct netconn *ws_con = (struct netconn*)argument;
..\Core\Src\net.c(476): warning:  #940-D: missing return statement at end of non-void function "get_binary_pack_len" 
  }
..\Core\Src\net.c(488): warning:  #186-D: pointless comparison of unsigned integer with zero
    for (uint8_t iByte = 4; iByte >= 0; --iByte)
..\Core\Src\net.c(378): warning:  #177-D: function "ws_server_thread"  was declared but never referenced
  static void ws_server_thread(void * argument)
..\Core\Src\net.c(444): warning:  #177-D: function "ws_send_thread"  was declared but never referenced
  static void ws_send_thread(void * argument)
..\Core\Src\net.c(485): warning:  #177-D: function "ws_create_binary_len"  was declared but never referenced
  static uint8_t ws_create_binary_len(uint32_t len, uint8_t *outbuf)
..\Core\Src\net.c(33): warning:  #177-D: function "http_send_response"  was declared but never referenced
  static int8_t http_send_response(struct netconn *conn, unsigned char *data, uint32_t len);
..\Core\Src\net.c(34): warning:  #177-D: function "http_send_task"  was declared but never referenced
  static void http_send_task(void *arg);
..\Core\Src\net.c(473): warning:  #177-D: function "get_binary_pack_len"  was declared but never referenced
  static uint8_t get_binary_pack_len(uint8_t *buf)
..\Core\Src\net.c: 11 warnings, 0 errors
linking...
Program Size: Code=73192 RO-data=1500 RW-data=2704 ZI-data=77552  
FromELF: creating hex file...
"web_socket_stm32f4\web_socket_stm32f4.axf" - 0 Error(s), 11 Warning(s).

<h2>Software Packages used:</h2>

Package Vendor: ARM
                http://www.keil.com/pack/ARM.CMSIS.5.6.0.pack
                ARM.CMSIS.5.6.0
                CMSIS (Cortex Microcontroller Software Interface Standard)
   * Component: CORE Version: 5.3.0

Package Vendor: Keil
                http://www.keil.com/pack/Keil.ARM_Compiler.1.6.2.pack
                Keil.ARM_Compiler.1.6.2
                Keil ARM Compiler extensions for ARM Compiler 5 and ARM Compiler 6
   * Component: STDERR Variant: ITM Version: 1.2.0
   * Component: STDIN Variant: ITM Version: 1.2.0
   * Component: STDOUT Variant: ITM Version: 1.2.0
   * Component: TTY Variant: ITM Version: 1.2.0

Package Vendor: Keil
                http://www.keil.com/pack/Keil.STM32F4xx_DFP.2.14.0.pack
                Keil.STM32F4xx_DFP.2.14.0
                STMicroelectronics STM32F4 Series Device Support, Drivers and Examples

<h2>Collection of Component include folders:</h2>
  .\RTE\_web_socket_stm32f4
  C:\Users\UCR270\AppData\Local\Arm\Packs\ARM\CMSIS\5.6.0\CMSIS\Core\Include
  C:\Users\UCR270\AppData\Local\Arm\Packs\Keil\STM32F4xx_DFP\2.14.0\Drivers\CMSIS\Device\ST\STM32F4xx\Include

<h2>Collection of Component Files used:</h2>

   * Component: ARM::CMSIS:CORE:5.3.0

   * Component: Keil.ARM Compiler::Compiler:I/O:STDERR:ITM:1.2.0
      Source file:   Source\retarget_io.c

   * Component: Keil.ARM Compiler::Compiler:I/O:STDIN:ITM:1.2.0
      Source file:   Source\retarget_io.c

   * Component: Keil.ARM Compiler::Compiler:I/O:STDOUT:ITM:1.2.0
      Source file:   Source\retarget_io.c

   * Component: Keil.ARM Compiler::Compiler:I/O:TTY:ITM:1.2.0
      Source file:   Source\retarget_io.c
Build Time Elapsed:  00:00:06
</pre>
</body>
</html>
