Component: ARM Compiler 5.06 update 6 (build 750) Tool: armlink [4d35ed]

==============================================================================

Section Cross References

    startup_stm32f407xx.o(RESET) refers to startup_stm32f407xx.o(STACK) for __initial_sp
    startup_stm32f407xx.o(RESET) refers to startup_stm32f407xx.o(.text) for Reset_Handler
    startup_stm32f407xx.o(RESET) refers to stm32f4xx_it.o(i.NMI_Handler) for NMI_Handler
    startup_stm32f407xx.o(RESET) refers to stm32f4xx_it.o(i.HardFault_Handler) for HardFault_Handler
    startup_stm32f407xx.o(RESET) refers to stm32f4xx_it.o(i.MemManage_Handler) for MemManage_Handler
    startup_stm32f407xx.o(RESET) refers to stm32f4xx_it.o(i.BusFault_Handler) for BusFault_Handler
    startup_stm32f407xx.o(RESET) refers to stm32f4xx_it.o(i.UsageFault_Handler) for UsageFault_Handler
    startup_stm32f407xx.o(RESET) refers to port.o(.emb_text) for SVC_Handler
    startup_stm32f407xx.o(RESET) refers to stm32f4xx_it.o(i.DebugMon_Handler) for DebugMon_Handler
    startup_stm32f407xx.o(RESET) refers to port.o(i.SysTick_Handler) for SysTick_Handler
    startup_stm32f407xx.o(RESET) refers to stm32f4xx_it.o(i.CAN1_RX0_IRQHandler) for CAN1_RX0_IRQHandler
    startup_stm32f407xx.o(RESET) refers to stm32f4xx_it.o(i.TIM1_UP_TIM10_IRQHandler) for TIM1_UP_TIM10_IRQHandler
    startup_stm32f407xx.o(RESET) refers to stm32f4xx_it.o(i.ETH_IRQHandler) for ETH_IRQHandler
    startup_stm32f407xx.o(.text) refers to system_stm32f4xx.o(i.SystemInit) for SystemInit
    startup_stm32f407xx.o(.text) refers to entry.o(.ARM.Collect$$$$00000000) for __main
    utils.o(i.Utils_CmdCreate) refers to utils.o(i.Utils_crc16) for Utils_crc16
    utils.o(i.Utils_CmdCreate) refers to config.o(.data) for SELF_NET_ID
    utils.o(i.Utils_crc16) refers to utils.o(.constdata) for .constdata
    utils.o(i.Utils_crc8) refers to utils.o(.constdata) for .constdata
    main.o(i.HAL_TIM_PeriodElapsedCallback) refers to stm32f4xx_hal.o(i.HAL_IncTick) for HAL_IncTick
    main.o(i.SystemClock_Config) refers to memseta.o(.text) for __aeabi_memclr4
    main.o(i.SystemClock_Config) refers to stm32f4xx_hal_rcc.o(i.HAL_RCC_OscConfig) for HAL_RCC_OscConfig
    main.o(i.SystemClock_Config) refers to stm32f4xx_hal_rcc.o(i.HAL_RCC_ClockConfig) for HAL_RCC_ClockConfig
    main.o(i.main) refers to stm32f4xx_hal.o(i.HAL_Init) for HAL_Init
    main.o(i.main) refers to main.o(i.SystemClock_Config) for SystemClock_Config
    main.o(i.main) refers to gpio.o(i.MX_GPIO_Init) for MX_GPIO_Init
    main.o(i.main) refers to mbedtls.o(i.MX_MBEDTLS_Init) for MX_MBEDTLS_Init
    main.o(i.main) refers to can.o(i.MX_CAN1_Init) for MX_CAN1_Init
    main.o(i.main) refers to rng.o(i.MX_RNG_Init) for MX_RNG_Init
    main.o(i.main) refers to freertos.o(i.MX_FREERTOS_Init) for MX_FREERTOS_Init
    main.o(i.main) refers to cmsis_os.o(i.osKernelStart) for osKernelStart
    gpio.o(i.MX_GPIO_Init) refers to memseta.o(.text) for __aeabi_memclr4
    gpio.o(i.MX_GPIO_Init) refers to stm32f4xx_hal_gpio.o(i.HAL_GPIO_WritePin) for HAL_GPIO_WritePin
    gpio.o(i.MX_GPIO_Init) refers to stm32f4xx_hal_gpio.o(i.HAL_GPIO_Init) for HAL_GPIO_Init
    freertos.o(i.MX_FREERTOS_Init) refers to memmovea.o(.text) for __aeabi_memcpy4
    freertos.o(i.MX_FREERTOS_Init) refers to cmsis_os.o(i.osThreadCreate) for osThreadCreate
    freertos.o(i.MX_FREERTOS_Init) refers to freertos.o(.constdata) for .constdata
    freertos.o(i.MX_FREERTOS_Init) refers to freertos.o(.data) for .data
    freertos.o(i.thread_MainTask) refers to lwip.o(i.MX_LWIP_Init) for MX_LWIP_Init
    freertos.o(i.thread_MainTask) refers to http.o(i.http_create_filesystem) for http_create_filesystem
    freertos.o(i.thread_MainTask) refers to stm32f4xx_hal_rng.o(i.HAL_RNG_GenerateRandomNumber) for HAL_RNG_GenerateRandomNumber
    freertos.o(i.thread_MainTask) refers to printfa.o(i.__0sprintf) for __2sprintf
    freertos.o(i.thread_MainTask) refers to sys_arch.o(i.sys_thread_new) for sys_thread_new
    freertos.o(i.thread_MainTask) refers to cmsis_os.o(i.osDelay) for osDelay
    freertos.o(i.thread_MainTask) refers to config.o(.data) for http_server
    freertos.o(i.thread_MainTask) refers to rng.o(.bss) for hrng
    freertos.o(i.thread_MainTask) refers to http.o(i.http_server_task) for http_server_task
    freertos.o(i.thread_MainTask) refers to config.o(.bss) for ws_server
    freertos.o(i.thread_MainTask) refers to websocket.o(i.ws_server_task) for ws_server_task
    freertos.o(i.thread_SecondTask) refers to cmsis_os.o(i.osDelay) for osDelay
    freertos.o(i.vApplicationGetIdleTaskMemory) refers to freertos.o(.bss) for .bss
    freertos.o(.constdata) refers to freertos.o(.conststring) for .conststring
    freertos.o(.constdata) refers to freertos.o(i.thread_MainTask) for thread_MainTask
    freertos.o(.constdata) refers to freertos.o(i.thread_SecondTask) for thread_SecondTask
    can.o(i.HAL_CAN_MspDeInit) refers to stm32f4xx_hal_gpio.o(i.HAL_GPIO_DeInit) for HAL_GPIO_DeInit
[...]
    tcp_trigger_input_pcb_close              0x08011a1d   Thumb Code    12  tcp_in.o(i.tcp_trigger_input_pcb_close)
    tcp_update_rcv_ann_wnd                   0x08011a2d   Thumb Code    92  tcp.o(i.tcp_update_rcv_ann_wnd)
    tcp_write                                0x08011b21   Thumb Code  1688  tcp_out.o(i.tcp_write)
    tcp_zero_window_probe                    0x0801234d   Thumb Code   190  tcp_out.o(i.tcp_zero_window_probe)
    tcpip_init                               0x0801248d   Thumb Code    88  tcpip.o(i.tcpip_init)
    tcpip_inpkt                              0x0801259d   Thumb Code    82  tcpip.o(i.tcpip_inpkt)
    tcpip_input                              0x0801265d   Thumb Code    20  tcpip.o(i.tcpip_input)
    tcpip_send_msg_wait_sem                  0x08012679   Thumb Code    26  tcpip.o(i.tcpip_send_msg_wait_sem)
    tcpip_try_callback                       0x08012895   Thumb Code    78  tcpip.o(i.tcpip_try_callback)
    thread_MainTask                          0x08012951   Thumb Code    76  freertos.o(i.thread_MainTask)
    thread_SecondTask                        0x080129c5   Thumb Code     8  freertos.o(i.thread_SecondTask)
    udp_bind                                 0x080129cd   Thumb Code   186  udp.o(i.udp_bind)
    udp_init                                 0x08012b01   Thumb Code    20  udp.o(i.udp_init)
    udp_input                                0x08012b19   Thumb Code   310  udp.o(i.udp_input)
    udp_netif_ip_addr_changed                0x08012e0d   Thumb Code    48  udp.o(i.udp_netif_ip_addr_changed)
    udp_new                                  0x08012e41   Thumb Code    26  udp.o(i.udp_new)
    udp_new_ip_type                          0x08012e5b   Thumb Code     4  udp.o(i.udp_new_ip_type)
    udp_recv                                 0x08012e61   Thumb Code    22  udp.o(i.udp_recv)
    udp_remove                               0x08012ee9   Thumb Code    58  udp.o(i.udp_remove)
    udp_sendto                               0x08012f99   Thumb Code   106  udp.o(i.udp_sendto)
    udp_sendto_if                            0x080130ad   Thumb Code   110  udp.o(i.udp_sendto_if)
    udp_sendto_if_src                        0x080131ed   Thumb Code   274  udp.o(i.udp_sendto_if_src)
    uxListRemove                             0x08013435   Thumb Code    38  list.o(i.uxListRemove)
    uxQueueMessagesWaiting                   0x0801345b   Thumb Code    36  queue.o(i.uxQueueMessagesWaiting)
    uxQueueMessagesWaitingFromISR            0x0801347f   Thumb Code    22  queue.o(i.uxQueueMessagesWaitingFromISR)
    vApplicationGetIdleTaskMemory            0x08013495   Thumb Code    16  freertos.o(i.vApplicationGetIdleTaskMemory)
    vListInitialise                          0x080134a9   Thumb Code    22  list.o(i.vListInitialise)
    vListInitialiseItem                      0x080134bf   Thumb Code     6  list.o(i.vListInitialiseItem)
    vListInsert                              0x080134c5   Thumb Code    48  list.o(i.vListInsert)
    vListInsertEnd                           0x080134f5   Thumb Code    24  list.o(i.vListInsertEnd)
    vPortEnterCritical                       0x0801350d   Thumb Code    54  port.o(i.vPortEnterCritical)
    vPortExitCritical                        0x0801354d   Thumb Code    34  port.o(i.vPortExitCritical)
    vPortFree                                0x08013575   Thumb Code    88  heap_4.o(i.vPortFree)
    vPortSetupTimerInterrupt                 0x080135d1   Thumb Code    32  port.o(i.vPortSetupTimerInterrupt)
    vPortValidateInterruptPriority           0x080135f5   Thumb Code    74  port.o(i.vPortValidateInterruptPriority)
    vQueueDelete                             0x08013649   Thumb Code    46  queue.o(i.vQueueDelete)
    vQueueUnregisterQueue                    0x08013679   Thumb Code    36  queue.o(i.vQueueUnregisterQueue)
    vTaskDelay                               0x080136a1   Thumb Code    66  tasks.o(i.vTaskDelay)
    vTaskDelete                              0x080136ed   Thumb Code   158  tasks.o(i.vTaskDelete)
    vTaskInternalSetTimeOutState             0x08013799   Thumb Code    12  tasks.o(i.vTaskInternalSetTimeOutState)
    vTaskMissedYield                         0x080137a9   Thumb Code     8  tasks.o(i.vTaskMissedYield)
    vTaskPlaceOnEventList                    0x080137b5   Thumb Code    44  tasks.o(i.vTaskPlaceOnEventList)
    vTaskPriorityDisinheritAfterTimeout      0x080137e5   Thumb Code   160  tasks.o(i.vTaskPriorityDisinheritAfterTimeout)
    vTaskResume                              0x0801388d   Thumb Code   112  tasks.o(i.vTaskResume)
    vTaskStartScheduler                      0x08013909   Thumb Code    90  tasks.o(i.vTaskStartScheduler)
    vTaskSuspend                             0x08013975   Thumb Code   174  tasks.o(i.vTaskSuspend)
    vTaskSuspendAll                          0x08013a31   Thumb Code    10  tasks.o(i.vTaskSuspendAll)
    vTaskSwitchContext                       0x08013a41   Thumb Code    82  tasks.o(i.vTaskSwitchContext)
    ws_server_task                           0x08013bf9   Thumb Code   138  websocket.o(i.ws_server_task)
    xPortStartScheduler                      0x08013c95   Thumb Code   222  port.o(i.xPortStartScheduler)
    xQueueCreateCountingSemaphore            0x08013d89   Thumb Code    58  queue.o(i.xQueueCreateCountingSemaphore)
    xQueueCreateCountingSemaphoreStatic      0x08013dc3   Thumb Code    64  queue.o(i.xQueueCreateCountingSemaphoreStatic)
    xQueueCreateMutex                        0x08013e03   Thumb Code    22  queue.o(i.xQueueCreateMutex)
    xQueueCreateMutexStatic                  0x08013e19   Thumb Code    26  queue.o(i.xQueueCreateMutexStatic)
    xQueueGenericCreate                      0x08013e33   Thumb Code    72  queue.o(i.xQueueGenericCreate)
    xQueueGenericCreateStatic                0x08013e7b   Thumb Code   102  queue.o(i.xQueueGenericCreateStatic)
    xQueueGenericReset                       0x08013ee1   Thumb Code   132  queue.o(i.xQueueGenericReset)
    xQueueGenericSend                        0x08013f69   Thumb Code   346  queue.o(i.xQueueGenericSend)
    xQueueGenericSendFromISR                 0x080140c9   Thumb Code   188  queue.o(i.xQueueGenericSendFromISR)
    xQueueGiveFromISR                        0x08014185   Thumb Code   156  queue.o(i.xQueueGiveFromISR)
    xQueueReceive                            0x08014221   Thumb Code   308  queue.o(i.xQueueReceive)
    xQueueReceiveFromISR                     0x08014359   Thumb Code   154  queue.o(i.xQueueReceiveFromISR)
    xQueueSemaphoreTake                      0x080143f5   Thumb Code   372  queue.o(i.xQueueSemaphoreTake)
    xTaskCheckForTimeOut                     0x0801456d   Thumb Code   112  tasks.o(i.xTaskCheckForTimeOut)
    xTaskCreate                              0x080145e1   Thumb Code    90  tasks.o(i.xTaskCreate)
    xTaskCreateStatic                        0x0801463b   Thumb Code    86  tasks.o(i.xTaskCreateStatic)
    xTaskGetSchedulerState                   0x08014691   Thumb Code    22  tasks.o(i.xTaskGetSchedulerState)
    xTaskGetTickCount                        0x080146ad   Thumb Code     6  tasks.o(i.xTaskGetTickCount)
    xTaskGetTickCountFromISR                 0x080146b9   Thumb Code    12  tasks.o(i.xTaskGetTickCountFromISR)
    xTaskIncrementTick                       0x080146c9   Thumb Code   192  tasks.o(i.xTaskIncrementTick)
    xTaskPriorityDisinherit                  0x08014791   Thumb Code   144  tasks.o(i.xTaskPriorityDisinherit)
    xTaskPriorityInherit                     0x08014829   Thumb Code   138  tasks.o(i.xTaskPriorityInherit)
    xTaskRemoveFromEventList                 0x080148bd   Thumb Code   108  tasks.o(i.xTaskRemoveFromEventList)
    xTaskResumeAll                           0x08014931   Thumb Code   182  tasks.o(i.xTaskResumeAll)
    AHBPrescTable                            0x08014a64   Data          16  system_stm32f4xx.o(.constdata)
    APBPrescTable                            0x08014a74   Data           8  system_stm32f4xx.o(.constdata)
    ethbroadcast                             0x08014a7c   Data           6  ethernet.o(.constdata)
    ethzero                                  0x08014a82   Data           6  ethernet.o(.constdata)
    netconn_aborted                          0x08014a88   Data           1  api_msg.o(.constdata)
    netconn_reset                            0x08014a89   Data           1  api_msg.o(.constdata)
    netconn_closed                           0x08014a8a   Data           1  api_msg.o(.constdata)
    memp_UDP_PCB                             0x08014a8c   Data          12  memp.o(.constdata)
    memp_TCP_PCB                             0x08014a98   Data          12  memp.o(.constdata)
    memp_TCP_PCB_LISTEN                      0x08014aa4   Data          12  memp.o(.constdata)
    memp_TCP_SEG                             0x08014ab0   Data          12  memp.o(.constdata)
    memp_REASSDATA                           0x08014abc   Data          12  memp.o(.constdata)
    memp_FRAG_PBUF                           0x08014ac8   Data          12  memp.o(.constdata)
    memp_NETBUF                              0x08014ad4   Data          12  memp.o(.constdata)
    memp_NETCONN                             0x08014ae0   Data          12  memp.o(.constdata)
    memp_TCPIP_MSG_API                       0x08014aec   Data          12  memp.o(.constdata)
    memp_TCPIP_MSG_INPKT                     0x08014af8   Data          12  memp.o(.constdata)
    memp_SYS_TIMEOUT                         0x08014b04   Data          12  memp.o(.constdata)
    memp_NETDB                               0x08014b10   Data          12  memp.o(.constdata)
    memp_PBUF                                0x08014b1c   Data          12  memp.o(.constdata)
    memp_PBUF_POOL                           0x08014b28   Data          12  memp.o(.constdata)
    memp_pools                               0x08014b34   Data          56  memp.o(.constdata)
    tcp_pcb_lists                            0x08014bb0   Data          16  tcp.o(.constdata)
    lwip_cyclic_timers                       0x08014bc0   Data          32  timeouts.o(.constdata)
    ip_addr_any                              0x08014be0   Data           4  ip4_addr.o(.constdata)
    os_mutex_def_lwip_sys_mutex              0x08014be4   Data           8  sys_arch.o(.constdata)
    __ctype_table                            0x08014cbc   Data         129  ctype_o.o(.constdata)
    Region$$Table$$Base                      0x08014fb4   Number         0  anon$$obj.o(Region$$Table)
    Region$$Table$$Limit                     0x08014ff4   Number         0  anon$$obj.o(Region$$Table)
    MainTaskHandle                           0x10000000   Data           4  freertos.o(.data)
    SecondTaskHandle                         0x10000004   Data           4  freertos.o(.data)
    s_xSemaphore                             0x10000008   Data           4  ethernetif.o(.data)
    Netif_LinkSemaphore                      0x1000000c   Data           4  lwip.o(.data)
    ipaddr                                   0x10000010   Data           4  lwip.o(.data)
    netmask                                  0x10000014   Data           4  lwip.o(.data)
    gw                                       0x10000018   Data           4  lwip.o(.data)
    IP_ADDRESS                               0x1000001c   Data           4  lwip.o(.data)
    NETMASK_ADDRESS                          0x10000020   Data           4  lwip.o(.data)
    GATEWAY_ADDRESS                          0x10000024   Data           4  lwip.o(.data)
    link_arg                                 0x10000028   Data           8  lwip.o(.data)
    lock_tcpip_core                          0x10000048   Data           4  tcpip.o(.data)
    netif_list                               0x1000006c   Data           4  netif.o(.data)
    netif_default                            0x10000070   Data           4  netif.o(.data)
    tcp_active_pcbs_changed                  0x10000074   Data           1  tcp.o(.data)
    tcp_ticks                                0x10000080   Data           4  tcp.o(.data)
    tcp_bound_pcbs                           0x10000084   Data           4  tcp.o(.data)
    tcp_listen_pcbs                          0x10000088   Data           4  tcp.o(.data)
    tcp_active_pcbs                          0x1000008c   Data           4  tcp.o(.data)
    tcp_tw_pcbs                              0x10000090   Data           4  tcp.o(.data)
    lwip_sys_mutex                           0x100000a0   Data           4  sys_arch.o(.data)
    __stdout                                 0x100000a4   Data           4  stdout.o(.data)
    ws_server                                0x100000ac   Data        2072  config.o(.bss)
    hcan1                                    0x10000b18   Data          40  can.o(.bss)
    xQueueRegistry                           0x10000b40   Data          64  queue.o(.bss)
    ip_data                                  0x10001000   Data          24  ip.o(.bss)
    memp_memory_UDP_PCB_base                 0x10001018   Data         131  memp.o(.bss)
    memp_memory_REASSDATA_base               0x1000109b   Data         163  memp.o(.bss)
    memp_memory_TCPIP_MSG_INPKT_base         0x1000113e   Data         131  memp.o(.bss)
    memp_memory_SYS_TIMEOUT_base             0x100011c1   Data          67  memp.o(.bss)
    memp_memory_NETDB_base                   0x10001204   Data         311  memp.o(.bss)
    memp_memory_PBUF_base                    0x1000133b   Data         259  memp.o(.bss)
    memp_memory_PBUF_POOL_base               0x1000143e   Data        9731  memp.o(.bss)
    http_server                              0x20000000   Data       16540  config.o(.data)
    HEADER_OK_RESPONSE                       0x2000409c   Data           4  http.o(.data)
    HEADER_FORBIDDEN_RESPONSE                0x200040a0   Data           4  http.o(.data)
    HEADER_NOT_FOUND_RESPOSE                 0x200040a4   Data           4  http.o(.data)
    HEADER_JSON_RESPONSE                     0x200040a8   Data           4  http.o(.data)
    head_ws                                  0x200040ac   Data           4  websocket.o(.data)
    uwTickFreq                               0x200040b0   Data           1  stm32f4xx_hal.o(.data)
    uwTickPrio                               0x200040b4   Data           4  stm32f4xx_hal.o(.data)
    uwTick                                   0x200040b8   Data           4  stm32f4xx_hal.o(.data)
    SystemCoreClock                          0x200040bc   Data           4  system_stm32f4xx.o(.data)
    pxCurrentTCB                             0x200040c0   Data           4  tasks.o(.data)
    pbuf_free_ooseq_pending                  0x2000414c   Data           1  pbuf.o(.data)
    tcp_input_pcb                            0x20004170   Data           4  tcp_in.o(.data)
    udp_pcbs                                 0x20004184   Data           4  udp.o(.data)
    __stderr                                 0x20004190   Data           4  stderr.o(.data)
    hrng                                     0x20004198   Data          16  rng.o(.bss)
    htim1                                    0x200041a8   Data          64  stm32f4xx_hal_timebase_tim.o(.bss)
    DMARxDscrTab                             0x20004280   Data         128  ethernetif.o(.bss)
    DMATxDscrTab                             0x20004300   Data         128  ethernetif.o(.bss)
    Rx_Buff                                  0x20004380   Data        6096  ethernetif.o(.bss)
    Tx_Buff                                  0x20005b50   Data        6096  ethernetif.o(.bss)
    heth                                     0x20007320   Data          72  ethernetif.o(.bss)
    gnetif                                   0x20007368   Data          52  lwip.o(.bss)
    ram_heap                                 0x2000ec8c   Data        1619  mem.o(.bss)
    memp_memory_TCP_PCB_base                 0x2000f2df   Data         783  memp.o(.bss)
    memp_memory_TCP_PCB_LISTEN_base          0x2000f5ee   Data         227  memp.o(.bss)
    memp_memory_TCP_SEG_base                 0x2000f6d1   Data         259  memp.o(.bss)
    memp_memory_FRAG_PBUF_base               0x2000f7d4   Data         363  memp.o(.bss)
    memp_memory_NETBUF_base                  0x2000f93f   Data          67  memp.o(.bss)
    memp_memory_NETCONN_base                 0x2000f982   Data         323  memp.o(.bss)
    memp_memory_TCPIP_MSG_API_base           0x2000fac5   Data         131  memp.o(.bss)
    __initial_sp                             0x20013b48   Data           0  startup_stm32f407xx.o(STACK)



==============================================================================

Memory Map of the image

  Image Entry point : 0x08000189

  Load Region LR_IROM1 (Base: 0x08000000, Size: 0x00019238, Max: 0x00100000, ABSOLUTE, COMPRESSED[0x00015148])

    Execution Region ER_IROM1 (Exec base: 0x08000000, Load base: 0x08000000, Size: 0x00014ff4, Max: 0x00100000, ABSOLUTE)

    Exec Addr    Load Addr    Size         Type   Attr      Idx    E Section Name        Object

    0x08000000   0x08000000   0x00000188   Data   RO            3    RESET               startup_stm32f407xx.o
    0x08000188   0x08000188   0x00000000   Code   RO        10471  * .ARM.Collect$$$$00000000  mc_w.l(entry.o)
    0x08000188   0x08000188   0x00000004   Code   RO        10813    .ARM.Collect$$$$00000001  mc_w.l(entry2.o)
    0x0800018c   0x0800018c   0x00000004   Code   RO        10816    .ARM.Collect$$$$00000004  mc_w.l(entry5.o)
    0x08000190   0x08000190   0x00000000   Code   RO        10818    .ARM.Collect$$$$00000008  mc_w.l(entry7b.o)
    0x08000190   0x08000190   0x00000000   Code   RO        10820    .ARM.Collect$$$$0000000A  mc_w.l(entry8b.o)
    0x08000190   0x08000190   0x00000008   Code   RO        10821    .ARM.Collect$$$$0000000B  mc_w.l(entry9a.o)
    0x08000198   0x08000198   0x00000000   Code   RO        10823    .ARM.Collect$$$$0000000D  mc_w.l(entry10a.o)
    0x08000198   0x08000198   0x00000000   Code   RO        10825    .ARM.Collect$$$$0000000F  mc_w.l(entry11a.o)
    0x08000198   0x08000198   0x00000004   Code   RO        10814    .ARM.Collect$$$$00002712  mc_w.l(entry2.o)
    0x0800019c   0x0800019c   0x000000be   Code   RO         5034    .emb_text           port.o
    0x0800025a   0x0800025a   0x00000002   PAD
    0x0800025c   0x0800025c   0x00000024   Code   RO            4    .text               startup_stm32f407xx.o
    0x08000280   0x08000280   0x00000062   Code   RO        10481    .text               mc_w.l(uldiv.o)
    0x080002e2   0x080002e2   0x00000002   PAD
    0x080002e4   0x080002e4   0x00000008   Code   RO        10483    .text               mc_w.l(ctype_o.o)
    0x080002ec   0x080002ec   0x00000024   Code   RO        10513    .text               mc_w.l(rand.o)
    0x08000310   0x08000310   0x00000040   Code   RO        10518    .text               mc_w.l(memmovea.o)
    0x08000350   0x08000350   0x00000024   Code   RO        10522    .text               mc_w.l(memseta.o)
    0x08000374   0x08000374   0x00000018   Code   RO        10524    .text               mc_w.l(strcat.o)
    0x0800038c   0x0800038c   0x00000024   Code   RO        10526    .text               mc_w.l(strstr.o)
    0x080003b0   0x080003b0   0x00000018   Code   RO        10528    .text               mc_w.l(strncpy.o)
    0x080003c8   0x080003c8   0x00000014   Code   RO        10530    .text               mc_w.l(strchr.o)
    0x080003dc   0x080003dc   0x0000000e   Code   RO        10532    .text               mc_w.l(strlen.o)
    0x080003ea   0x080003ea   0x0000001a   Code   RO        10534    .text               mc_w.l(memcmp.o)
    0x08000404   0x08000404   0x00000028   Code   RO        10536    .text               mc_w.l(strncat.o)
    0x0800042c   0x0800042c   0x0000001e   Code   RO        10538    .text               mc_w.l(strncmp.o)
    0x0800044a   0x0800044a   0x00000070   Code   RO        10807    .text               mc_w.l(strtol.o)
    0x080004ba   0x080004ba   0x0000002c   Code   RO        10827    .text               mc_w.l(uidiv.o)
    0x080004e6   0x080004e6   0x0000001e   Code   RO        10829    .text               mc_w.l(llshl.o)
    0x08000504   0x08000504   0x00000020   Code   RO        10831    .text               mc_w.l(llushr.o)
    0x08000524   0x08000524   0x0000009e   Code   RO        10840    .text               mc_w.l(_strtoul.o)
    0x080005c2   0x080005c2   0x00000000   Code   RO        10844    .text               mc_w.l(iusefp.o)
    0x080005c2   0x080005c2   0x0000014e   Code   RO        10845    .text               mf_w.l(dadd.o)
    0x08000710   0x08000710   0x000000e4   Code   RO        10847    .text               mf_w.l(dmul.o)
    0x080007f4   0x080007f4   0x000000de   Code   RO        10849    .text               mf_w.l(ddiv.o)
    0x080008d2   0x080008d2   0x00000030   Code   RO        10851    .text               mf_w.l(dfixul.o)
    0x08000902   0x08000902   0x00000002   PAD
    0x08000904   0x08000904   0x00000030   Code   RO        10853    .text               mf_w.l(cdrcmple.o)
    0x08000934   0x08000934   0x00000024   Code   RO        10863    .text               mc_w.l(init.o)
    0x08000958   0x08000958   0x00000024   Code   RO        10865    .text               mc_w.l(llsshr.o)
    0x0800097c   0x0800097c   0x0000001c   Code   RO        10867    .text               mc_w.l(_chval.o)
    0x08000998   0x08000998   0x000000ba   Code   RO        10871    .text               mf_w.l(depilogue.o)
    0x08000a52   0x08000a52   0x00000056   Code   RO        10908    .text               mc_w.l(__dczerorl2.o)
    0x08000aa8   0x08000aa8   0x00000002   Code   RO          536    i.BusFault_Handler  stm32f4xx_it.o
    0x08000aaa   0x08000aaa   0x00000002   PAD
    0x08000aac   0x08000aac   0x0000000c   Code   RO          537    i.CAN1_RX0_IRQHandler  stm32f4xx_it.o
    0x08000ab8   0x08000ab8   0x00000002   Code   RO          538    i.DebugMon_Handler  stm32f4xx_it.o
    0x08000aba   0x08000aba   0x00000002   PAD
    0x08000abc   0x08000abc   0x00000020   Code   RO         1210    i.ETH_Delay         stm32f4xx_hal_eth.o
    0x08000adc   0x08000adc   0x0000002e   Code   RO         1211    i.ETH_FlushTransmitFIFO  stm32f4xx_hal_eth.o
    0x08000b0a   0x08000b0a   0x00000002   PAD
    0x08000b0c   0x08000b0c   0x0000000c   Code   RO          539    i.ETH_IRQHandler    stm32f4xx_it.o
    0x08000b18   0x08000b18   0x00000124   Code   RO         1212    i.ETH_MACDMAConfig  stm32f4xx_hal_eth.o
    0x08000c3c   0x08000c3c   0x00000002   Code   RO          291    i.Error_Handler     main.o
    0x08000c3e   0x08000c3e   0x00000002   Code   RO         2501    i.HAL_CAN_ErrorCallback  stm32f4xx_hal_can.o
    0x08000c40   0x08000c40   0x000001fc   Code   RO         2508    i.HAL_CAN_IRQHandler  stm32f4xx_hal_can.o
    0x08000e3c   0x08000e3c   0x0000011a   Code   RO         2509    i.HAL_CAN_Init      stm32f4xx_hal_can.o
    0x08000f56   0x08000f56   0x00000002   PAD
    0x08000f58   0x08000f58   0x0000007c   Code   RO          453    i.HAL_CAN_MspInit   can.o
    0x08000fd4   0x08000fd4   0x00000002   Code   RO         2516    i.HAL_CAN_RxFifo0FullCallback  stm32f4xx_hal_can.o
    0x08000fd6   0x08000fd6   0x00000002   Code   RO         2517    i.HAL_CAN_RxFifo0MsgPendingCallback  stm32f4xx_hal_can.o
    0x08000fd8   0x08000fd8   0x00000002   Code   RO         2518    i.HAL_CAN_RxFifo1FullCallback  stm32f4xx_hal_can.o
    0x08000fda   0x08000fda   0x00000002   Code   RO         2519    i.HAL_CAN_RxFifo1MsgPendingCallback  stm32f4xx_hal_can.o
    0x08000fdc   0x08000fdc   0x00000002   Code   RO         2520    i.HAL_CAN_SleepCallback  stm32f4xx_hal_can.o
    0x08000fde   0x08000fde   0x00000002   Code   RO         2523    i.HAL_CAN_TxMailbox0AbortCallback  stm32f4xx_hal_can.o
    0x08000fe0   0x08000fe0   0x00000002   Code   RO         2524    i.HAL_CAN_TxMailbox0CompleteCallback  stm32f4xx_hal_can.o
    0x08000fe2   0x08000fe2   0x00000002   Code   RO         2525    i.HAL_CAN_TxMailbox1AbortCallback  stm32f4xx_hal_can.o
    0x08000fe4   0x08000fe4   0x00000002   Code   RO         2526    i.HAL_CAN_TxMailbox1CompleteCallback  stm32f4xx_hal_can.o
    0x08000fe6   0x08000fe6   0x00000002   Code   RO         2527    i.HAL_CAN_TxMailbox2AbortCallback  stm32f4xx_hal_can.o
    0x08000fe8   0x08000fe8   0x00000002   Code   RO         2528    i.HAL_CAN_TxMailbox2CompleteCallback  stm32f4xx_hal_can.o
    0x08000fea   0x08000fea   0x00000002   Code   RO         2530    i.HAL_CAN_WakeUpFromRxMsgCallback  stm32f4xx_hal_can.o
    0x08000fec   0x08000fec   0x00000024   Code   RO         2244    i.HAL_Delay         stm32f4xx_hal.o
    0x08001010   0x08001010   0x00000130   Code   RO         1214    i.HAL_ETH_ConfigMAC  stm32f4xx_hal_eth.o
    0x08001140   0x08001140   0x00000074   Code   RO         1215    i.HAL_ETH_DMARxDescListInit  stm32f4xx_hal_eth.o
    0x080011b4   0x080011b4   0x00000078   Code   RO         1216    i.HAL_ETH_DMATxDescListInit  stm32f4xx_hal_eth.o
    0x0800122c   0x0800122c   0x00000002   Code   RO         1218    i.HAL_ETH_ErrorCallback  stm32f4xx_hal_eth.o
    0x0800122e   0x0800122e   0x00000088   Code   RO         1220    i.HAL_ETH_GetReceivedFrame_IT  stm32f4xx_hal_eth.o
    0x080012b6   0x080012b6   0x0000007a   Code   RO         1222    i.HAL_ETH_IRQHandler  stm32f4xx_hal_eth.o
    0x08001330   0x08001330   0x000001ec   Code   RO         1223    i.HAL_ETH_Init      stm32f4xx_hal_eth.o
    0x0800151c   0x0800151c   0x000000e8   Code   RO          827    i.HAL_ETH_MspInit   ethernetif.o
    0x08001604   0x08001604   0x00000084   Code   RO         1226    i.HAL_ETH_ReadPHYRegister  stm32f4xx_hal_eth.o
    0x08001688   0x08001688   0x0000000c   Code   RO          828    i.HAL_ETH_RxCpltCallback  ethernetif.o
    0x08001694   0x08001694   0x00000084   Code   RO         1228    i.HAL_ETH_Start     stm32f4xx_hal_eth.o
    0x08001718   0x08001718   0x00000084   Code   RO         1229    i.HAL_ETH_Stop      stm32f4xx_hal_eth.o
    0x0800179c   0x0800179c   0x00000108   Code   RO         1230    i.HAL_ETH_TransmitFrame  stm32f4xx_hal_eth.o
    0x080018a4   0x080018a4   0x00000002   Code   RO         1231    i.HAL_ETH_TxCpltCallback  stm32f4xx_hal_eth.o
    0x080018a6   0x080018a6   0x00000002   PAD
    0x080018a8   0x080018a8   0x00000078   Code   RO         1232    i.HAL_ETH_WritePHYRegister  stm32f4xx_hal_eth.o
    0x08001920   0x08001920   0x000001b8   Code   RO         1718    i.HAL_GPIO_Init     stm32f4xx_hal_gpio.o
    0x08001ad8   0x08001ad8   0x0000000a   Code   RO         1722    i.HAL_GPIO_WritePin  stm32f4xx_hal_gpio.o
    0x08001ae2   0x08001ae2   0x00000002   PAD
    0x08001ae4   0x08001ae4   0x0000000c   Code   RO         2250    i.HAL_GetTick       stm32f4xx_hal.o
    0x08001af0   0x08001af0   0x00000010   Code   RO         2256    i.HAL_IncTick       stm32f4xx_hal.o
    0x08001b00   0x08001b00   0x00000034   Code   RO         2257    i.HAL_Init          stm32f4xx_hal.o
    0x08001b34   0x08001b34   0x00000074   Code   RO          636    i.HAL_InitTick      stm32f4xx_hal_timebase_tim.o
    0x08001ba8   0x08001ba8   0x00000038   Code   RO          612    i.HAL_MspInit       stm32f4xx_hal_msp.o
    0x08001be0   0x08001be0   0x0000001a   Code   RO         2107    i.HAL_NVIC_EnableIRQ  stm32f4xx_hal_cortex.o
    0x08001bfa   0x08001bfa   0x00000002   PAD
    0x08001bfc   0x08001bfc   0x00000040   Code   RO         2113    i.HAL_NVIC_SetPriority  stm32f4xx_hal_cortex.o
    0x08001c3c   0x08001c3c   0x00000024   Code   RO         2114    i.HAL_NVIC_SetPriorityGrouping  stm32f4xx_hal_cortex.o
    0x08001c60   0x08001c60   0x00000134   Code   RO         1364    i.HAL_RCC_ClockConfig  stm32f4xx_hal_rcc.o
    0x08001d94   0x08001d94   0x00000040   Code   RO         1368    i.HAL_RCC_GetClockConfig  stm32f4xx_hal_rcc.o
    0x08001dd4   0x08001dd4   0x0000000c   Code   RO         1369    i.HAL_RCC_GetHCLKFreq  stm32f4xx_hal_rcc.o
    0x08001de0   0x08001de0   0x00000020   Code   RO         1372    i.HAL_RCC_GetPCLK2Freq  stm32f4xx_hal_rcc.o
    0x08001e00   0x08001e00   0x00000060   Code   RO         1373    i.HAL_RCC_GetSysClockFreq  stm32f4xx_hal_rcc.o
    0x08001e60   0x08001e60   0x0000035c   Code   RO         1376    i.HAL_RCC_OscConfig  stm32f4xx_hal_rcc.o
    0x080021bc   0x080021bc   0x00000074   Code   RO         2731    i.HAL_RNG_GenerateRandomNumber  stm32f4xx_hal_rng.o
    0x08002230   0x08002230   0x00000032   Code   RO         2738    i.HAL_RNG_Init      stm32f4xx_hal_rng.o
    0x08002262   0x08002262   0x00000002   PAD
    0x08002264   0x08002264   0x00000028   Code   RO          495    i.HAL_RNG_MspInit   rng.o
    0x0800228c   0x0800228c   0x00000002   Code   RO         3508    i.HAL_TIMEx_BreakCallback  stm32f4xx_hal_tim_ex.o
    0x0800228e   0x0800228e   0x00000002   Code   RO         3509    i.HAL_TIMEx_CommutCallback  stm32f4xx_hal_tim_ex.o
    0x08002290   0x08002290   0x00000036   Code   RO         2833    i.HAL_TIM_Base_Init  stm32f4xx_hal_tim.o
    0x080022c6   0x080022c6   0x00000002   Code   RO         2835    i.HAL_TIM_Base_MspInit  stm32f4xx_hal_tim.o
    0x080022c8   0x080022c8   0x00000022   Code   RO         2838    i.HAL_TIM_Base_Start_IT  stm32f4xx_hal_tim.o
    0x080022ea   0x080022ea   0x00000002   Code   RO         2862    i.HAL_TIM_IC_CaptureCallback  stm32f4xx_hal_tim.o
    0x080022ec   0x080022ec   0x00000166   Code   RO         2876    i.HAL_TIM_IRQHandler  stm32f4xx_hal_tim.o
    0x08002452   0x08002452   0x00000002   Code   RO         2879    i.HAL_TIM_OC_DelayElapsedCallback  stm32f4xx_hal_tim.o
    0x08002454   0x08002454   0x00000002   Code   RO         2906    i.HAL_TIM_PWM_PulseFinishedCallback  stm32f4xx_hal_tim.o
    0x08002456   0x08002456   0x00000002   PAD
    0x08002458   0x08002458   0x00000014   Code   RO          292    i.HAL_TIM_PeriodElapsedCallback  main.o
    0x0800246c   0x0800246c   0x00000002   Code   RO         2919    i.HAL_TIM_TriggerCallback  stm32f4xx_hal_tim.o
    0x0800246e   0x0800246e   0x00000002   Code   RO          540    i.HardFault_Handler  stm32f4xx_it.o
    0x08002470   0x08002470   0x00000024   Code   RO        10399    i.ITM_SendChar      retarget_io.o
    0x08002494   0x08002494   0x00000048   Code   RO          454    i.MX_CAN1_Init      can.o
    0x080024dc   0x080024dc   0x0000003c   Code   RO          380    i.MX_FREERTOS_Init  freertos.o
    0x08002518   0x08002518   0x00000090   Code   RO          356    i.MX_GPIO_Init      gpio.o
    0x080025a8   0x080025a8   0x0000012c   Code   RO          997    i.MX_LWIP_Init      lwip.o
    0x080026d4   0x080026d4   0x00000002   Code   RO         1094    i.MX_MBEDTLS_Init   mbedtls.o
    0x080026d6   0x080026d6   0x00000002   PAD
    0x080026d8   0x080026d8   0x00000024   Code   RO          496    i.MX_RNG_Init       rng.o
    0x080026fc   0x080026fc   0x00000002   Code   RO          541    i.MemManage_Handler  stm32f4xx_it.o
    0x080026fe   0x080026fe   0x00000002   Code   RO          542    i.NMI_Handler       stm32f4xx_it.o
    0x08002700   0x08002700   0x0000002c   Code   RO         5035    i.SysTick_Handler   port.o
    0x0800272c   0x0800272c   0x00000084   Code   RO          293    i.SystemClock_Config  main.o
    0x080027b0   0x080027b0   0x0000001c   Code   RO         3760    i.SystemInit        system_stm32f4xx.o
    0x080027cc   0x080027cc   0x0000000c   Code   RO          543    i.TIM1_UP_TIM10_IRQHandler  stm32f4xx_it.o
    0x080027d8   0x080027d8   0x000000c8   Code   RO         2921    i.TIM_Base_SetConfig  stm32f4xx_hal_tim.o
    0x080028a0   0x080028a0   0x00000002   Code   RO          544    i.UsageFault_Handler  stm32f4xx_it.o
    0x080028a2   0x080028a2   0x00000002   PAD
    0x080028a4   0x080028a4   0x00000020   Code   RO        10779    i.__0printf         mc_w.l(printfa.o)
    0x080028c4   0x080028c4   0x00000028   Code   RO        10781    i.__0sprintf        mc_w.l(printfa.o)
    0x080028ec   0x080028ec   0x00000020   Code   RO         2120    i.__NVIC_SetPriority  stm32f4xx_hal_cortex.o
    0x0800290c   0x0800290c   0x00000008   Code   RO        10833    i.__aeabi_errno_addr  mc_w.l(errno.o)
    0x08002914   0x08002914   0x0000000e   Code   RO        10902    i.__scatterload_copy  mc_w.l(handlers.o)
    0x08002922   0x08002922   0x00000002   Code   RO        10903    i.__scatterload_null  mc_w.l(handlers.o)
    0x08002924   0x08002924   0x0000000e   Code   RO        10904    i.__scatterload_zeroinit  mc_w.l(handlers.o)
    0x08002932   0x08002932   0x00000002   PAD
    0x08002934   0x08002934   0x00000184   Code   RO        10786    i._fp_digits        mc_w.l(printfa.o)
    0x08002ab8   0x08002ab8   0x000006dc   Code   RO        10787    i._printf_core      mc_w.l(printfa.o)
    0x08003194   0x08003194   0x00000024   Code   RO        10788    i._printf_post_padding  mc_w.l(printfa.o)
    0x080031b8   0x080031b8   0x0000002e   Code   RO        10789    i._printf_pre_padding  mc_w.l(printfa.o)
    0x080031e6   0x080031e6   0x0000000a   Code   RO        10791    i._sputc            mc_w.l(printfa.o)
    0x080031f0   0x080031f0   0x00000178   Code   RO         6077    i.accept_function   api_msg.o
    0x08003368   0x08003368   0x000000b4   Code   RO          731    i.create_ws_key_accept  websocket.o
    0x0800341c   0x0800341c   0x00000024   Code   RO         7081    i.dns_backupserver_available  dns.o
    0x08003440   0x08003440   0x00000098   Code   RO         7082    i.dns_call_found    dns.o
    0x080034d8   0x080034d8   0x00000168   Code   RO         7083    i.dns_check_entry   dns.o
    0x08003640   0x08003640   0x00000002   Code   RO         7089    i.dns_init          dns.o
    0x08003642   0x08003642   0x00000002   PAD
    0x08003644   0x08003644   0x000001a8   Code   RO         7091    i.dns_send          dns.o
    0x080037ec   0x080037ec   0x00000014   Code   RO         7093    i.dns_tmr           dns.o
    0x08003800   0x08003800   0x000000a8   Code   RO         7413    i.do_memp_free_pool  memp.o
    0x080038a8   0x080038a8   0x000000b8   Code   RO         7414    i.do_memp_malloc_pool  memp.o
    0x08003960   0x08003960   0x000001c8   Code   RO         6078    i.err_tcp           api_msg.o
    0x08003b28   0x08003b28   0x0000002c   Code   RO         8843    i.etharp_cleanup_netif  etharp.o
    0x08003b54   0x08003b54   0x00000260   Code   RO         8845    i.etharp_find_entry  etharp.o
    0x08003db4   0x08003db4   0x00000024   Code   RO         8846    i.etharp_free_entry  etharp.o
    0x08003dd8   0x08003dd8   0x00000104   Code   RO         8848    i.etharp_input      etharp.o
    0x08003edc   0x08003edc   0x000001b0   Code   RO         8849    i.etharp_output     etharp.o
    0x0800408c   0x0800408c   0x00000110   Code   RO         8850    i.etharp_output_to_arp_index  etharp.o
    0x0800419c   0x0800419c   0x000001e8   Code   RO         8851    i.etharp_query      etharp.o
    0x08004384   0x08004384   0x00000174   Code   RO         8852    i.etharp_raw        etharp.o
    0x080044f8   0x080044f8   0x0000000c   Code   RO         8853    i.etharp_request    etharp.o
    0x08004504   0x08004504   0x00000020   Code   RO         8854    i.etharp_request_dst  etharp.o
    0x08004524   0x08004524   0x00000060   Code   RO         8855    i.etharp_tmr        etharp.o
    0x08004584   0x08004584   0x0000011c   Code   RO         8856    i.etharp_update_arp_entry  etharp.o
    0x080046a0   0x080046a0   0x000000a4   Code   RO         5643    i.ethernet_input    ethernet.o
    0x08004744   0x08004744   0x000000f8   Code   RO         5644    i.ethernet_output   ethernet.o
    0x0800483c   0x0800483c   0x00000090   Code   RO          829    i.ethernetif_init   ethernetif.o
    0x080048cc   0x080048cc   0x0000004c   Code   RO          830    i.ethernetif_input  ethernetif.o
    0x08004918   0x08004918   0x00000002   Code   RO          831    i.ethernetif_notify_conn_changed  ethernetif.o
    0x0800491a   0x0800491a   0x00000002   PAD
    0x0800491c   0x0800491c   0x00000044   Code   RO          832    i.ethernetif_set_link  ethernetif.o
    0x08004960   0x08004960   0x000000b0   Code   RO          833    i.ethernetif_update_config  ethernetif.o
    0x08004a10   0x08004a10   0x00000020   Code   RO        10404    i.fputc             retarget_io.o
    0x08004a30   0x08004a30   0x0000006c   Code   RO          675    i.get_page_content  http.o
    0x08004a9c   0x08004a9c   0x0000001a   Code   RO          676    i.http_create_filesystem  http.o
    0x08004ab6   0x08004ab6   0x00000002   PAD
    0x08004ab8   0x08004ab8   0x000001d0   Code   RO          677    i.http_request_handler  http.o
    0x08004c88   0x08004c88   0x000000b0   Code   RO          678    i.http_server_task  http.o
    0x08004d38   0x08004d38   0x00000008   Code   RO         8946    i.icmp_dest_unreach  icmp.o
    0x08004d40   0x08004d40   0x000001e8   Code   RO         8947    i.icmp_input        icmp.o
    0x08004f28   0x08004f28   0x00000110   Code   RO         8948    i.icmp_send_response  icmp.o
    0x08005038   0x08005038   0x00000008   Code   RO         8949    i.icmp_time_exceeded  icmp.o
    0x08005040   0x08005040   0x0000000c   Code   RO         4592    i.inHandlerMode     cmsis_os.o
    0x0800504c   0x0800504c   0x0000002e   Code   RO         9063    i.ip4_addr_isbroadcast_u32  ip4_addr.o
    0x0800507a   0x0800507a   0x00000002   PAD
    0x0800507c   0x0800507c   0x00000260   Code   RO         9132    i.ip4_frag          ip4_frag.o
    0x080052dc   0x080052dc   0x00000174   Code   RO         9008    i.ip4_input         ip4.o
    0x08005450   0x08005450   0x0000002c   Code   RO         9009    i.ip4_input_accept  ip4.o
    0x0800547c   0x0800547c   0x0000001e   Code   RO         9011    i.ip4_output_if     ip4.o
    0x0800549a   0x0800549a   0x00000002   PAD
    0x0800549c   0x0800549c   0x00000178   Code   RO         9012    i.ip4_output_if_src  ip4.o
    0x08005614   0x08005614   0x00000288   Code   RO         9133    i.ip4_reass         ip4_frag.o
    0x0800589c   0x0800589c   0x00000060   Code   RO         9013    i.ip4_route         ip4.o
    0x080058fc   0x080058fc   0x00000090   Code   RO         9134    i.ip_frag_free_pbuf_custom_ref  ip4_frag.o
    0x0800598c   0x0800598c   0x00000248   Code   RO         9135    i.ip_reass_chain_frag_into_datagram_and_validate  ip4_frag.o
    0x08005bd4   0x08005bd4   0x000000bc   Code   RO         9136    i.ip_reass_dequeue_datagram  ip4_frag.o
    0x08005c90   0x08005c90   0x00000198   Code   RO         9137    i.ip_reass_free_complete_datagram  ip4_frag.o
    0x08005e28   0x08005e28   0x00000080   Code   RO         9138    i.ip_reass_remove_oldest_datagram  ip4_frag.o
    0x08005ea8   0x08005ea8   0x0000002c   Code   RO         9139    i.ip_reass_tmr      ip4_frag.o
    0x08005ed4   0x08005ed4   0x00000098   Code   RO         9140    i.ipfrag_free_pbuf_custom  ip4_frag.o
    0x08005f6c   0x08005f6c   0x0000000e   Code   RO          732    i.is_masked_msg     websocket.o
    0x08005f7a   0x08005f7a   0x00000002   PAD
    0x08005f7c   0x08005f7c   0x00000128   Code   RO          834    i.low_level_init    ethernetif.o
    0x080060a4   0x080060a4   0x000000c0   Code   RO          835    i.low_level_input   ethernetif.o
    0x08006164   0x08006164   0x000000a8   Code   RO          836    i.low_level_output  ethernetif.o
    0x0800620c   0x0800620c   0x0000003c   Code   RO         8593    i.lwip_cyclic_timer  timeouts.o
    0x08006248   0x08006248   0x00000004   Code   RO         7026    i.lwip_htonl        def.o
    0x0800624c   0x0800624c   0x00000004   Code   RO         7027    i.lwip_htons        def.o
    0x08006250   0x08006250   0x00000026   Code   RO         7262    i.lwip_init         init.o
    0x08006276   0x08006276   0x00000036   Code   RO         6079    i.lwip_netconn_do_bind  api_msg.o
    0x080062ac   0x080062ac   0x00000138   Code   RO         6081    i.lwip_netconn_do_close  api_msg.o
    0x080063e4   0x080063e4   0x000002c0   Code   RO         6082    i.lwip_netconn_do_close_internal  api_msg.o
    0x080066a4   0x080066a4   0x00000198   Code   RO         6085    i.lwip_netconn_do_delconn  api_msg.o
    0x0800683c   0x0800683c   0x000000bc   Code   RO         6090    i.lwip_netconn_do_listen  api_msg.o
    0x080068f8   0x080068f8   0x00000012   Code   RO         6091    i.lwip_netconn_do_newconn  api_msg.o
    0x0800690a   0x0800690a   0x00000042   Code   RO         6092    i.lwip_netconn_do_recv  api_msg.o
    0x0800694c   0x0800694c   0x0000014c   Code   RO         6094    i.lwip_netconn_do_write  api_msg.o
    0x08006a98   0x08006a98   0x00000384   Code   RO         6095    i.lwip_netconn_do_writemore  api_msg.o
    0x08006e1c   0x08006e1c   0x000000a8   Code   RO         6096    i.lwip_netconn_err_to_msg  api_msg.o
    0x08006ec4   0x08006ec4   0x000000ac   Code   RO         6097    i.lwip_netconn_is_err_msg  api_msg.o
    0x08006f70   0x08006f70   0x00000022   Code   RO          294    i.main              main.o
    0x08006f92   0x08006f92   0x0000000c   Code   RO         4594    i.makeFreeRtosPriority  cmsis_os.o
    0x08006f9e   0x08006f9e   0x00000002   PAD
    0x08006fa0   0x08006fa0   0x0000010c   Code   RO         9822    i.mbedtls_base64_encode  base64.o
    0x080070ac   0x080070ac   0x00001240   Code   RO        10162    i.mbedtls_internal_sha1_process  sha1.o
    0x080082ec   0x080082ec   0x00000010   Code   RO        10112    i.mbedtls_platform_zeroize  platform_util.o
    0x080082fc   0x080082fc   0x00000004   Code   RO        10163    i.mbedtls_sha1      sha1.o
    0x08008300   0x08008300   0x000000f6   Code   RO        10166    i.mbedtls_sha1_finish_ret  sha1.o
    0x080083f6   0x080083f6   0x0000000c   Code   RO        10167    i.mbedtls_sha1_free  sha1.o
    0x08008402   0x08008402   0x00000006   Code   RO        10168    i.mbedtls_sha1_init  sha1.o
    0x08008408   0x08008408   0x0000003e   Code   RO        10170    i.mbedtls_sha1_ret  sha1.o
    0x08008446   0x08008446   0x00000002   PAD
    0x08008448   0x08008448   0x00000030   Code   RO        10172    i.mbedtls_sha1_starts_ret  sha1.o
    0x08008478   0x08008478   0x00000074   Code   RO        10174    i.mbedtls_sha1_update_ret  sha1.o
    0x080084ec   0x080084ec   0x000001c8   Code   RO         7337    i.mem_free          mem.o
    0x080086b4   0x080086b4   0x000000c8   Code   RO         7338    i.mem_init          mem.o
    0x0800877c   0x0800877c   0x0000024c   Code   RO         7339    i.mem_malloc        mem.o
    0x080089c8   0x080089c8   0x00000010   Code   RO         7340    i.mem_to_ptr        mem.o
    0x080089d8   0x080089d8   0x000001e4   Code   RO         7341    i.mem_trim          mem.o
    0x08008bbc   0x08008bbc   0x0000009c   Code   RO         7415    i.memp_free         memp.o
    0x08008c58   0x08008c58   0x00000020   Code   RO         7417    i.memp_init         memp.o
    0x08008c78   0x08008c78   0x0000002a   Code   RO         7418    i.memp_init_pool    memp.o
    0x08008ca2   0x08008ca2   0x00000002   PAD
    0x08008ca4   0x08008ca4   0x000000a4   Code   RO         7419    i.memp_malloc       memp.o
    0x08008d48   0x08008d48   0x000000fc   Code   RO         6385    i.netbuf_data       netbuf.o
    0x08008e44   0x08008e44   0x00000022   Code   RO         6386    i.netbuf_delete     netbuf.o
    0x08008e66   0x08008e66   0x00000002   PAD
    0x08008e68   0x08008e68   0x00000138   Code   RO         5835    i.netconn_accept    api_lib.o
    0x08008fa0   0x08008fa0   0x00000104   Code   RO         6098    i.netconn_alloc     api_msg.o
    0x080090a4   0x080090a4   0x00000016   Code   RO         5836    i.netconn_apimsg    api_lib.o
    0x080090ba   0x080090ba   0x00000002   PAD
    0x080090bc   0x080090bc   0x000000b8   Code   RO         5837    i.netconn_bind      api_lib.o
    0x08009174   0x08009174   0x00000006   Code   RO         5839    i.netconn_close     api_lib.o
    0x0800917a   0x0800917a   0x00000002   PAD
    0x0800917c   0x0800917c   0x000000b0   Code   RO         5840    i.netconn_close_shutdown  api_lib.o
    0x0800922c   0x0800922c   0x0000001e   Code   RO         5842    i.netconn_delete    api_lib.o
    0x0800924a   0x0800924a   0x0000009c   Code   RO         6099    i.netconn_drain     api_msg.o
    0x080092e6   0x080092e6   0x0000001e   Code   RO         5844    i.netconn_err       api_lib.o
    0x08009304   0x08009304   0x0000016c   Code   RO         6100    i.netconn_free      api_msg.o
    0x08009470   0x08009470   0x000000a8   Code   RO         5847    i.netconn_listen_with_backlog  api_lib.o
    0x08009518   0x08009518   0x00000178   Code   RO         5848    i.netconn_new_with_proto_and_callback  api_lib.o
    0x08009690   0x08009690   0x00000020   Code   RO         5849    i.netconn_prepare_delete  api_lib.o
    0x080096b0   0x080096b0   0x0000013c   Code   RO         5850    i.netconn_recv      api_lib.o
    0x080097ec   0x080097ec   0x00000188   Code   RO         5851    i.netconn_recv_data  api_lib.o
    0x08009974   0x08009974   0x00000092   Code   RO         5852    i.netconn_recv_data_tcp  api_lib.o
    0x08009a06   0x08009a06   0x00000002   PAD
    0x08009a08   0x08009a08   0x000000b8   Code   RO         5861    i.netconn_tcp_recvd_msg  api_lib.o
    0x08009ac0   0x08009ac0   0x00000014   Code   RO         5862    i.netconn_write_partly  api_lib.o
    0x08009ad4   0x08009ad4   0x0000018c   Code   RO         5863    i.netconn_write_vectors_partly  api_lib.o
    0x08009c60   0x08009c60   0x000001d8   Code   RO         7559    i.netif_add         netif.o
    0x08009e38   0x08009e38   0x00000016   Code   RO         7561    i.netif_do_ip_addr_changed  netif.o
    0x08009e4e   0x08009e4e   0x00000016   Code   RO         7562    i.netif_do_set_gw   netif.o
    0x08009e64   0x08009e64   0x000000c4   Code   RO         7563    i.netif_do_set_ipaddr  netif.o
    0x08009f28   0x08009f28   0x00000016   Code   RO         7564    i.netif_do_set_netmask  netif.o
    0x08009f3e   0x08009f3e   0x00000002   PAD
    0x08009f40   0x08009f40   0x00000028   Code   RO         7566    i.netif_get_by_index  netif.o
    0x08009f68   0x08009f68   0x00000002   Code   RO         7568    i.netif_init        netif.o
    0x08009f6a   0x08009f6a   0x00000002   PAD
    0x08009f6c   0x08009f6c   0x000000c0   Code   RO         7570    i.netif_issue_reports  netif.o
    0x0800a02c   0x0800a02c   0x00000006   Code   RO         7572    i.netif_null_output_ip4  netif.o
    0x0800a032   0x0800a032   0x00000002   PAD
    0x0800a034   0x0800a034   0x00000060   Code   RO         7574    i.netif_set_addr    netif.o
    0x0800a094   0x0800a094   0x0000000c   Code   RO         7575    i.netif_set_default  netif.o
    0x0800a0a0   0x0800a0a0   0x000000a8   Code   RO         7576    i.netif_set_down    netif.o
    0x0800a148   0x0800a148   0x00000008   Code   RO         7579    i.netif_set_link_callback  netif.o
    0x0800a150   0x0800a150   0x000000ac   Code   RO         7580    i.netif_set_link_down  netif.o
    0x0800a1fc   0x0800a1fc   0x000000c0   Code   RO         7581    i.netif_set_link_up  netif.o
    0x0800a2bc   0x0800a2bc   0x000000a0   Code   RO         7583    i.netif_set_up      netif.o
    0x0800a35c   0x0800a35c   0x0000000e   Code   RO         4596    i.osDelay           cmsis_os.o
    0x0800a36a   0x0800a36a   0x0000000a   Code   RO         4599    i.osKernelStart     cmsis_os.o
    0x0800a374   0x0800a374   0x00000018   Code   RO         4600    i.osKernelSysTick   cmsis_os.o
    0x0800a38c   0x0800a38c   0x00000026   Code   RO         4608    i.osMessageCreate   cmsis_os.o
    0x0800a3b2   0x0800a3b2   0x00000018   Code   RO         4609    i.osMessageDelete   cmsis_os.o
    0x0800a3ca   0x0800a3ca   0x00000002   PAD
    0x0800a3cc   0x0800a3cc   0x00000094   Code   RO         4610    i.osMessageGet      cmsis_os.o
    0x0800a460   0x0800a460   0x0000005c   Code   RO         4612    i.osMessagePut      cmsis_os.o
    0x0800a4bc   0x0800a4bc   0x0000001e   Code   RO         4613    i.osMessageWaiting  cmsis_os.o
    0x0800a4da   0x0800a4da   0x00000010   Code   RO         4614    i.osMutexCreate     cmsis_os.o
    0x0800a4ea   0x0800a4ea   0x00000002   PAD
    0x0800a4ec   0x0800a4ec   0x00000050   Code   RO         4616    i.osMutexRelease    cmsis_os.o
    0x0800a53c   0x0800a53c   0x00000064   Code   RO         4617    i.osMutexWait       cmsis_os.o
    0x0800a5a0   0x0800a5a0   0x00000050   Code   RO         4625    i.osSemaphoreCreate  cmsis_os.o
    0x0800a5f0   0x0800a5f0   0x00000018   Code   RO         4626    i.osSemaphoreDelete  cmsis_os.o
    0x0800a608   0x0800a608   0x00000050   Code   RO         4628    i.osSemaphoreRelease  cmsis_os.o
    0x0800a658   0x0800a658   0x00000064   Code   RO         4629    i.osSemaphoreWait   cmsis_os.o
    0x0800a6bc   0x0800a6bc   0x00000054   Code   RO         4633    i.osThreadCreate    cmsis_os.o
    0x0800a710   0x0800a710   0x00000006   Code   RO         7747    i.pbuf_add_header   pbuf.o
    0x0800a716   0x0800a716   0x00000002   PAD
    0x0800a718   0x0800a718   0x000000c0   Code   RO         7749    i.pbuf_add_header_impl  pbuf.o
    0x0800a7d8   0x0800a7d8   0x0000025c   Code   RO         7750    i.pbuf_alloc        pbuf.o
    0x0800aa34   0x0800aa34   0x000000b0   Code   RO         7751    i.pbuf_alloc_reference  pbuf.o
    0x0800aae4   0x0800aae4   0x00000036   Code   RO         7752    i.pbuf_alloced_custom  pbuf.o
    0x0800ab1a   0x0800ab1a   0x00000002   PAD
    0x0800ab1c   0x0800ab1c   0x00000130   Code   RO         7753    i.pbuf_cat          pbuf.o
    0x0800ac4c   0x0800ac4c   0x00000012   Code   RO         7754    i.pbuf_chain        pbuf.o
    0x0800ac5e   0x0800ac5e   0x00000012   Code   RO         7755    i.pbuf_clen         pbuf.o
    0x0800ac70   0x0800ac70   0x0000009c   Code   RO         7756    i.pbuf_clone        pbuf.o
    0x0800ad0c   0x0800ad0c   0x000001e0   Code   RO         7758    i.pbuf_copy         pbuf.o
    0x0800aeec   0x0800aeec   0x00000118   Code   RO         7759    i.pbuf_copy_partial  pbuf.o
    0x0800b004   0x0800b004   0x00000164   Code   RO         7761    i.pbuf_free         pbuf.o
    0x0800b168   0x0800b168   0x00000034   Code   RO         7763    i.pbuf_free_ooseq_callback  pbuf.o
    0x0800b19c   0x0800b19c   0x00000006   Code   RO         7767    i.pbuf_header_force  pbuf.o
    0x0800b1a2   0x0800b1a2   0x0000000e   Code   RO         7768    i.pbuf_header_impl  pbuf.o
    0x0800b1b0   0x0800b1b0   0x0000001c   Code   RO         7769    i.pbuf_init_alloced_pbuf  pbuf.o
    0x0800b1cc   0x0800b1cc   0x0000001e   Code   RO         7772    i.pbuf_put_at       pbuf.o
    0x0800b1ea   0x0800b1ea   0x00000002   PAD
    0x0800b1ec   0x0800b1ec   0x00000134   Code   RO         7773    i.pbuf_realloc      pbuf.o
    0x0800b320   0x0800b320   0x0000009c   Code   RO         7774    i.pbuf_ref          pbuf.o
    0x0800b3bc   0x0800b3bc   0x000000d0   Code   RO         7775    i.pbuf_remove_header  pbuf.o
    0x0800b48c   0x0800b48c   0x00000004   Code   RO         7776    i.pbuf_skip         pbuf.o
    0x0800b490   0x0800b490   0x00000018   Code   RO         7777    i.pbuf_skip_const   pbuf.o
    0x0800b4a8   0x0800b4a8   0x00000178   Code   RO         7779    i.pbuf_take         pbuf.o
    0x0800b620   0x0800b620   0x000000e0   Code   RO         7780    i.pbuf_take_at      pbuf.o
    0x0800b700   0x0800b700   0x000000f8   Code   RO         6101    i.pcb_new           api_msg.o
    0x0800b7f8   0x0800b7f8   0x000001a0   Code   RO         7342    i.plug_holes        mem.o
    0x0800b998   0x0800b998   0x000000dc   Code   RO         6102    i.poll_tcp          api_msg.o
    0x0800ba74   0x0800ba74   0x00000070   Code   RO         4272    i.prvAddCurrentTaskToDelayedList  tasks.o
    0x0800bae4   0x0800bae4   0x000000d0   Code   RO         4273    i.prvAddNewTaskToReadyList  tasks.o
    0x0800bbb4   0x0800bbb4   0x00000026   Code   RO         3938    i.prvCopyDataFromQueue  queue.o
    0x0800bbda   0x0800bbda   0x0000006c   Code   RO         3939    i.prvCopyDataToQueue  queue.o
    0x0800bc46   0x0800bc46   0x00000034   Code   RO         4274    i.prvDeleteTCB      tasks.o
    0x0800bc7a   0x0800bc7a   0x00000002   PAD
    0x0800bc7c   0x0800bc7c   0x0000004c   Code   RO         4973    i.prvHeapInit       heap_4.o
    0x0800bcc8   0x0800bcc8   0x00000060   Code   RO         4275    i.prvIdleTask       tasks.o
    0x0800bd28   0x0800bd28   0x00000016   Code   RO         3940    i.prvInitialiseMutex  queue.o
    0x0800bd3e   0x0800bd3e   0x00000016   Code   RO         3941    i.prvInitialiseNewQueue  queue.o
    0x0800bd54   0x0800bd54   0x00000098   Code   RO         4276    i.prvInitialiseNewTask  tasks.o
    0x0800bdec   0x0800bdec   0x0000004c   Code   RO         4974    i.prvInsertBlockIntoFreeList  heap_4.o
    0x0800be38   0x0800be38   0x0000001c   Code   RO         3942    i.prvIsQueueEmpty   queue.o
    0x0800be54   0x0800be54   0x00000020   Code   RO         4277    i.prvResetNextTaskUnblockTime  tasks.o
    0x0800be74   0x0800be74   0x00000028   Code   RO         5036    i.prvTaskExitError  port.o
    0x0800be9c   0x0800be9c   0x00000034   Code   RO         4279    i.prvTaskIsTaskSuspended  tasks.o
    0x0800bed0   0x0800bed0   0x0000006a   Code   RO         3943    i.prvUnlockQueue    queue.o
    0x0800bf3a   0x0800bf3a   0x00000002   PAD
    0x0800bf3c   0x0800bf3c   0x0000000c   Code   RO         7343    i.ptr_to_mem        mem.o
    0x0800bf48   0x0800bf48   0x000000d8   Code   RO         4975    i.pvPortMalloc      heap_4.o
    0x0800c020   0x0800c020   0x00000018   Code   RO         4280    i.pvTaskIncrementMutexHeldCount  tasks.o
    0x0800c038   0x0800c038   0x0000002c   Code   RO         5037    i.pxPortInitialiseStack  port.o
    0x0800c064   0x0800c064   0x00000184   Code   RO         6103    i.recv_tcp          api_msg.o
    0x0800c1e8   0x0800c1e8   0x00000164   Code   RO         6104    i.recv_udp          api_msg.o
    0x0800c34c   0x0800c34c   0x000000d0   Code   RO         6105    i.sent_tcp          api_msg.o
    0x0800c41c   0x0800c41c   0x00000044   Code   RO         6106    i.setup_tcp         api_msg.o
    0x0800c460   0x0800c460   0x00000044   Code   RO         9386    i.sys_arch_mbox_fetch  sys_arch.o
    0x0800c4a4   0x0800c4a4   0x00000022   Code   RO         9387    i.sys_arch_mbox_tryfetch  sys_arch.o
    0x0800c4c6   0x0800c4c6   0x00000002   PAD
    0x0800c4c8   0x0800c4c8   0x00000018   Code   RO         9388    i.sys_arch_protect  sys_arch.o
    0x0800c4e0   0x0800c4e0   0x00000038   Code   RO         9389    i.sys_arch_sem_wait  sys_arch.o
    0x0800c518   0x0800c518   0x0000000c   Code   RO         9390    i.sys_arch_unprotect  sys_arch.o
    0x0800c524   0x0800c524   0x00000044   Code   RO         8594    i.sys_check_timeouts  timeouts.o
    0x0800c568   0x0800c568   0x00000018   Code   RO         9391    i.sys_init          sys_arch.o
    0x0800c580   0x0800c580   0x00000014   Code   RO         9392    i.sys_mbox_free     sys_arch.o
    0x0800c594   0x0800c594   0x0000002c   Code   RO         9393    i.sys_mbox_new      sys_arch.o
    0x0800c5c0   0x0800c5c0   0x00000006   Code   RO         9395    i.sys_mbox_set_invalid  sys_arch.o
    0x0800c5c6   0x0800c5c6   0x00000014   Code   RO         9396    i.sys_mbox_trypost  sys_arch.o
    0x0800c5da   0x0800c5da   0x0000000a   Code   RO         9398    i.sys_mbox_valid    sys_arch.o
    0x0800c5e4   0x0800c5e4   0x0000000a   Code   RO         9400    i.sys_mutex_lock    sys_arch.o
    0x0800c5ee   0x0800c5ee   0x0000001e   Code   RO         9401    i.sys_mutex_new     sys_arch.o
    0x0800c60c   0x0800c60c   0x00000006   Code   RO         9402    i.sys_mutex_unlock  sys_arch.o
    0x0800c612   0x0800c612   0x00000004   Code   RO          838    i.sys_now           ethernetif.o
    0x0800c616   0x0800c616   0x00000006   Code   RO         9403    i.sys_sem_free      sys_arch.o
    0x0800c61c   0x0800c61c   0x0000002c   Code   RO         9404    i.sys_sem_new       sys_arch.o
    0x0800c648   0x0800c648   0x00000006   Code   RO         9405    i.sys_sem_set_invalid  sys_arch.o
    0x0800c64e   0x0800c64e   0x00000006   Code   RO         9406    i.sys_sem_signal    sys_arch.o
    0x0800c654   0x0800c654   0x0000000a   Code   RO         9407    i.sys_sem_valid     sys_arch.o
    0x0800c65e   0x0800c65e   0x00000030   Code   RO         9408    i.sys_thread_new    sys_arch.o
    0x0800c68e   0x0800c68e   0x00000002   PAD
    0x0800c690   0x0800c690   0x000000c4   Code   RO         8596    i.sys_timeout       timeouts.o
    0x0800c754   0x0800c754   0x000000f8   Code   RO         8597    i.sys_timeout_abs   timeouts.o
    0x0800c84c   0x0800c84c   0x00000028   Code   RO         8598    i.sys_timeouts_init  timeouts.o
    0x0800c874   0x0800c874   0x00000028   Code   RO         8599    i.sys_timeouts_sleeptime  timeouts.o
    0x0800c89c   0x0800c89c   0x000001ac   Code   RO         8031    i.tcp_abandon       tcp.o
    0x0800ca48   0x0800ca48   0x00000006   Code   RO         8032    i.tcp_abort         tcp.o
    0x0800ca4e   0x0800ca4e   0x0000000e   Code   RO         8033    i.tcp_accept        tcp.o
    0x0800ca5c   0x0800ca5c   0x00000098   Code   RO         8034    i.tcp_accept_null   tcp.o
    0x0800caf4   0x0800caf4   0x00000124   Code   RO         8035    i.tcp_alloc         tcp.o
    0x0800cc18   0x0800cc18   0x00000008   Code   RO         8036    i.tcp_arg           tcp.o
    0x0800cc20   0x0800cc20   0x0000014c   Code   RO         8037    i.tcp_bind          tcp.o
    0x0800cd6c   0x0800cd6c   0x000000a0   Code   RO         8039    i.tcp_close         tcp.o
    0x0800ce0c   0x0800ce0c   0x000001dc   Code   RO         8040    i.tcp_close_shutdown  tcp.o
    0x0800cfe8   0x0800cfe8   0x000000c4   Code   RO         8041    i.tcp_close_shutdown_fin  tcp.o
    0x0800d0ac   0x0800d0ac   0x00000180   Code   RO         8433    i.tcp_create_segment  tcp_out.o
    0x0800d22c   0x0800d22c   0x000000b8   Code   RO         8044    i.tcp_eff_send_mss_netif  tcp.o
    0x0800d2e4   0x0800d2e4   0x00000234   Code   RO         8434    i.tcp_enqueue_flags  tcp_out.o
    0x0800d518   0x0800d518   0x000000a4   Code   RO         8045    i.tcp_err           tcp.o
    0x0800d5bc   0x0800d5bc   0x0000006c   Code   RO         8046    i.tcp_fasttmr       tcp.o
    0x0800d628   0x0800d628   0x00000090   Code   RO         8047    i.tcp_free          tcp.o
    0x0800d6b8   0x0800d6b8   0x0000013c   Code   RO         8344    i.tcp_free_acked_segments  tcp_in.o
    0x0800d7f4   0x0800d7f4   0x00000014   Code   RO         8048    i.tcp_free_ooseq    tcp.o
    0x0800d808   0x0800d808   0x00000028   Code   RO         8345    i.tcp_get_next_optbyte  tcp_in.o
    0x0800d830   0x0800d830   0x00000018   Code   RO         8049    i.tcp_init          tcp.o
    0x0800d848   0x0800d848   0x00000650   Code   RO         8346    i.tcp_input         tcp_in.o
    0x0800de98   0x0800de98   0x000000d4   Code   RO         8347    i.tcp_input_delayed_close  tcp_in.o
    0x0800df6c   0x0800df6c   0x000000cc   Code   RO         8435    i.tcp_keepalive     tcp_out.o
    0x0800e038   0x0800e038   0x000000bc   Code   RO         8050    i.tcp_kill_state    tcp.o
    0x0800e0f4   0x0800e0f4   0x00000070   Code   RO         8051    i.tcp_listen_closed  tcp.o
    0x0800e164   0x0800e164   0x00000198   Code   RO         8348    i.tcp_listen_input  tcp_in.o
    0x0800e2fc   0x0800e2fc   0x00000180   Code   RO         8053    i.tcp_listen_with_backlog_and_err  tcp.o
    0x0800e47c   0x0800e47c   0x0000004c   Code   RO         8054    i.tcp_netif_ip_addr_changed  tcp.o
    0x0800e4c8   0x0800e4c8   0x000000c0   Code   RO         8055    i.tcp_netif_ip_addr_changed_pcblist  tcp.o
    0x0800e588   0x0800e588   0x00000006   Code   RO         8057    i.tcp_new_ip_type   tcp.o
    0x0800e58e   0x0800e58e   0x00000002   PAD
    0x0800e590   0x0800e590   0x00000060   Code   RO         8058    i.tcp_new_port      tcp.o
    0x0800e5f0   0x0800e5f0   0x00000098   Code   RO         8059    i.tcp_next_iss      tcp.o
    0x0800e688   0x0800e688   0x0000010c   Code   RO         8349    i.tcp_oos_insert_segment  tcp_in.o
    0x0800e794   0x0800e794   0x000002e0   Code   RO         8436    i.tcp_output        tcp_out.o
    0x0800ea74   0x0800ea74   0x000000cc   Code   RO         8437    i.tcp_output_alloc_header  tcp_out.o
    0x0800eb40   0x0800eb40   0x00000110   Code   RO         8438    i.tcp_output_alloc_header_common  tcp_out.o
    0x0800ec50   0x0800ec50   0x000000e0   Code   RO         8439    i.tcp_output_control_segment  tcp_out.o
    0x0800ed30   0x0800ed30   0x000000d8   Code   RO         8440    i.tcp_output_fill_options  tcp_out.o
    0x0800ee08   0x0800ee08   0x000001dc   Code   RO         8441    i.tcp_output_segment  tcp_out.o
    0x0800efe4   0x0800efe4   0x000000a8   Code   RO         8442    i.tcp_output_segment_busy  tcp_out.o
    0x0800f08c   0x0800f08c   0x000000fc   Code   RO         8350    i.tcp_parseopt      tcp_in.o
    0x0800f188   0x0800f188   0x00000150   Code   RO         8443    i.tcp_pbuf_prealloc  tcp_out.o
    0x0800f2d8   0x0800f2d8   0x000000cc   Code   RO         8060    i.tcp_pcb_purge     tcp.o
    0x0800f3a4   0x0800f3a4   0x00000190   Code   RO         8061    i.tcp_pcb_remove    tcp.o
    0x0800f534   0x0800f534   0x000000cc   Code   RO         8062    i.tcp_poll          tcp.o
    0x0800f600   0x0800f600   0x000004c2   Code   RO         8351    i.tcp_process       tcp_in.o
    0x0800fac2   0x0800fac2   0x00000002   PAD
    0x0800fac4   0x0800fac4   0x00000104   Code   RO         8063    i.tcp_process_refused_data  tcp.o
    0x0800fbc8   0x0800fbc8   0x00000904   Code   RO         8352    i.tcp_receive       tcp_in.o
    0x080104cc   0x080104cc   0x000000a4   Code   RO         8064    i.tcp_recv          tcp.o
    0x08010570   0x08010570   0x000000b0   Code   RO         8065    i.tcp_recv_null     tcp.o
    0x08010620   0x08010620   0x00000100   Code   RO         8066    i.tcp_recved        tcp.o
    0x08010720   0x08010720   0x00000058   Code   RO         8067    i.tcp_remove_listener  tcp.o
    0x08010778   0x08010778   0x000000ec   Code   RO         8444    i.tcp_rexmit        tcp_out.o
    0x08010864   0x08010864   0x000000e8   Code   RO         8445    i.tcp_rexmit_fast   tcp_out.o
    0x0801094c   0x0801094c   0x000000a4   Code   RO         8446    i.tcp_rexmit_rto    tcp_out.o
    0x080109f0   0x080109f0   0x000000ac   Code   RO         8447    i.tcp_rexmit_rto_commit  tcp_out.o
    0x08010a9c   0x08010a9c   0x000000f8   Code   RO         8448    i.tcp_rexmit_rto_prepare  tcp_out.o
    0x08010b94   0x08010b94   0x00000010   Code   RO         8449    i.tcp_route         tcp_out.o
    0x08010ba4   0x08010ba4   0x00000114   Code   RO         8450    i.tcp_rst           tcp_out.o
    0x08010cb8   0x08010cb8   0x000000ac   Code   RO         8068    i.tcp_seg_copy      tcp.o
    0x08010d64   0x08010d64   0x0000001c   Code   RO         8069    i.tcp_seg_free      tcp.o
    0x08010d80   0x08010d80   0x00000012   Code   RO         8070    i.tcp_segs_free     tcp.o
    0x08010d92   0x08010d92   0x00000002   PAD
    0x08010d94   0x08010d94   0x000000ec   Code   RO         8451    i.tcp_send_empty_ack  tcp_out.o
    0x08010e80   0x08010e80   0x000000cc   Code   RO         8452    i.tcp_send_fin      tcp_out.o
    0x08010f4c   0x08010f4c   0x000000a4   Code   RO         8071    i.tcp_sent          tcp.o
    0x08010ff0   0x08010ff0   0x000000dc   Code   RO         8073    i.tcp_shutdown      tcp.o
    0x080110cc   0x080110cc   0x000005d0   Code   RO         8074    i.tcp_slowtmr       tcp.o
    0x0801169c   0x0801169c   0x0000022c   Code   RO         8453    i.tcp_split_unsent_seg  tcp_out.o
    0x080118c8   0x080118c8   0x00000034   Code   RO         8601    i.tcp_timer_needed  timeouts.o
    0x080118fc   0x080118fc   0x00000100   Code   RO         8353    i.tcp_timewait_input  tcp_in.o
    0x080119fc   0x080119fc   0x00000020   Code   RO         8076    i.tcp_tmr           tcp.o
    0x08011a1c   0x08011a1c   0x00000010   Code   RO         8354    i.tcp_trigger_input_pcb_close  tcp_in.o
    0x08011a2c   0x08011a2c   0x000000f4   Code   RO         8078    i.tcp_update_rcv_ann_wnd  tcp.o
    0x08011b20   0x08011b20   0x000006b8   Code   RO         8454    i.tcp_write         tcp_out.o
    0x080121d8   0x080121d8   0x00000174   Code   RO         8455    i.tcp_write_checks  tcp_out.o
    0x0801234c   0x0801234c   0x00000140   Code   RO         8456    i.tcp_zero_window_probe  tcp_out.o
    0x0801248c   0x0801248c   0x00000110   Code   RO         6857    i.tcpip_init        tcpip.o
    0x0801259c   0x0801259c   0x000000c0   Code   RO         6858    i.tcpip_inpkt       tcpip.o
    0x0801265c   0x0801265c   0x0000001c   Code   RO         6859    i.tcpip_input       tcpip.o
    0x08012678   0x08012678   0x00000020   Code   RO         6860    i.tcpip_send_msg_wait_sem  tcpip.o
    0x08012698   0x08012698   0x00000038   Code   RO         8602    i.tcpip_tcp_timer   timeouts.o
    0x080126d0   0x080126d0   0x000000f8   Code   RO         6861    i.tcpip_thread      tcpip.o
    0x080127c8   0x080127c8   0x000000cc   Code   RO         6862    i.tcpip_thread_handle_msg  tcpip.o
    0x08012894   0x08012894   0x000000bc   Code   RO         6863    i.tcpip_try_callback  tcpip.o
    0x08012950   0x08012950   0x00000074   Code   RO          381    i.thread_MainTask   freertos.o
    0x080129c4   0x080129c4   0x00000008   Code   RO          382    i.thread_SecondTask  freertos.o
    0x080129cc   0x080129cc   0x00000134   Code   RO         8682    i.udp_bind          udp.o
    0x08012b00   0x08012b00   0x00000018   Code   RO         8686    i.udp_init          udp.o
    0x08012b18   0x08012b18   0x000001e8   Code   RO         8687    i.udp_input         udp.o
    0x08012d00   0x08012d00   0x0000010c   Code   RO         8688    i.udp_input_local_match  udp.o
    0x08012e0c   0x08012e0c   0x00000034   Code   RO         8689    i.udp_netif_ip_addr_changed  udp.o
    0x08012e40   0x08012e40   0x0000001a   Code   RO         8690    i.udp_new           udp.o
    0x08012e5a   0x08012e5a   0x00000004   Code   RO         8691    i.udp_new_ip_type   udp.o
    0x08012e5e   0x08012e5e   0x00000002   PAD
    0x08012e60   0x08012e60   0x00000088   Code   RO         8692    i.udp_recv          udp.o
    0x08012ee8   0x08012ee8   0x000000b0   Code   RO         8693    i.udp_remove        udp.o
    0x08012f98   0x08012f98   0x00000114   Code   RO         8695    i.udp_sendto        udp.o
    0x080130ac   0x080130ac   0x00000140   Code   RO         8696    i.udp_sendto_if     udp.o
    0x080131ec   0x080131ec   0x00000248   Code   RO         8697    i.udp_sendto_if_src  udp.o
    0x08013434   0x08013434   0x00000026   Code   RO         3898    i.uxListRemove      list.o
    0x0801345a   0x0801345a   0x00000024   Code   RO         3944    i.uxQueueMessagesWaiting  queue.o
    0x0801347e   0x0801347e   0x00000016   Code   RO         3945    i.uxQueueMessagesWaitingFromISR  queue.o
    0x08013494   0x08013494   0x00000014   Code   RO          383    i.vApplicationGetIdleTaskMemory  freertos.o
    0x080134a8   0x080134a8   0x00000016   Code   RO         3899    i.vListInitialise   list.o
    0x080134be   0x080134be   0x00000006   Code   RO         3900    i.vListInitialiseItem  list.o
    0x080134c4   0x080134c4   0x00000030   Code   RO         3901    i.vListInsert       list.o
    0x080134f4   0x080134f4   0x00000018   Code   RO         3902    i.vListInsertEnd    list.o
    0x0801350c   0x0801350c   0x00000040   Code   RO         5039    i.vPortEnterCritical  port.o
    0x0801354c   0x0801354c   0x00000028   Code   RO         5040    i.vPortExitCritical  port.o
    0x08013574   0x08013574   0x0000005c   Code   RO         4976    i.vPortFree         heap_4.o
    0x080135d0   0x080135d0   0x00000024   Code   RO         5041    i.vPortSetupTimerInterrupt  port.o
    0x080135f4   0x080135f4   0x00000054   Code   RO         5042    i.vPortValidateInterruptPriority  port.o
    0x08013648   0x08013648   0x0000002e   Code   RO         3948    i.vQueueDelete      queue.o
    0x08013676   0x08013676   0x00000002   PAD
    0x08013678   0x08013678   0x00000028   Code   RO         3949    i.vQueueUnregisterQueue  queue.o
    0x080136a0   0x080136a0   0x0000004c   Code   RO         4286    i.vTaskDelay        tasks.o
    0x080136ec   0x080136ec   0x000000ac   Code   RO         4287    i.vTaskDelete       tasks.o
    0x08013798   0x08013798   0x00000010   Code   RO         4289    i.vTaskInternalSetTimeOutState  tasks.o
    0x080137a8   0x080137a8   0x0000000c   Code   RO         4290    i.vTaskMissedYield  tasks.o
    0x080137b4   0x080137b4   0x00000030   Code   RO         4292    i.vTaskPlaceOnEventList  tasks.o
    0x080137e4   0x080137e4   0x000000a8   Code   RO         4294    i.vTaskPriorityDisinheritAfterTimeout  tasks.o
    0x0801388c   0x0801388c   0x0000007c   Code   RO         4297    i.vTaskResume       tasks.o
    0x08013908   0x08013908   0x0000006c   Code   RO         4299    i.vTaskStartScheduler  tasks.o
    0x08013974   0x08013974   0x000000bc   Code   RO         4300    i.vTaskSuspend      tasks.o
    0x08013a30   0x08013a30   0x00000010   Code   RO         4301    i.vTaskSuspendAll   tasks.o
    0x08013a40   0x08013a40   0x0000005c   Code   RO         4302    i.vTaskSwitchContext  tasks.o
    0x08013a9c   0x08013a9c   0x0000015c   Code   RO          733    i.ws_client_task    websocket.o
    0x08013bf8   0x08013bf8   0x0000009c   Code   RO          735    i.ws_server_task    websocket.o
    0x08013c94   0x08013c94   0x000000f4   Code   RO         5043    i.xPortStartScheduler  port.o
    0x08013d88   0x08013d88   0x0000003a   Code   RO         3950    i.xQueueCreateCountingSemaphore  queue.o
    0x08013dc2   0x08013dc2   0x00000040   Code   RO         3951    i.xQueueCreateCountingSemaphoreStatic  queue.o
    0x08013e02   0x08013e02   0x00000016   Code   RO         3952    i.xQueueCreateMutex  queue.o
    0x08013e18   0x08013e18   0x0000001a   Code   RO         3953    i.xQueueCreateMutexStatic  queue.o
    0x08013e32   0x08013e32   0x00000048   Code   RO         3954    i.xQueueGenericCreate  queue.o
    0x08013e7a   0x08013e7a   0x00000066   Code   RO         3955    i.xQueueGenericCreateStatic  queue.o
    0x08013ee0   0x08013ee0   0x00000088   Code   RO         3956    i.xQueueGenericReset  queue.o
    0x08013f68   0x08013f68   0x00000160   Code   RO         3957    i.xQueueGenericSend  queue.o
    0x080140c8   0x080140c8   0x000000bc   Code   RO         3958    i.xQueueGenericSendFromISR  queue.o
    0x08014184   0x08014184   0x0000009c   Code   RO         3959    i.xQueueGiveFromISR  queue.o
    0x08014220   0x08014220   0x00000138   Code   RO         3964    i.xQueueReceive     queue.o
    0x08014358   0x08014358   0x0000009a   Code   RO         3965    i.xQueueReceiveFromISR  queue.o
    0x080143f2   0x080143f2   0x00000002   PAD
    0x080143f4   0x080143f4   0x00000178   Code   RO         3966    i.xQueueSemaphoreTake  queue.o
    0x0801456c   0x0801456c   0x00000074   Code   RO         4303    i.xTaskCheckForTimeOut  tasks.o
    0x080145e0   0x080145e0   0x0000005a   Code   RO         4304    i.xTaskCreate       tasks.o
    0x0801463a   0x0801463a   0x00000056   Code   RO         4305    i.xTaskCreateStatic  tasks.o
    0x08014690   0x08014690   0x0000001c   Code   RO         4310    i.xTaskGetSchedulerState  tasks.o
    0x080146ac   0x080146ac   0x0000000c   Code   RO         4311    i.xTaskGetTickCount  tasks.o
    0x080146b8   0x080146b8   0x00000010   Code   RO         4312    i.xTaskGetTickCountFromISR  tasks.o
    0x080146c8   0x080146c8   0x000000c8   Code   RO         4313    i.xTaskIncrementTick  tasks.o
    0x08014790   0x08014790   0x00000098   Code   RO         4316    i.xTaskPriorityDisinherit  tasks.o
    0x08014828   0x08014828   0x00000094   Code   RO         4317    i.xTaskPriorityInherit  tasks.o
    0x080148bc   0x080148bc   0x00000074   Code   RO         4318    i.xTaskRemoveFromEventList  tasks.o
    0x08014930   0x08014930   0x000000c4   Code   RO         4319    i.xTaskResumeAll    tasks.o
    0x080149f4   0x080149f4   0x00000038   Data   RO          385    .constdata          freertos.o
    0x08014a2c   0x08014a2c   0x0000001c   Data   RO          840    .constdata          ethernetif.o
    0x08014a48   0x08014a48   0x0000001c   Data   RO         1003    .constdata          lwip.o
    0x08014a64   0x08014a64   0x00000010   Data   RO         3761    .constdata          system_stm32f4xx.o
    0x08014a74   0x08014a74   0x00000008   Data   RO         3762    .constdata          system_stm32f4xx.o
    0x08014a7c   0x08014a7c   0x00000006   Data   RO         5645    .constdata          ethernet.o
    0x08014a82   0x08014a82   0x00000006   Data   RO         5646    .constdata          ethernet.o
    0x08014a88   0x08014a88   0x00000003   Data   RO         6107    .constdata          api_msg.o
    0x08014a8b   0x08014a8b   0x00000001   PAD
    0x08014a8c   0x08014a8c   0x0000000c   Data   RO         7435    .constdata          memp.o
    0x08014a98   0x08014a98   0x0000000c   Data   RO         7436    .constdata          memp.o
    0x08014aa4   0x08014aa4   0x0000000c   Data   RO         7437    .constdata          memp.o
    0x08014ab0   0x08014ab0   0x0000000c   Data   RO         7438    .constdata          memp.o
    0x08014abc   0x08014abc   0x0000000c   Data   RO         7439    .constdata          memp.o
    0x08014ac8   0x08014ac8   0x0000000c   Data   RO         7440    .constdata          memp.o
    0x08014ad4   0x08014ad4   0x0000000c   Data   RO         7441    .constdata          memp.o
    0x08014ae0   0x08014ae0   0x0000000c   Data   RO         7442    .constdata          memp.o
    0x08014aec   0x08014aec   0x0000000c   Data   RO         7443    .constdata          memp.o
    0x08014af8   0x08014af8   0x0000000c   Data   RO         7444    .constdata          memp.o
    0x08014b04   0x08014b04   0x0000000c   Data   RO         7445    .constdata          memp.o
    0x08014b10   0x08014b10   0x0000000c   Data   RO         7446    .constdata          memp.o
    0x08014b1c   0x08014b1c   0x0000000c   Data   RO         7447    .constdata          memp.o
    0x08014b28   0x08014b28   0x0000000c   Data   RO         7448    .constdata          memp.o
    0x08014b34   0x08014b34   0x00000038   Data   RO         7449    .constdata          memp.o
    0x08014b6c   0x08014b6c   0x00000054   Data   RO         8079    .constdata          tcp.o
    0x08014bc0   0x08014bc0   0x00000020   Data   RO         8603    .constdata          timeouts.o
    0x08014be0   0x08014be0   0x00000004   Data   RO         9070    .constdata          ip4_addr.o
    0x08014be4   0x08014be4   0x00000018   Data   RO         9409    .constdata          sys_arch.o
    0x08014bfc   0x08014bfc   0x000000c0   Data   RO         9823    .constdata          base64.o
    0x08014cbc   0x08014cbc   0x00000081   Data   RO        10484    .constdata          mc_w.l(ctype_o.o)
    0x08014d3d   0x08014d3d   0x00000003   PAD
    0x08014d40   0x08014d40   0x00000004   Data   RO        10485    .constdata          mc_w.l(ctype_o.o)
    0x08014d44   0x08014d44   0x00000015   Data   RO          386    .conststring        freertos.o
    0x08014d59   0x08014d59   0x00000003   PAD
    0x08014d5c   0x08014d5c   0x000000d1   Data   RO          679    .conststring        http.o
    0x08014e2d   0x08014e2d   0x00000003   PAD
    0x08014e30   0x08014e30   0x00000006   Data   RO          841    .conststring        ethernetif.o
    0x08014e36   0x08014e36   0x00000002   PAD
    0x08014e38   0x08014e38   0x00000008   Data   RO         1004    .conststring        lwip.o
    0x08014e40   0x08014e40   0x00000075   Data   RO         8080    .conststring        tcp.o
    0x08014eb5   0x08014eb5   0x00000003   PAD
    0x08014eb8   0x08014eb8   0x00000055   Data   RO         8457    .conststring        tcp_out.o
    0x08014f0d   0x08014f0d   0x00000003   PAD
    0x08014f10   0x08014f10   0x00000041   Data   RO         8858    .conststring        etharp.o
    0x08014f51   0x08014f51   0x00000003   PAD
    0x08014f54   0x08014f54   0x00000060   Data   RO          738    .conststrlit        websocket.o
    0x08014fb4   0x08014fb4   0x00000040   Data   RO        10900    Region$$Table       anon$$obj.o


    Execution Region RW_IRAM2 (Exec base: 0x10000000, Load base: 0x0801509c, Size: 0x00003b44, Max: 0x00010000, ABSOLUTE)

    Exec Addr    Load Addr    Size         Type   Attr      Idx    E Section Name        Object

    0x10000000   0x0801509c   0x00000008   Data   RW          387    .data               freertos.o
    0x10000008   0x080150a4   0x00000004   Data   RW          842    .data               ethernetif.o
    0x1000000c   0x080150a8   0x00000024   Data   RW         1005    .data               lwip.o
    0x10000030   0x080150cc   0x0000000c   Data   RW         5044    .data               port.o
    0x1000003c   0x080150d8   0x00000010   Data   RW         6864    .data               tcpip.o
    0x1000004c   0x080150e8   0x00000004   Data   RW         7450    .data               memp.o
    0x10000050   0x080150ec   0x00000004   Data   RW         7452    .data               memp.o
    0x10000054   0x080150f0   0x00000004   Data   RW         7454    .data               memp.o
    0x10000058   0x080150f4   0x00000004   Data   RW         7456    .data               memp.o
    0x1000005c   0x080150f8   0x00000004   Data   RW         7458    .data               memp.o
    0x10000060   0x080150fc   0x00000004   Data   RW         7460    .data               memp.o
    0x10000064   0x08015100   0x00000004   Data   RW         7462    .data               memp.o
    0x10000068   0x08015104   0x0000000c   Data   RW         7584    .data               netif.o
    0x10000074   0x08015110   0x00000020   Data   RW         8081    .data               tcp.o
    0x10000094   0x08015130   0x00000002   Data   RW         9014    .data               ip4.o
    0x10000096   0x08015132   0x00000002   PAD
    0x10000098   0x08015134   0x00000008   Data   RW         9141    .data               ip4_frag.o
    0x100000a0   0x0801513c   0x00000004   Data   RW         9411    .data               sys_arch.o
    0x100000a4   0x08015140   0x00000004   Data   RW        10479    .data               mc_w.l(stdout.o)
    0x100000a8   0x08015144   0x00000004   Data   RW        10514    .data               mc_w.l(rand.o)
    0x100000ac        -       0x00000818   Zero   RW           13    .bss                config.o
    0x100008c4        -       0x00000254   Zero   RW          384    .bss                freertos.o
    0x10000b18        -       0x00000028   Zero   RW          455    .bss                can.o
    0x10000b40        -       0x00000040   Zero   RW         3967    .bss                queue.o
    0x10000b80        -       0x00000480   Zero   RW         7094    .bss                dns.o
    0x10001000        -       0x00000018   Zero   RW         7312    .bss                ip.o
    0x10001018        -       0x00000083   Zero   RW         7421    .bss                memp.o
    0x1000109b        -       0x000000a3   Zero   RW         7425    .bss                memp.o
    0x1000113e        -       0x00000083   Zero   RW         7430    .bss                memp.o
    0x100011c1        -       0x00000043   Zero   RW         7431    .bss                memp.o
    0x10001204        -       0x00000137   Zero   RW         7432    .bss                memp.o
    0x1000133b        -       0x00000103   Zero   RW         7433    .bss                memp.o
    0x1000143e        -       0x00002603   Zero   RW         7434    .bss                memp.o
    0x10003a41   0x08015148   0x00000003   PAD
    0x10003a44        -       0x00000010   Zero   RW         8355    .bss                tcp_in.o
    0x10003a54        -       0x000000f0   Zero   RW         8857    .bss                etharp.o


    Execution Region RW_IRAM1 (Exec base: 0x20000000, Load base: 0x08014ff4, Size: 0x00013b48, Max: 0x00020000, ABSOLUTE, COMPRESSED[0x000000a8])

    Exec Addr    Load Addr    Size         Type   Attr      Idx    E Section Name        Object

    0x20000000   COMPRESSED   0x0000409c   Data   RW           15    .data               config.o
    0x2000409c   COMPRESSED   0x00000010   Data   RW          680    .data               http.o
    0x200040ac   COMPRESSED   0x00000004   Data   RW          739    .data               websocket.o
    0x200040b0   COMPRESSED   0x0000000c   Data   RW         2264    .data               stm32f4xx_hal.o
    0x200040bc   COMPRESSED   0x00000004   Data   RW         3763    .data               system_stm32f4xx.o
    0x200040c0   COMPRESSED   0x0000003c   Data   RW         4322    .data               tasks.o
    0x200040fc   COMPRESSED   0x00000018   Data   RW         4981    .data               heap_4.o
    0x20004114   COMPRESSED   0x0000000c   Data   RW         7096    .data               dns.o
    0x20004120   COMPRESSED   0x00000010   Data   RW         7345    .data               mem.o
    0x20004130   COMPRESSED   0x00000004   Data   RW         7451    .data               memp.o
    0x20004134   COMPRESSED   0x00000004   Data   RW         7453    .data               memp.o
    0x20004138   COMPRESSED   0x00000004   Data   RW         7455    .data               memp.o
    0x2000413c   COMPRESSED   0x00000004   Data   RW         7457    .data               memp.o
    0x20004140   COMPRESSED   0x00000004   Data   RW         7459    .data               memp.o
    0x20004144   COMPRESSED   0x00000004   Data   RW         7461    .data               memp.o
    0x20004148   COMPRESSED   0x00000004   Data   RW         7463    .data               memp.o
    0x2000414c   COMPRESSED   0x00000001   Data   RW         7782    .data               pbuf.o
    0x2000414d   COMPRESSED   0x00000003   PAD
    0x20004150   COMPRESSED   0x00000024   Data   RW         8356    .data               tcp_in.o
    0x20004174   COMPRESSED   0x0000000c   Data   RW         8605    .data               timeouts.o
    0x20004180   COMPRESSED   0x00000008   Data   RW         8698    .data               udp.o
    0x20004188   COMPRESSED   0x00000001   Data   RW         8859    .data               etharp.o
    0x20004189   COMPRESSED   0x00000003   PAD
    0x2000418c   COMPRESSED   0x00000004   Data   RW        10113    .data               platform_util.o
    0x20004190   COMPRESSED   0x00000004   Data   RW        10480    .data               mc_w.l(stderr.o)
    0x20004194   COMPRESSED   0x00000004   Data   RW        10836    .data               mc_w.l(errno.o)
    0x20004198        -       0x00000010   Zero   RW          497    .bss                rng.o
    0x200041a8        -       0x00000040   Zero   RW          639    .bss                stm32f4xx_hal_timebase_tim.o
    0x200041e8        -       0x00000096   Zero   RW          737    .bss                websocket.o
    0x2000427e   COMPRESSED   0x00000002   PAD
    0x20004280        -       0x000030e8   Zero   RW          839    .bss                ethernetif.o
    0x20007368        -       0x00000034   Zero   RW         1002    .bss                lwip.o
    0x2000739c        -       0x000000f0   Zero   RW         4321    .bss                tasks.o
    0x2000748c        -       0x00007800   Zero   RW         4980    .bss                heap_4.o
    0x2000ec8c        -       0x00000653   Zero   RW         7344    .bss                mem.o
    0x2000f2df        -       0x0000030f   Zero   RW         7422    .bss                memp.o
    0x2000f5ee        -       0x000000e3   Zero   RW         7423    .bss                memp.o
    0x2000f6d1        -       0x00000103   Zero   RW         7424    .bss                memp.o
    0x2000f7d4        -       0x0000016b   Zero   RW         7426    .bss                memp.o
    0x2000f93f        -       0x00000043   Zero   RW         7427    .bss                memp.o
    0x2000f982        -       0x00000143   Zero   RW         7428    .bss                memp.o
    0x2000fac5        -       0x00000083   Zero   RW         7429    .bss                memp.o
    0x2000fb48        -       0x00004000   Zero   RW            1    STACK               startup_stm32f407xx.o


==============================================================================

Image component sizes


      Code (inc. data)   RO Data    RW Data    ZI Data      Debug   Object Name

      2790       1428          0          0          0      43624   api_lib.o
      6422       2780          3          0          0      40423   api_msg.o
         0          0          0          0          0       2216   auth.o
       268          6        192          0          0       2052   base64.o
         0          0          0          0          0       6575   bridgeif.o
       196         24          0          0         40       1829   can.o
       968         30          0          0          0      39926   cmsis_os.o
         0          0          0      16540       2072     778552   config.o
         8          0          0          0          0       1170   def.o
       994        288          0         12       1152      11257   dns.o
         0          0          0          0          0       2488   err.o
      2936       1186         65          1        240      13275   etharp.o
       412        154         12          0          0       2858   ethernet.o
      1370        180         34          4      12520      25625   ethernetif.o
         0          0          0          0          0      18892   event_groups.o
       204         52         77          8        596      15027   freertos.o
       144         10          0          0          0       1059   gpio.o
       460         24          0         24      30720       7559   heap_4.o
       774         98        209         16          0      15841   http.o
       776        350          0          0          0       4630   icmp.o
        38          0          0          0          0      10215   init.o
         0          0          0          0         24       3286   ip.o
       918        184          0          2          0       5856   ip4.o
        46          0          4          0          0       8782   ip4_addr.o
      2904       1164          0          8          0      12114   ip4_frag.o
       138          0          0          0          0      12786   list.o
       300         24         36         36         52       3450   lwip.o
       188         14          0          0          0       7428   main.o
         2          0          0          0          0        490   mbedtls.o
      2172       1044          0         16       1619       8425   mem.o
       746        500        224         56      12946      11546   memp.o
       286        180          0          0          0       1998   netbuf.o
      1782        998          0         12          0      16640   netif.o
      4074       2130          0          1          0      22219   pbuf.o
        16          6          0          4          0       1559   platform_util.o
       786         82          0         12          0      12345   port.o
      2486         22          0          0         64      29312   queue.o
        68         14          0          0          0       3571   retarget_io.o
        76         18          0          0         16       1655   rng.o
      5166         36          0          0          0       9192   sha1.o
        36          8        392          0      16384        868   startup_stm32f407xx.o
       116         18          0         12          0       8954   stm32f4xx_hal.o
       816          0          0          0          0      10651   stm32f4xx_hal_can.o
       158         14          0          0          0      33326   stm32f4xx_hal_cortex.o
      2444         76          0          0          0      15479   stm32f4xx_hal_eth.o
       450         46          0          0          0       2500   stm32f4xx_hal_gpio.o
        56          4          0          0          0        934   stm32f4xx_hal_msp.o
      1372         76          0          0          0       6010   stm32f4xx_hal_rcc.o
       166          0          0          0          0       2102   stm32f4xx_hal_rng.o
       656         44          0          0          0       7592   stm32f4xx_hal_tim.o
         4          0          0          0          0       1705   stm32f4xx_hal_tim_ex.o
       116         16          0          0         64       1523   stm32f4xx_hal_timebase_tim.o
        48         18          0          0          0       4511   stm32f4xx_it.o
       484         24         24          4          0      20224   sys_arch.o
        28          6         24          4          0       1259   system_stm32f4xx.o
      2908        226          0         60        240      33509   tasks.o
      8032       4024        201         32          0      44064   tcp.o
      6910       2036          0         36         16      23159   tcp_in.o
      8536       4058         85          0          0      35838   tcp_out.o
      1164        666          0         16          0       8734   tcpip.o
       760        374         32         12          0       7895   timeouts.o
      2662       1398          0          8          0      12758   udp.o
         0          0          0          0          0        392   utils.o
       698        110         96          4        150       7039   websocket.o

    ----------------------------------------------------------------------
     79620      26268       1792      16948      78920    1508773   Object Totals
         0          0         64          0          0          0   (incl. Generated)
        86          0         18          8          5          0   (incl. Padding)

    ----------------------------------------------------------------------

      Code (inc. data)   RO Data    RW Data    ZI Data      Debug   Library Member Name

        86          0          0          0          0          0   __dczerorl2.o
        28          0          0          0          0         68   _chval.o
       158          0          0          0          0         92   _strtoul.o
         8          4        133          0          0         68   ctype_o.o
         0          0          0          0          0          0   entry.o
         0          0          0          0          0          0   entry10a.o
         0          0          0          0          0          0   entry11a.o
         8          4          0          0          0          0   entry2.o
         4          0          0          0          0          0   entry5.o
         0          0          0          0          0          0   entry7b.o
         0          0          0          0          0          0   entry8b.o
         8          4          0          0          0          0   entry9a.o
         8          4          0          4          0         68   errno.o
        30          0          0          0          0          0   handlers.o
        36          8          0          0          0         68   init.o
         0          0          0          0          0          0   iusefp.o
        30          0          0          0          0         68   llshl.o
        36          0          0          0          0         68   llsshr.o
        32          0          0          0          0         68   llushr.o
        26          0          0          0          0         80   memcmp.o
        64          0          0          0          0         76   memmovea.o
        36          0          0          0          0        108   memseta.o
      2308         96          0          0          0        604   printfa.o
        36         10          0          4          0        136   rand.o
         0          0          0          4          0          0   stderr.o
         0          0          0          4          0          0   stdout.o
        24          0          0          0          0         68   strcat.o
        20          0          0          0          0         68   strchr.o
        14          0          0          0          0         68   strlen.o
        40          0          0          0          0         76   strncat.o
        30          0          0          0          0         80   strncmp.o
        24          0          0          0          0         76   strncpy.o
        36          0          0          0          0         80   strstr.o
       112          0          0          0          0         88   strtol.o
        44          0          0          0          0         80   uidiv.o
        98          0          0          0          0         92   uldiv.o
        48          0          0          0          0         68   cdrcmple.o
       334          0          0          0          0        148   dadd.o
       222          0          0          0          0        100   ddiv.o
       186          0          0          0          0        176   depilogue.o
        48          0          0          0          0         68   dfixul.o
       228          0          0          0          0         96   dmul.o

    ----------------------------------------------------------------------
      4456        130        136         16          0       3004   Library Totals
         6          0          3          0          0          0   (incl. Padding)

    ----------------------------------------------------------------------

      Code (inc. data)   RO Data    RW Data    ZI Data      Debug   Library Name

      3384        130        133         16          0       2348   mc_w.l
      1066          0          0          0          0        656   mf_w.l

    ----------------------------------------------------------------------
      4456        130        136         16          0       3004   Library Totals

    ----------------------------------------------------------------------

==============================================================================


      Code (inc. data)   RO Data    RW Data    ZI Data      Debug   

     84076      26398       1928      16964      78920    1464849   Grand Totals
     84076      26398       1928        340      78920    1464849   ELF Image Totals (compressed)
     84076      26398       1928        340          0          0   ROM Totals

==============================================================================

    Total RO  Size (Code + RO Data)                86004 (  83.99kB)
    Total RW  Size (RW Data + ZI Data)             95884 (  93.64kB)
    Total ROM Size (Code + RO Data + RW Data)      86344 (  84.32kB)

==============================================================================

